Component: Arm Compiler for Embedded 6.19 Tool: armlink [5e73cb00]

==============================================================================

Section Cross References

    startup_stm32f427xx.o(STACK) refers (Special) to heapauxi.o(.text) for __use_two_region_memory
    startup_stm32f427xx.o(HEAP) refers (Special) to heapauxi.o(.text) for __use_two_region_memory
    startup_stm32f427xx.o(RESET) refers (Special) to heapauxi.o(.text) for __use_two_region_memory
    startup_stm32f427xx.o(RESET) refers to startup_stm32f427xx.o(STACK) for __initial_sp
    startup_stm32f427xx.o(RESET) refers to startup_stm32f427xx.o(.text) for Reset_Handler
    startup_stm32f427xx.o(RESET) refers to stm32f4xx_it.o(.text.NMI_Handler) for NMI_Handler
    startup_stm32f427xx.o(RESET) refers to stm32f4xx_it.o(.text.HardFault_Handler) for HardFault_Handler
    startup_stm32f427xx.o(RESET) refers to stm32f4xx_it.o(.text.MemManage_Handler) for MemManage_Handler
    startup_stm32f427xx.o(RESET) refers to stm32f4xx_it.o(.text.BusFault_Handler) for BusFault_Handler
    startup_stm32f427xx.o(RESET) refers to stm32f4xx_it.o(.text.UsageFault_Handler) for UsageFault_Handler
    startup_stm32f427xx.o(RESET) refers to stm32f4xx_it.o(.text.SVC_Handler) for SVC_Handler
    startup_stm32f427xx.o(RESET) refers to stm32f4xx_it.o(.text.DebugMon_Handler) for DebugMon_Handler
    startup_stm32f427xx.o(RESET) refers to stm32f4xx_it.o(.text.PendSV_Handler) for PendSV_Handler
    startup_stm32f427xx.o(RESET) refers to stm32f4xx_it.o(.text.SysTick_Handler) for SysTick_Handler
    startup_stm32f427xx.o(RESET) refers to stm32f4xx_it.o(.text.CAN1_TX_IRQHandler) for CAN1_TX_IRQHandler
    startup_stm32f427xx.o(RESET) refers to stm32f4xx_it.o(.text.CAN1_RX0_IRQHandler) for CAN1_RX0_IRQHandler
    startup_stm32f427xx.o(RESET) refers to stm32f4xx_it.o(.text.CAN1_RX1_IRQHandler) for CAN1_RX1_IRQHandler
    startup_stm32f427xx.o(RESET) refers to stm32f4xx_it.o(.text.CAN1_SCE_IRQHandler) for CAN1_SCE_IRQHandler
    startup_stm32f427xx.o(.text) refers (Special) to heapauxi.o(.text) for __use_two_region_memory
    startup_stm32f427xx.o(.text) refers to system_stm32f4xx.o(.text.SystemInit) for SystemInit
    startup_stm32f427xx.o(.text) refers to __main.o(!!!main) for __main
    startup_stm32f427xx.o(.text) refers to startup_stm32f427xx.o(HEAP) for Heap_Mem
    startup_stm32f427xx.o(.text) refers to startup_stm32f427xx.o(STACK) for Stack_Mem
    main.o(.text.main) refers to stm32f4xx_hal.o(.text.HAL_Init) for HAL_Init
    main.o(.text.main) refers to main.o(.text.SystemClock_Config) for SystemClock_Config
    main.o(.text.main) refers to gpio.o(.text.MX_GPIO_Init) for MX_GPIO_Init
    main.o(.text.main) refers to can.o(.text.MX_CAN1_Init) for MX_CAN1_Init
    main.o(.text.main) refers to startup.o(.text.startup) for startup
    main.o(.ARM.exidx.text.main) refers to main.o(.text.main) for [Anonymous Symbol]
    main.o(.text.SystemClock_Config) refers to stm32f4xx_hal_rcc.o(.text.HAL_RCC_OscConfig) for HAL_RCC_OscConfig
    main.o(.text.SystemClock_Config) refers to stm32f4xx_hal_pwr_ex.o(.text.HAL_PWREx_EnableOverDrive) for HAL_PWREx_EnableOverDrive
    main.o(.text.SystemClock_Config) refers to stm32f4xx_hal_rcc.o(.text.HAL_RCC_ClockConfig) for HAL_RCC_ClockConfig
    main.o(.ARM.exidx.text.SystemClock_Config) refers to main.o(.text.SystemClock_Config) for [Anonymous Symbol]
    main.o(.ARM.exidx.text.Error_Handler) refers to main.o(.text.Error_Handler) for [Anonymous Symbol]
    gpio.o(.ARM.exidx.text.MX_GPIO_Init) refers to gpio.o(.text.MX_GPIO_Init) for [Anonymous Symbol]
    can.o(.text.MX_CAN1_Init) refers to can.o(.bss.hcan1) for hcan1
    can.o(.text.MX_CAN1_Init) refers to stm32f4xx_hal_can.o(.text.HAL_CAN_Init) for HAL_CAN_Init
    can.o(.text.MX_CAN1_Init) refers to main.o(.text.Error_Handler) for Error_Handler
    can.o(.ARM.exidx.text.MX_CAN1_Init) refers to can.o(.text.MX_CAN1_Init) for [Anonymous Symbol]
    can.o(.text.HAL_CAN_MspInit) refers to stm32f4xx_hal_gpio.o(.text.HAL_GPIO_Init) for HAL_GPIO_Init
    can.o(.text.HAL_CAN_MspInit) refers to stm32f4xx_hal_cortex.o(.text.HAL_NVIC_SetPriority) for HAL_NVIC_SetPriority
    can.o(.text.HAL_CAN_MspInit) refers to stm32f4xx_hal_cortex.o(.text.HAL_NVIC_EnableIRQ) for HAL_NVIC_EnableIRQ
    can.o(.ARM.exidx.text.HAL_CAN_MspInit) refers to can.o(.text.HAL_CAN_MspInit) for [Anonymous Symbol]
    can.o(.text.HAL_CAN_MspDeInit) refers to stm32f4xx_hal_gpio.o(.text.HAL_GPIO_DeInit) for HAL_GPIO_DeInit
    can.o(.text.HAL_CAN_MspDeInit) refers to stm32f4xx_hal_cortex.o(.text.HAL_NVIC_DisableIRQ) for HAL_NVIC_DisableIRQ
    can.o(.ARM.exidx.text.HAL_CAN_MspDeInit) refers to can.o(.text.HAL_CAN_MspDeInit) for [Anonymous Symbol]
    stm32f4xx_it.o(.ARM.exidx.text.NMI_Handler) refers to stm32f4xx_it.o(.text.NMI_Handler) for [Anonymous Symbol]
    stm32f4xx_it.o(.ARM.exidx.text.HardFault_Handler) refers to stm32f4xx_it.o(.text.HardFault_Handler) for [Anonymous Symbol]
[...]
    !!handler_copy                           0x080001e8   Section       26  __scatter_copy.o(!!handler_copy)
    !!handler_zi                             0x08000204   Section       28  __scatter_zi.o(!!handler_zi)
    .ARM.Collect$$libinit$$00000000          0x08000220   Section        2  libinit.o(.ARM.Collect$$libinit$$00000000)
    .ARM.Collect$$libinit$$00000001          0x08000222   Section        4  libinit2.o(.ARM.Collect$$libinit$$00000001)
    .ARM.Collect$$libinit$$00000004          0x08000226   Section        0  libinit2.o(.ARM.Collect$$libinit$$00000004)
    .ARM.Collect$$libinit$$00000006          0x08000226   Section        0  libinit2.o(.ARM.Collect$$libinit$$00000006)
    .ARM.Collect$$libinit$$00000007          0x08000226   Section        8  libinit2.o(.ARM.Collect$$libinit$$00000007)
    .ARM.Collect$$libinit$$0000000C          0x0800022e   Section        0  libinit2.o(.ARM.Collect$$libinit$$0000000C)
    .ARM.Collect$$libinit$$0000000E          0x0800022e   Section        0  libinit2.o(.ARM.Collect$$libinit$$0000000E)
    .ARM.Collect$$libinit$$00000010          0x0800022e   Section        0  libinit2.o(.ARM.Collect$$libinit$$00000010)
    .ARM.Collect$$libinit$$00000013          0x0800022e   Section        0  libinit2.o(.ARM.Collect$$libinit$$00000013)
    .ARM.Collect$$libinit$$00000015          0x0800022e   Section        0  libinit2.o(.ARM.Collect$$libinit$$00000015)
    .ARM.Collect$$libinit$$00000017          0x0800022e   Section        0  libinit2.o(.ARM.Collect$$libinit$$00000017)
    .ARM.Collect$$libinit$$00000019          0x0800022e   Section        0  libinit2.o(.ARM.Collect$$libinit$$00000019)
    .ARM.Collect$$libinit$$0000001B          0x0800022e   Section        0  libinit2.o(.ARM.Collect$$libinit$$0000001B)
    .ARM.Collect$$libinit$$0000001D          0x0800022e   Section        0  libinit2.o(.ARM.Collect$$libinit$$0000001D)
    .ARM.Collect$$libinit$$0000001F          0x0800022e   Section        0  libinit2.o(.ARM.Collect$$libinit$$0000001F)
    .ARM.Collect$$libinit$$00000021          0x0800022e   Section        0  libinit2.o(.ARM.Collect$$libinit$$00000021)
    .ARM.Collect$$libinit$$00000023          0x0800022e   Section        0  libinit2.o(.ARM.Collect$$libinit$$00000023)
    .ARM.Collect$$libinit$$00000025          0x0800022e   Section        0  libinit2.o(.ARM.Collect$$libinit$$00000025)
    .ARM.Collect$$libinit$$00000027          0x0800022e   Section        0  libinit2.o(.ARM.Collect$$libinit$$00000027)
    .ARM.Collect$$libinit$$0000002E          0x0800022e   Section        0  libinit2.o(.ARM.Collect$$libinit$$0000002E)
    .ARM.Collect$$libinit$$00000030          0x0800022e   Section        0  libinit2.o(.ARM.Collect$$libinit$$00000030)
    .ARM.Collect$$libinit$$00000032          0x0800022e   Section        0  libinit2.o(.ARM.Collect$$libinit$$00000032)
    .ARM.Collect$$libinit$$00000033          0x0800022e   Section        4  libinit2.o(.ARM.Collect$$libinit$$00000033)
    .ARM.Collect$$libinit$$00000034          0x08000232   Section        0  libinit2.o(.ARM.Collect$$libinit$$00000034)
    .ARM.Collect$$libinit$$00000035          0x08000232   Section        2  libinit2.o(.ARM.Collect$$libinit$$00000035)
    .ARM.Collect$$libshutdown$$00000000      0x08000234   Section        2  libshutdown.o(.ARM.Collect$$libshutdown$$00000000)
    .ARM.Collect$$libshutdown$$00000001      0x08000236   Section        6  libshutdown2.o(.ARM.Collect$$libshutdown$$00000001)
    .ARM.Collect$$libshutdown$$00000002      0x0800023c   Section        0  libshutdown2.o(.ARM.Collect$$libshutdown$$00000002)
    .ARM.Collect$$libshutdown$$00000004      0x0800023c   Section        0  libshutdown2.o(.ARM.Collect$$libshutdown$$00000004)
    .ARM.Collect$$libshutdown$$00000007      0x0800023c   Section        0  libshutdown2.o(.ARM.Collect$$libshutdown$$00000007)
    .ARM.Collect$$libshutdown$$0000000A      0x0800023c   Section        0  libshutdown2.o(.ARM.Collect$$libshutdown$$0000000A)
    .ARM.Collect$$libshutdown$$0000000C      0x0800023c   Section        0  libshutdown2.o(.ARM.Collect$$libshutdown$$0000000C)
    .ARM.Collect$$libshutdown$$0000000F      0x0800023c   Section        0  libshutdown2.o(.ARM.Collect$$libshutdown$$0000000F)
    .ARM.Collect$$libshutdown$$00000010      0x0800023c   Section        2  libshutdown2.o(.ARM.Collect$$libshutdown$$00000010)
    .ARM.Collect$$rtentry$$00000000          0x0800023e   Section        0  __rtentry.o(.ARM.Collect$$rtentry$$00000000)
    .ARM.Collect$$rtentry$$00000002          0x0800023e   Section        0  __rtentry2.o(.ARM.Collect$$rtentry$$00000002)
    .ARM.Collect$$rtentry$$00000004          0x0800023e   Section        6  __rtentry4.o(.ARM.Collect$$rtentry$$00000004)
    .ARM.Collect$$rtentry$$00000009          0x08000244   Section        0  __rtentry2.o(.ARM.Collect$$rtentry$$00000009)
    .ARM.Collect$$rtentry$$0000000A          0x08000244   Section        4  __rtentry2.o(.ARM.Collect$$rtentry$$0000000A)
    .ARM.Collect$$rtentry$$0000000C          0x08000248   Section        0  __rtentry2.o(.ARM.Collect$$rtentry$$0000000C)
    .ARM.Collect$$rtentry$$0000000D          0x08000248   Section        8  __rtentry2.o(.ARM.Collect$$rtentry$$0000000D)
    .ARM.Collect$$rtexit$$00000000           0x08000250   Section        2  rtexit.o(.ARM.Collect$$rtexit$$00000000)
    .ARM.Collect$$rtexit$$00000002           0x08000252   Section        0  rtexit2.o(.ARM.Collect$$rtexit$$00000002)
    .ARM.Collect$$rtexit$$00000003           0x08000252   Section        4  rtexit2.o(.ARM.Collect$$rtexit$$00000003)
    .ARM.Collect$$rtexit$$00000004           0x08000256   Section        6  rtexit2.o(.ARM.Collect$$rtexit$$00000004)
    $v0                                      0x0800025c   Number         0  startup_stm32f427xx.o(.text)
    .text                                    0x0800025c   Section       64  startup_stm32f427xx.o(.text)
    .text                                    0x0800029c   Section      240  lludivv7m.o(.text)
    .text                                    0x0800038c   Section        0  abort.o(.text)
    .text                                    0x080003a2   Section        0  cxa_atexit.o(.text)
    .text                                    0x080003ac   Section      122  rt_memmove_w.o(.text)
    .text                                    0x08000426   Section       78  rt_memclr_w.o(.text)
    .text                                    0x08000474   Section        0  heapauxi.o(.text)
    .text                                    0x0800047c   Section        0  init_aeabi.o(.text)
    .text                                    0x080004a0   Section        0  sys_exit.o(.text)
    .text                                    0x080004ac   Section        0  h1_alloc.o(.text)
    .text                                    0x0800050a   Section        0  h1_free.o(.text)
    .text                                    0x08000558   Section        0  aeabi_atexit.o(.text)
    .text                                    0x08000586   Section        0  defsig_abrt_outer.o(.text)
    .text                                    0x08000594   Section      100  rt_memcpy_w.o(.text)
    .text                                    0x080005f8   Section        2  use_no_semi.o(.text)
    .text                                    0x080005fa   Section        0  indicate_semi.o(.text)
    .text                                    0x080005fc   Section        8  rt_heap_descriptor_intlibspace.o(.text)
    .text                                    0x08000604   Section        8  rt_ddtor_pointer_addr_intlibspace.o(.text)
    .text                                    0x0800060c   Section        0  hguard.o(.text)
    .text                                    0x08000610   Section        0  init_alloc.o(.text)
    .text                                    0x0800069a   Section        0  h1_init.o(.text)
    .text                                    0x080006a8   Section        0  cxa_finalize.o(.text)
    .text                                    0x080006ea   Section        0  defsig_exit.o(.text)
    .text                                    0x080006f4   Section        0  defsig_abrt_inner.o(.text)
    .text                                    0x08000724   Section        8  libspace.o(.text)
    .text                                    0x0800072c   Section       74  sys_stackheap_outer.o(.text)
    .text                                    0x08000776   Section        0  maybetermalloc1.o(.text)
    .text                                    0x08000776   Section        0  h1_extend.o(.text)
    .text                                    0x080007aa   Section        0  exit.o(.text)
    .text                                    0x080007bc   Section        0  defsig_general.o(.text)
    .text                                    0x080007ee   Section        0  defsig_rtmem_outer.o(.text)
    .text                                    0x080007fc   Section        0  sys_wrch.o(.text)
    .text                                    0x0800080c   Section        0  defsig_rtmem_inner.o(.text)
    [Anonymous Symbol]                       0x0800085c   Section        0  stm32f4xx_it.o(.text.BusFault_Handler)
    [Anonymous Symbol]                       0x08000860   Section        0  stm32f4xx_it.o(.text.CAN1_RX0_IRQHandler)
    [Anonymous Symbol]                       0x0800086c   Section        0  stm32f4xx_it.o(.text.CAN1_RX1_IRQHandler)
    [Anonymous Symbol]                       0x08000878   Section        0  stm32f4xx_it.o(.text.CAN1_SCE_IRQHandler)
    [Anonymous Symbol]                       0x08000884   Section        0  stm32f4xx_it.o(.text.CAN1_TX_IRQHandler)
    [Anonymous Symbol]                       0x08000890   Section        0  stm32f4xx_it.o(.text.DebugMon_Handler)
    [Anonymous Symbol]                       0x08000894   Section        0  main.o(.text.Error_Handler)
    [Anonymous Symbol]                       0x080008a0   Section        0  stm32f4xx_hal_can.o(.text.HAL_CAN_ActivateNotification)
    [Anonymous Symbol]                       0x080008d0   Section        0  stm32f4xx_hal_can.o(.text.HAL_CAN_AddTxMessage)
    [Anonymous Symbol]                       0x08000990   Section        0  stm32f4xx_hal_can.o(.text.HAL_CAN_ConfigFilter)
    [Anonymous Symbol]                       0x08000a70   Section        0  stm32f4xx_hal_can.o(.text.HAL_CAN_ErrorCallback)
    [Anonymous Symbol]                       0x08000a74   Section        0  stm32f4xx_hal_can.o(.text.HAL_CAN_GetRxMessage)
    [Anonymous Symbol]                       0x08000b94   Section        0  stm32f4xx_hal_can.o(.text.HAL_CAN_IRQHandler)
    [Anonymous Symbol]                       0x08000df4   Section        0  stm32f4xx_hal_can.o(.text.HAL_CAN_Init)
    [Anonymous Symbol]                       0x08000ee8   Section        0  can.o(.text.HAL_CAN_MspInit)
    [Anonymous Symbol]                       0x08000f90   Section        0  stm32f4xx_hal_can.o(.text.HAL_CAN_RxFifo0FullCallback)
    [Anonymous Symbol]                       0x08000f94   Section        0  can_task.o(.text.HAL_CAN_RxFifo0MsgPendingCallback)
    [Anonymous Symbol]                       0x08000fd0   Section        0  stm32f4xx_hal_can.o(.text.HAL_CAN_RxFifo1FullCallback)
    [Anonymous Symbol]                       0x08000fd4   Section        0  stm32f4xx_hal_can.o(.text.HAL_CAN_RxFifo1MsgPendingCallback)
    [Anonymous Symbol]                       0x08000fd8   Section        0  stm32f4xx_hal_can.o(.text.HAL_CAN_SleepCallback)
    [Anonymous Symbol]                       0x08000fdc   Section        0  stm32f4xx_hal_can.o(.text.HAL_CAN_Start)
    [Anonymous Symbol]                       0x08001038   Section        0  stm32f4xx_hal_can.o(.text.HAL_CAN_TxMailbox0AbortCallback)
    [Anonymous Symbol]                       0x0800103c   Section        0  stm32f4xx_hal_can.o(.text.HAL_CAN_TxMailbox0CompleteCallback)
    [Anonymous Symbol]                       0x08001040   Section        0  stm32f4xx_hal_can.o(.text.HAL_CAN_TxMailbox1AbortCallback)
    [Anonymous Symbol]                       0x08001044   Section        0  stm32f4xx_hal_can.o(.text.HAL_CAN_TxMailbox1CompleteCallback)
    [Anonymous Symbol]                       0x08001048   Section        0  stm32f4xx_hal_can.o(.text.HAL_CAN_TxMailbox2AbortCallback)
    [Anonymous Symbol]                       0x0800104c   Section        0  stm32f4xx_hal_can.o(.text.HAL_CAN_TxMailbox2CompleteCallback)
    [Anonymous Symbol]                       0x08001050   Section        0  stm32f4xx_hal_can.o(.text.HAL_CAN_WakeUpFromRxMsgCallback)
    [Anonymous Symbol]                       0x08001054   Section        0  stm32f4xx_hal.o(.text.HAL_Delay)
    [Anonymous Symbol]                       0x0800107c   Section        0  stm32f4xx_hal_gpio.o(.text.HAL_GPIO_Init)
    [Anonymous Symbol]                       0x08001224   Section        0  stm32f4xx_hal.o(.text.HAL_GetTick)
    [Anonymous Symbol]                       0x08001230   Section        0  stm32f4xx_hal.o(.text.HAL_IncTick)
    [Anonymous Symbol]                       0x0800124c   Section        0  stm32f4xx_hal.o(.text.HAL_Init)
    [Anonymous Symbol]                       0x08001284   Section        0  stm32f4xx_hal.o(.text.HAL_InitTick)
    [Anonymous Symbol]                       0x080012cc   Section        0  stm32f4xx_hal_msp.o(.text.HAL_MspInit)
    [Anonymous Symbol]                       0x08001304   Section        0  stm32f4xx_hal_cortex.o(.text.HAL_NVIC_EnableIRQ)
    [Anonymous Symbol]                       0x0800132c   Section        0  stm32f4xx_hal_cortex.o(.text.HAL_NVIC_SetPriority)
    [Anonymous Symbol]                       0x08001384   Section        0  stm32f4xx_hal_cortex.o(.text.HAL_NVIC_SetPriorityGrouping)
    [Anonymous Symbol]                       0x080013a4   Section        0  stm32f4xx_hal_pwr_ex.o(.text.HAL_PWREx_EnableOverDrive)
    [Anonymous Symbol]                       0x08001420   Section        0  stm32f4xx_hal_rcc.o(.text.HAL_RCC_ClockConfig)
    [Anonymous Symbol]                       0x08001580   Section        0  stm32f4xx_hal_rcc.o(.text.HAL_RCC_GetSysClockFreq)
    [Anonymous Symbol]                       0x080015ec   Section        0  stm32f4xx_hal_rcc.o(.text.HAL_RCC_OscConfig)
    [Anonymous Symbol]                       0x08001960   Section        0  stm32f4xx_hal_cortex.o(.text.HAL_SYSTICK_Config)
    [Anonymous Symbol]                       0x0800198c   Section        0  stm32f4xx_it.o(.text.HardFault_Handler)
    [Anonymous Symbol]                       0x08001990   Section        0  can.o(.text.MX_CAN1_Init)
    [Anonymous Symbol]                       0x080019d8   Section        0  gpio.o(.text.MX_GPIO_Init)
    [Anonymous Symbol]                       0x08001a24   Section        0  stm32f4xx_it.o(.text.MemManage_Handler)
    [Anonymous Symbol]                       0x08001a28   Section        0  stm32f4xx_it.o(.text.NMI_Handler)
    [Anonymous Symbol]                       0x08001a2c   Section        0  stm32f4xx_it.o(.text.PendSV_Handler)
    [Anonymous Symbol]                       0x08001a30   Section        0  stm32f4xx_it.o(.text.SVC_Handler)
    [Anonymous Symbol]                       0x08001a34   Section        0  stm32f4xx_it.o(.text.SysTick_Handler)
    [Anonymous Symbol]                       0x08001a38   Section        0  main.o(.text.SystemClock_Config)
    [Anonymous Symbol]                       0x08001afc   Section        0  system_stm32f4xx.o(.text.SystemInit)
    [Anonymous Symbol]                       0x08001b10   Section        0  stm32f4xx_it.o(.text.UsageFault_Handler)
    _GLOBAL__sub_I_M3508_Motor.cpp           0x08001b15   Thumb Code    74  m3508_motor.o(.text._GLOBAL__sub_I_M3508_Motor.cpp)
    [Anonymous Symbol]                       0x08001b14   Section        0  m3508_motor.o(.text._GLOBAL__sub_I_M3508_Motor.cpp)
    _GLOBAL__sub_I_can_task.cpp              0x08001b61   Thumb Code    14  can_task.o(.text._GLOBAL__sub_I_can_task.cpp)
    [Anonymous Symbol]                       0x08001b60   Section        0  can_task.o(.text._GLOBAL__sub_I_can_task.cpp)
    [Anonymous Symbol]                       0x08001b70   Section        0  can_task.o(.text._Z11canTaskInitv)
    [Anonymous Symbol]                       0x08001ba8   Section        0  can_task.o(.text._Z15SetMotorCurrentf)
    [Anonymous Symbol]                       0x08001c50   Section        0  m3508_motor.o(.text._Z22linearMappingFloat2Intfffii)
    [Anonymous Symbol]                       0x08001c80   Section        0  m3508_motor.o(.text._ZN11M3508_Motor19canRxMsgCallback_v2EPh)
    [Anonymous Symbol]                       0x08001de0   Section        0  m3508_motor.o(.text._ZN11M3508_MotorC2Ev)
    [Anonymous Symbol]                       0x08001df8   Section        0  filter.o(.text._ZN19FilterMovingAverage4pushEf)
    [Anonymous Symbol]                       0x08001eb8   Section        0  filter.o(.text._ZN19FilterMovingAverage9getResultEv)
    [Anonymous Symbol]                       0x08001edc   Section        0  filter.o(.text._ZN19FilterMovingAverageC2Ej)
    [Anonymous Symbol]                       0x08001ef0   Section        0  m3508_motor.o(.text._ZN19FilterMovingAverageD2Ev)
    [Anonymous Symbol]                       0x08001ef4   Section        0  pid.o(.text._ZN3PID7computeEfff)
    [Anonymous Symbol]                       0x08001fa8   Section        0  pid.o(.text._ZN3PIDC2EP14PIDInitializer)
    [Anonymous Symbol]                       0x08001fc8   Section        0  filter.o(.text._ZNSt3__214__split_bufferIPfNS_9allocatorIS1_EEE10push_frontEOS1_)
    [Anonymous Symbol]                       0x080020e8   Section        0  filter.o(.text._ZNSt3__214__split_bufferIPfNS_9allocatorIS1_EEE9push_backEOS1_)
    [Anonymous Symbol]                       0x08002204   Section        0  filter.o(.text._ZNSt3__214__split_bufferIPfRNS_9allocatorIS1_EEE10push_frontERKS1_)
    [Anonymous Symbol]                       0x08002324   Section        0  filter.o(.text._ZNSt3__25dequeIfNS_9allocatorIfEEE19__add_back_capacityEv)
    [Anonymous Symbol]                       0x08002690   Section        0  m3508_motor.o(.text._ZNSt3__25dequeIfNS_9allocatorIfEEED2B6v16000Ev)
    [Anonymous Symbol]                       0x08002702   Section        0  cxa_handlers.cpp.o(.text._ZSt15get_new_handlerv)
    [Anonymous Symbol]                       0x08002710   Section        0  filter.o(.text._ZSt28__throw_bad_array_new_lengthB6v16000v)
    [Anonymous Symbol]                       0x08002714   Section        0  new.cpp.o(.text._ZdlPv)
    [Anonymous Symbol]                       0x08002718   Section        0  new.cpp.o(.text._ZdlPvj)
    [Anonymous Symbol]                       0x0800271c   Section        0  new.cpp.o(.text._Znwj)
    [Anonymous Symbol]                       0x08002744   Section        0  main.o(.text.main)
    [Anonymous Symbol]                       0x0800275c   Section        0  startup.o(.text.startup)
    $v0                                      0x0800276a   Number         0  dcmpi.o(x$fpl$dcmpinf)
    x$fpl$dcmpinf                            0x0800276a   Section       24  dcmpi.o(x$fpl$dcmpinf)
    $v0                                      0x08002784   Number         0  deqf.o(x$fpl$deqf)
    x$fpl$deqf                               0x08002784   Section      120  deqf.o(x$fpl$deqf)
    $v0                                      0x080027fc   Number         0  dgeqf.o(x$fpl$dgeqf)
    x$fpl$dgeqf                              0x080027fc   Section      120  dgeqf.o(x$fpl$dgeqf)
    $v0                                      0x08002874   Number         0  dleqf.o(x$fpl$dleqf)
    x$fpl$dleqf                              0x08002874   Section      120  dleqf.o(x$fpl$dleqf)
    $v0                                      0x080028ec   Number         0  dnaninf.o(x$fpl$dnaninf)
    x$fpl$dnaninf                            0x080028ec   Section      156  dnaninf.o(x$fpl$dnaninf)
    $v0                                      0x08002988   Number         0  dretinf.o(x$fpl$dretinf)
    x$fpl$dretinf                            0x08002988   Section       12  dretinf.o(x$fpl$dretinf)
    $v0                                      0x08002994   Number         0  f2d.o(x$fpl$f2d)
    x$fpl$f2d                                0x08002994   Section       86  f2d.o(x$fpl$f2d)
    $v0                                      0x080029ea   Number         0  dcmp.o(x$fpl$fcmp)
    x$fpl$fcmp                               0x080029ea   Section       84  dcmp.o(x$fpl$fcmp)
    $v0                                      0x08002a3e   Number         0  fnaninf.o(x$fpl$fnaninf)
    x$fpl$fnaninf                            0x08002a3e   Section      140  fnaninf.o(x$fpl$fnaninf)
    $v0                                      0x08002aca   Number         0  fpinit.o(x$fpl$fpinit)
    x$fpl$fpinit                             0x08002aca   Section       26  fpinit.o(x$fpl$fpinit)
    x$fpl$usenofp                            0x08002ae4   Section        0  usenofp.o(x$fpl$usenofp)
    .init_array                              0x08002b1c   Section        0  init_aeabi.o(.init_array)
    .L_MergedGlobals                         0x20000000   Data          48  m3508_motor.o(.data..L_MergedGlobals)
    [Anonymous Symbol]                       0x20000000   Section        0  m3508_motor.o(.data..L_MergedGlobals)
    .L_MergedGlobals                         0x20000030   Data           8  stm32f4xx_hal.o(.data..L_MergedGlobals)
    [Anonymous Symbol]                       0x20000030   Section        0  stm32f4xx_hal.o(.data..L_MergedGlobals)
    .bss                                     0x20000058   Section       96  libspace.o(.bss)
    .L_MergedGlobals                         0x200000b8   Data         100  can_task.o(.bss..L_MergedGlobals)
    [Anonymous Symbol]                       0x200000b8   Section        0  can_task.o(.bss..L_MergedGlobals)
    .L_MergedGlobals.3                       0x2000011c   Data          96  m3508_motor.o(.bss..L_MergedGlobals.3)
    [Anonymous Symbol]                       0x2000011c   Section        0  m3508_motor.o(.bss..L_MergedGlobals.3)
    Heap_Mem                                 0x200001b0   Data         512  startup_stm32f427xx.o(HEAP)
    HEAP                                     0x200001b0   Section      512  startup_stm32f427xx.o(HEAP)
    Stack_Mem                                0x200003b0   Data        1024  startup_stm32f427xx.o(STACK)
    STACK                                    0x200003b0   Section     1024  startup_stm32f427xx.o(STACK)
    __initial_sp                             0x200007b0   Data           0  startup_stm32f427xx.o(STACK)

    Global Symbols

    Symbol Name                              Value     Ov Type        Size  Object(Section)

    BuildAttributes$$THM_ISAv4$E$P$D$K$B$S$7EM$VFPi3$EXTD16$VFPS$VFMA$PE$A:L22UL41UL21$X:L11$S22US41US21$IEEE1$IW$~IW$USESV6$~STKCKD$USESV7$~SHL$OTIME$ROPI$EBA8$UX$STANDARDLIB$REQ8$PRES8$EABIv2 0x00000000   Number         0  anon$$obj.o ABSOLUTE
    __ARM_exceptions_init                     - Undefined Weak Reference
    __alloca_initialize                       - Undefined Weak Reference
    __arm_preinit_                            - Undefined Weak Reference
    __arm_relocate_pie_                       - Undefined Weak Reference
    __rt_locale                               - Undefined Weak Reference
    __sigvec_lookup                           - Undefined Weak Reference
    __user_heap_extent                        - Undefined Weak Reference
    _atexit_init                              - Undefined Weak Reference
    _call_atexit_fns                          - Undefined Weak Reference
    _clock_init                               - Undefined Weak Reference
    _fp_trap_init                             - Undefined Weak Reference
    _fp_trap_shutdown                         - Undefined Weak Reference
    _get_lc_collate                           - Undefined Weak Reference
    _get_lc_ctype                             - Undefined Weak Reference
    _get_lc_monetary                          - Undefined Weak Reference
    _get_lc_numeric                           - Undefined Weak Reference
    _get_lc_time                              - Undefined Weak Reference
    _getenv_init                              - Undefined Weak Reference
    _handle_redirection                       - Undefined Weak Reference
    _initio                                   - Undefined Weak Reference
    _mutex_acquire                            - Undefined Weak Reference
    _mutex_free                               - Undefined Weak Reference
    _mutex_release                            - Undefined Weak Reference
    _rand_init                                - Undefined Weak Reference
    _signal_finish                            - Undefined Weak Reference
    _signal_init                              - Undefined Weak Reference
    _terminateio                              - Undefined Weak Reference
    __Vectors_Size                           0x000001ac   Number         0  startup_stm32f427xx.o ABSOLUTE
    __Vectors                                0x08000000   Data           4  startup_stm32f427xx.o(RESET)
    __dso_handle                             0x08000000   Number         0  startup_stm32f427xx.o(RESET)
    __Vectors_End                            0x080001ac   Data           0  startup_stm32f427xx.o(RESET)
    __main                                   0x080001ad   Thumb Code     8  __main.o(!!!main)
    __scatterload                            0x080001b5   Thumb Code     0  __scatter.o(!!!scatter)
    __scatterload_rt2                        0x080001b5   Thumb Code    44  __scatter.o(!!!scatter)
    __scatterload_rt2_thumb_only             0x080001b5   Thumb Code     0  __scatter.o(!!!scatter)
    __scatterload_null                       0x080001c3   Thumb Code     0  __scatter.o(!!!scatter)
    __scatterload_copy                       0x080001e9   Thumb Code    26  __scatter_copy.o(!!handler_copy)
    __scatterload_zeroinit                   0x08000205   Thumb Code    28  __scatter_zi.o(!!handler_zi)
    __rt_lib_init                            0x08000221   Thumb Code     0  libinit.o(.ARM.Collect$$libinit$$00000000)
    __rt_lib_init_fp_1                       0x08000223   Thumb Code     0  libinit2.o(.ARM.Collect$$libinit$$00000001)
    __rt_lib_init_heap_2                     0x08000227   Thumb Code     0  libinit2.o(.ARM.Collect$$libinit$$00000007)
    __rt_lib_init_preinit_1                  0x08000227   Thumb Code     0  libinit2.o(.ARM.Collect$$libinit$$00000006)
    __rt_lib_init_relocate_pie_1             0x08000227   Thumb Code     0  libinit2.o(.ARM.Collect$$libinit$$00000004)
    __rt_lib_init_alloca_1                   0x0800022f   Thumb Code     0  libinit2.o(.ARM.Collect$$libinit$$00000030)
    __rt_lib_init_argv_1                     0x0800022f   Thumb Code     0  libinit2.o(.ARM.Collect$$libinit$$0000002E)
    __rt_lib_init_atexit_1                   0x0800022f   Thumb Code     0  libinit2.o(.ARM.Collect$$libinit$$0000001D)
    __rt_lib_init_clock_1                    0x0800022f   Thumb Code     0  libinit2.o(.ARM.Collect$$libinit$$00000023)
    __rt_lib_init_cpp_2                      0x0800022f   Thumb Code     0  libinit2.o(.ARM.Collect$$libinit$$00000033)
    __rt_lib_init_exceptions_1               0x0800022f   Thumb Code     0  libinit2.o(.ARM.Collect$$libinit$$00000032)
    __rt_lib_init_fp_trap_1                  0x0800022f   Thumb Code     0  libinit2.o(.ARM.Collect$$libinit$$00000021)
    __rt_lib_init_getenv_1                   0x0800022f   Thumb Code     0  libinit2.o(.ARM.Collect$$libinit$$00000025)
    __rt_lib_init_heap_1                     0x0800022f   Thumb Code     0  libinit2.o(.ARM.Collect$$libinit$$0000000C)
    __rt_lib_init_lc_collate_1               0x0800022f   Thumb Code     0  libinit2.o(.ARM.Collect$$libinit$$00000013)
    __rt_lib_init_lc_ctype_1                 0x0800022f   Thumb Code     0  libinit2.o(.ARM.Collect$$libinit$$00000015)
    __rt_lib_init_lc_monetary_1              0x0800022f   Thumb Code     0  libinit2.o(.ARM.Collect$$libinit$$00000017)
    __rt_lib_init_lc_numeric_1               0x0800022f   Thumb Code     0  libinit2.o(.ARM.Collect$$libinit$$00000019)
    __rt_lib_init_lc_time_1                  0x0800022f   Thumb Code     0  libinit2.o(.ARM.Collect$$libinit$$0000001B)
    __rt_lib_init_rand_1                     0x0800022f   Thumb Code     0  libinit2.o(.ARM.Collect$$libinit$$00000010)
    __rt_lib_init_signal_1                   0x0800022f   Thumb Code     0  libinit2.o(.ARM.Collect$$libinit$$0000001F)
    __rt_lib_init_stdio_1                    0x0800022f   Thumb Code     0  libinit2.o(.ARM.Collect$$libinit$$00000027)
    __rt_lib_init_user_alloc_1               0x0800022f   Thumb Code     0  libinit2.o(.ARM.Collect$$libinit$$0000000E)
    __rt_lib_init_cpp_1                      0x08000233   Thumb Code     0  libinit2.o(.ARM.Collect$$libinit$$00000034)
    __rt_lib_init_return                     0x08000233   Thumb Code     0  libinit2.o(.ARM.Collect$$libinit$$00000035)
    __rt_lib_shutdown                        0x08000235   Thumb Code     0  libshutdown.o(.ARM.Collect$$libshutdown$$00000000)
    __rt_lib_shutdown_cpp_2                  0x08000237   Thumb Code     0  libshutdown2.o(.ARM.Collect$$libshutdown$$00000001)
    __rt_lib_shutdown_cpp_1                  0x0800023d   Thumb Code     0  libshutdown2.o(.ARM.Collect$$libshutdown$$00000002)
    __rt_lib_shutdown_fp_trap_1              0x0800023d   Thumb Code     0  libshutdown2.o(.ARM.Collect$$libshutdown$$00000007)
    __rt_lib_shutdown_heap_1                 0x0800023d   Thumb Code     0  libshutdown2.o(.ARM.Collect$$libshutdown$$0000000F)
    __rt_lib_shutdown_return                 0x0800023d   Thumb Code     0  libshutdown2.o(.ARM.Collect$$libshutdown$$00000010)
    __rt_lib_shutdown_signal_1               0x0800023d   Thumb Code     0  libshutdown2.o(.ARM.Collect$$libshutdown$$0000000A)
    __rt_lib_shutdown_stdio_1                0x0800023d   Thumb Code     0  libshutdown2.o(.ARM.Collect$$libshutdown$$00000004)
    __rt_lib_shutdown_user_alloc_1           0x0800023d   Thumb Code     0  libshutdown2.o(.ARM.Collect$$libshutdown$$0000000C)
    __rt_entry                               0x0800023f   Thumb Code     0  __rtentry.o(.ARM.Collect$$rtentry$$00000000)
    __rt_entry_presh_1                       0x0800023f   Thumb Code     0  __rtentry2.o(.ARM.Collect$$rtentry$$00000002)
    __rt_entry_sh                            0x0800023f   Thumb Code     0  __rtentry4.o(.ARM.Collect$$rtentry$$00000004)
    __rt_entry_li                            0x08000245   Thumb Code     0  __rtentry2.o(.ARM.Collect$$rtentry$$0000000A)
    __rt_entry_postsh_1                      0x08000245   Thumb Code     0  __rtentry2.o(.ARM.Collect$$rtentry$$00000009)
    __rt_entry_main                          0x08000249   Thumb Code     0  __rtentry2.o(.ARM.Collect$$rtentry$$0000000D)
    __rt_entry_postli_1                      0x08000249   Thumb Code     0  __rtentry2.o(.ARM.Collect$$rtentry$$0000000C)
    __rt_exit                                0x08000251   Thumb Code     0  rtexit.o(.ARM.Collect$$rtexit$$00000000)
    __rt_exit_ls                             0x08000253   Thumb Code     0  rtexit2.o(.ARM.Collect$$rtexit$$00000003)
    __rt_exit_prels_1                        0x08000253   Thumb Code     0  rtexit2.o(.ARM.Collect$$rtexit$$00000002)
    __rt_exit_exit                           0x08000257   Thumb Code     0  rtexit2.o(.ARM.Collect$$rtexit$$00000004)
    Reset_Handler                            0x0800025d   Thumb Code     8  startup_stm32f427xx.o(.text)
    ADC_IRQHandler                           0x08000277   Thumb Code     0  startup_stm32f427xx.o(.text)
    CAN2_RX0_IRQHandler                      0x08000277   Thumb Code     0  startup_stm32f427xx.o(.text)
    CAN2_RX1_IRQHandler                      0x08000277   Thumb Code     0  startup_stm32f427xx.o(.text)
    CAN2_SCE_IRQHandler                      0x08000277   Thumb Code     0  startup_stm32f427xx.o(.text)
    CAN2_TX_IRQHandler                       0x08000277   Thumb Code     0  startup_stm32f427xx.o(.text)
    DCMI_IRQHandler                          0x08000277   Thumb Code     0  startup_stm32f427xx.o(.text)
    DMA1_Stream0_IRQHandler                  0x08000277   Thumb Code     0  startup_stm32f427xx.o(.text)
    DMA1_Stream1_IRQHandler                  0x08000277   Thumb Code     0  startup_stm32f427xx.o(.text)
    DMA1_Stream2_IRQHandler                  0x08000277   Thumb Code     0  startup_stm32f427xx.o(.text)
    DMA1_Stream3_IRQHandler                  0x08000277   Thumb Code     0  startup_stm32f427xx.o(.text)
    DMA1_Stream4_IRQHandler                  0x08000277   Thumb Code     0  startup_stm32f427xx.o(.text)
    DMA1_Stream5_IRQHandler                  0x08000277   Thumb Code     0  startup_stm32f427xx.o(.text)
    DMA1_Stream6_IRQHandler                  0x08000277   Thumb Code     0  startup_stm32f427xx.o(.text)
    DMA1_Stream7_IRQHandler                  0x08000277   Thumb Code     0  startup_stm32f427xx.o(.text)
    DMA2D_IRQHandler                         0x08000277   Thumb Code     0  startup_stm32f427xx.o(.text)
    DMA2_Stream0_IRQHandler                  0x08000277   Thumb Code     0  startup_stm32f427xx.o(.text)
    DMA2_Stream1_IRQHandler                  0x08000277   Thumb Code     0  startup_stm32f427xx.o(.text)
    DMA2_Stream2_IRQHandler                  0x08000277   Thumb Code     0  startup_stm32f427xx.o(.text)
    DMA2_Stream3_IRQHandler                  0x08000277   Thumb Code     0  startup_stm32f427xx.o(.text)
    DMA2_Stream4_IRQHandler                  0x08000277   Thumb Code     0  startup_stm32f427xx.o(.text)
    DMA2_Stream5_IRQHandler                  0x08000277   Thumb Code     0  startup_stm32f427xx.o(.text)
    DMA2_Stream6_IRQHandler                  0x08000277   Thumb Code     0  startup_stm32f427xx.o(.text)
    DMA2_Stream7_IRQHandler                  0x08000277   Thumb Code     0  startup_stm32f427xx.o(.text)
    ETH_IRQHandler                           0x08000277   Thumb Code     0  startup_stm32f427xx.o(.text)
    ETH_WKUP_IRQHandler                      0x08000277   Thumb Code     0  startup_stm32f427xx.o(.text)
    EXTI0_IRQHandler                         0x08000277   Thumb Code     0  startup_stm32f427xx.o(.text)
    EXTI15_10_IRQHandler                     0x08000277   Thumb Code     0  startup_stm32f427xx.o(.text)
    EXTI1_IRQHandler                         0x08000277   Thumb Code     0  startup_stm32f427xx.o(.text)
    EXTI2_IRQHandler                         0x08000277   Thumb Code     0  startup_stm32f427xx.o(.text)
    EXTI3_IRQHandler                         0x08000277   Thumb Code     0  startup_stm32f427xx.o(.text)
    EXTI4_IRQHandler                         0x08000277   Thumb Code     0  startup_stm32f427xx.o(.text)
    EXTI9_5_IRQHandler                       0x08000277   Thumb Code     0  startup_stm32f427xx.o(.text)
    FLASH_IRQHandler                         0x08000277   Thumb Code     0  startup_stm32f427xx.o(.text)
    FMC_IRQHandler                           0x08000277   Thumb Code     0  startup_stm32f427xx.o(.text)
    FPU_IRQHandler                           0x08000277   Thumb Code     0  startup_stm32f427xx.o(.text)
    HASH_RNG_IRQHandler                      0x08000277   Thumb Code     0  startup_stm32f427xx.o(.text)
    I2C1_ER_IRQHandler                       0x08000277   Thumb Code     0  startup_stm32f427xx.o(.text)
    I2C1_EV_IRQHandler                       0x08000277   Thumb Code     0  startup_stm32f427xx.o(.text)
    I2C2_ER_IRQHandler                       0x08000277   Thumb Code     0  startup_stm32f427xx.o(.text)
    I2C2_EV_IRQHandler                       0x08000277   Thumb Code     0  startup_stm32f427xx.o(.text)
    I2C3_ER_IRQHandler                       0x08000277   Thumb Code     0  startup_stm32f427xx.o(.text)
    I2C3_EV_IRQHandler                       0x08000277   Thumb Code     0  startup_stm32f427xx.o(.text)
    OTG_FS_IRQHandler                        0x08000277   Thumb Code     0  startup_stm32f427xx.o(.text)
    OTG_FS_WKUP_IRQHandler                   0x08000277   Thumb Code     0  startup_stm32f427xx.o(.text)
    OTG_HS_EP1_IN_IRQHandler                 0x08000277   Thumb Code     0  startup_stm32f427xx.o(.text)
    OTG_HS_EP1_OUT_IRQHandler                0x08000277   Thumb Code     0  startup_stm32f427xx.o(.text)
    OTG_HS_IRQHandler                        0x08000277   Thumb Code     0  startup_stm32f427xx.o(.text)
    OTG_HS_WKUP_IRQHandler                   0x08000277   Thumb Code     0  startup_stm32f427xx.o(.text)
    PVD_IRQHandler                           0x08000277   Thumb Code     0  startup_stm32f427xx.o(.text)
    RCC_IRQHandler                           0x08000277   Thumb Code     0  startup_stm32f427xx.o(.text)
    RTC_Alarm_IRQHandler                     0x08000277   Thumb Code     0  startup_stm32f427xx.o(.text)
    RTC_WKUP_IRQHandler                      0x08000277   Thumb Code     0  startup_stm32f427xx.o(.text)
    SAI1_IRQHandler                          0x08000277   Thumb Code     0  startup_stm32f427xx.o(.text)
    SDIO_IRQHandler                          0x08000277   Thumb Code     0  startup_stm32f427xx.o(.text)
    SPI1_IRQHandler                          0x08000277   Thumb Code     0  startup_stm32f427xx.o(.text)
    SPI2_IRQHandler                          0x08000277   Thumb Code     0  startup_stm32f427xx.o(.text)
    SPI3_IRQHandler                          0x08000277   Thumb Code     0  startup_stm32f427xx.o(.text)
    SPI4_IRQHandler                          0x08000277   Thumb Code     0  startup_stm32f427xx.o(.text)
    SPI5_IRQHandler                          0x08000277   Thumb Code     0  startup_stm32f427xx.o(.text)
    SPI6_IRQHandler                          0x08000277   Thumb Code     0  startup_stm32f427xx.o(.text)
    TAMP_STAMP_IRQHandler                    0x08000277   Thumb Code     0  startup_stm32f427xx.o(.text)
    TIM1_BRK_TIM9_IRQHandler                 0x08000277   Thumb Code     0  startup_stm32f427xx.o(.text)
    TIM1_CC_IRQHandler                       0x08000277   Thumb Code     0  startup_stm32f427xx.o(.text)
    TIM1_TRG_COM_TIM11_IRQHandler            0x08000277   Thumb Code     0  startup_stm32f427xx.o(.text)
    TIM1_UP_TIM10_IRQHandler                 0x08000277   Thumb Code     0  startup_stm32f427xx.o(.text)
    TIM2_IRQHandler                          0x08000277   Thumb Code     0  startup_stm32f427xx.o(.text)
    TIM3_IRQHandler                          0x08000277   Thumb Code     0  startup_stm32f427xx.o(.text)
    TIM4_IRQHandler                          0x08000277   Thumb Code     0  startup_stm32f427xx.o(.text)
    TIM5_IRQHandler                          0x08000277   Thumb Code     0  startup_stm32f427xx.o(.text)
    TIM6_DAC_IRQHandler                      0x08000277   Thumb Code     0  startup_stm32f427xx.o(.text)
    TIM7_IRQHandler                          0x08000277   Thumb Code     0  startup_stm32f427xx.o(.text)
    TIM8_BRK_TIM12_IRQHandler                0x08000277   Thumb Code     0  startup_stm32f427xx.o(.text)
    TIM8_CC_IRQHandler                       0x08000277   Thumb Code     0  startup_stm32f427xx.o(.text)
    TIM8_TRG_COM_TIM14_IRQHandler            0x08000277   Thumb Code     0  startup_stm32f427xx.o(.text)
    TIM8_UP_TIM13_IRQHandler                 0x08000277   Thumb Code     0  startup_stm32f427xx.o(.text)
    UART4_IRQHandler                         0x08000277   Thumb Code     0  startup_stm32f427xx.o(.text)
    UART5_IRQHandler                         0x08000277   Thumb Code     0  startup_stm32f427xx.o(.text)
    UART7_IRQHandler                         0x08000277   Thumb Code     0  startup_stm32f427xx.o(.text)
    UART8_IRQHandler                         0x08000277   Thumb Code     0  startup_stm32f427xx.o(.text)
    USART1_IRQHandler                        0x08000277   Thumb Code     0  startup_stm32f427xx.o(.text)
    USART2_IRQHandler                        0x08000277   Thumb Code     0  startup_stm32f427xx.o(.text)
    USART3_IRQHandler                        0x08000277   Thumb Code     0  startup_stm32f427xx.o(.text)
    USART6_IRQHandler                        0x08000277   Thumb Code     0  startup_stm32f427xx.o(.text)
    WWDG_IRQHandler                          0x08000277   Thumb Code     0  startup_stm32f427xx.o(.text)
    __user_initial_stackheap                 0x08000279   Thumb Code     0  startup_stm32f427xx.o(.text)
    __aeabi_uldivmod                         0x0800029d   Thumb Code     0  lludivv7m.o(.text)
    _ll_udiv                                 0x0800029d   Thumb Code   240  lludivv7m.o(.text)
    abort                                    0x0800038d   Thumb Code    22  abort.o(.text)
    __cxa_atexit                             0x080003a3   Thumb Code    10  cxa_atexit.o(.text)
    __aeabi_memmove4                         0x080003ad   Thumb Code     0  rt_memmove_w.o(.text)
    __aeabi_memmove8                         0x080003ad   Thumb Code     0  rt_memmove_w.o(.text)
    __rt_memmove_w                           0x080003ad   Thumb Code   122  rt_memmove_w.o(.text)
    __memmove_aligned                        0x080003d3   Thumb Code     0  rt_memmove_w.o(.text)
    __memmove_lastfew_aligned                0x0800040b   Thumb Code     0  rt_memmove_w.o(.text)
    __aeabi_memclr4                          0x08000427   Thumb Code     0  rt_memclr_w.o(.text)
    __aeabi_memclr8                          0x08000427   Thumb Code     0  rt_memclr_w.o(.text)
    __rt_memclr_w                            0x08000427   Thumb Code     0  rt_memclr_w.o(.text)
    _memset_w                                0x0800042b   Thumb Code    74  rt_memclr_w.o(.text)
    __use_two_region_memory                  0x08000475   Thumb Code     2  heapauxi.o(.text)
    __rt_heap_escrow                         0x08000477   Thumb Code     2  heapauxi.o(.text)
    __rt_heap_expand                         0x08000479   Thumb Code     2  heapauxi.o(.text)
    __cpp_initialize__aeabi_                 0x0800047d   Thumb Code    28  init_aeabi.o(.text)
    _sys_exit                                0x080004a1   Thumb Code     8  sys_exit.o(.text)
    malloc                                   0x080004ad   Thumb Code    94  h1_alloc.o(.text)
    free                                     0x0800050b   Thumb Code    78  h1_free.o(.text)
    __aeabi_atexit                           0x08000559   Thumb Code    46  aeabi_atexit.o(.text)
    __rt_SIGABRT                             0x08000587   Thumb Code    14  defsig_abrt_outer.o(.text)
    __aeabi_memcpy4                          0x08000595   Thumb Code     0  rt_memcpy_w.o(.text)
    __aeabi_memcpy8                          0x08000595   Thumb Code     0  rt_memcpy_w.o(.text)
    __rt_memcpy_w                            0x08000595   Thumb Code   100  rt_memcpy_w.o(.text)
    _memcpy_lastbytes_aligned                0x080005dd   Thumb Code     0  rt_memcpy_w.o(.text)
    __I$use$semihosting                      0x080005f9   Thumb Code     0  use_no_semi.o(.text)
    __use_no_semihosting_swi                 0x080005f9   Thumb Code     2  use_no_semi.o(.text)
    __semihosting_library_function           0x080005fb   Thumb Code     0  indicate_semi.o(.text)
    __rt_heap_descriptor                     0x080005fd   Thumb Code     8  rt_heap_descriptor_intlibspace.o(.text)
    __rt_ddtor_pointer_addr                  0x08000605   Thumb Code     8  rt_ddtor_pointer_addr_intlibspace.o(.text)
    __use_no_heap                            0x0800060d   Thumb Code     2  hguard.o(.text)
    __heap$guard                             0x0800060f   Thumb Code     2  hguard.o(.text)
    _terminate_user_alloc                    0x08000611   Thumb Code     2  init_alloc.o(.text)
    _init_user_alloc                         0x08000613   Thumb Code     2  init_alloc.o(.text)
    __Heap_Full                              0x08000615   Thumb Code    34  init_alloc.o(.text)
    __Heap_Broken                            0x08000637   Thumb Code     6  init_alloc.o(.text)
    _init_alloc                              0x0800063d   Thumb Code    94  init_alloc.o(.text)
    __Heap_Initialize                        0x0800069b   Thumb Code    10  h1_init.o(.text)
    __Heap_DescSize                          0x080006a5   Thumb Code     4  h1_init.o(.text)
    __cxa_finalize                           0x080006a9   Thumb Code    66  cxa_finalize.o(.text)
    __sig_exit                               0x080006eb   Thumb Code    10  defsig_exit.o(.text)
    __rt_SIGABRT_inner                       0x080006f5   Thumb Code    14  defsig_abrt_inner.o(.text)
    __user_libspace                          0x08000725   Thumb Code     8  libspace.o(.text)
    __user_perproc_libspace                  0x08000725   Thumb Code     0  libspace.o(.text)
    __user_perthread_libspace                0x08000725   Thumb Code     0  libspace.o(.text)
    __user_setup_stackheap                   0x0800072d   Thumb Code    74  sys_stackheap_outer.o(.text)
    __Heap_ProvideMemory                     0x08000777   Thumb Code    52  h1_extend.o(.text)
    _maybe_terminate_alloc                   0x08000777   Thumb Code     0  maybetermalloc1.o(.text)
    exit                                     0x080007ab   Thumb Code    18  exit.o(.text)
    __default_signal_display                 0x080007bd   Thumb Code    50  defsig_general.o(.text)
    __rt_SIGRTMEM                            0x080007ef   Thumb Code    14  defsig_rtmem_outer.o(.text)
    _ttywrch                                 0x080007fd   Thumb Code    14  sys_wrch.o(.text)
    __rt_SIGRTMEM_inner                      0x0800080d   Thumb Code    22  defsig_rtmem_inner.o(.text)
    BusFault_Handler                         0x0800085d   Thumb Code     2  stm32f4xx_it.o(.text.BusFault_Handler)
    CAN1_RX0_IRQHandler                      0x08000861   Thumb Code    12  stm32f4xx_it.o(.text.CAN1_RX0_IRQHandler)
    CAN1_RX1_IRQHandler                      0x0800086d   Thumb Code    12  stm32f4xx_it.o(.text.CAN1_RX1_IRQHandler)
    CAN1_SCE_IRQHandler                      0x08000879   Thumb Code    12  stm32f4xx_it.o(.text.CAN1_SCE_IRQHandler)
    CAN1_TX_IRQHandler                       0x08000885   Thumb Code    12  stm32f4xx_it.o(.text.CAN1_TX_IRQHandler)
    DebugMon_Handler                         0x08000891   Thumb Code     2  stm32f4xx_it.o(.text.DebugMon_Handler)
    Error_Handler                            0x08000895   Thumb Code    10  main.o(.text.Error_Handler)
    HAL_CAN_ActivateNotification             0x080008a1   Thumb Code    46  stm32f4xx_hal_can.o(.text.HAL_CAN_ActivateNotification)
    HAL_CAN_AddTxMessage                     0x080008d1   Thumb Code   192  stm32f4xx_hal_can.o(.text.HAL_CAN_AddTxMessage)
    HAL_CAN_ConfigFilter                     0x08000991   Thumb Code   222  stm32f4xx_hal_can.o(.text.HAL_CAN_ConfigFilter)
    HAL_CAN_ErrorCallback                    0x08000a71   Thumb Code     2  stm32f4xx_hal_can.o(.text.HAL_CAN_ErrorCallback)
    HAL_CAN_GetRxMessage                     0x08000a75   Thumb Code   286  stm32f4xx_hal_can.o(.text.HAL_CAN_GetRxMessage)
    HAL_CAN_IRQHandler                       0x08000b95   Thumb Code   606  stm32f4xx_hal_can.o(.text.HAL_CAN_IRQHandler)
    HAL_CAN_Init                             0x08000df5   Thumb Code   244  stm32f4xx_hal_can.o(.text.HAL_CAN_Init)
    HAL_CAN_MspInit                          0x08000ee9   Thumb Code   168  can.o(.text.HAL_CAN_MspInit)
    HAL_CAN_RxFifo0FullCallback              0x08000f91   Thumb Code     2  stm32f4xx_hal_can.o(.text.HAL_CAN_RxFifo0FullCallback)
    HAL_CAN_RxFifo0MsgPendingCallback        0x08000f95   Thumb Code    60  can_task.o(.text.HAL_CAN_RxFifo0MsgPendingCallback)
    HAL_CAN_RxFifo1FullCallback              0x08000fd1   Thumb Code     2  stm32f4xx_hal_can.o(.text.HAL_CAN_RxFifo1FullCallback)
    HAL_CAN_RxFifo1MsgPendingCallback        0x08000fd5   Thumb Code     2  stm32f4xx_hal_can.o(.text.HAL_CAN_RxFifo1MsgPendingCallback)
    HAL_CAN_SleepCallback                    0x08000fd9   Thumb Code     2  stm32f4xx_hal_can.o(.text.HAL_CAN_SleepCallback)
    HAL_CAN_Start                            0x08000fdd   Thumb Code    90  stm32f4xx_hal_can.o(.text.HAL_CAN_Start)
    HAL_CAN_TxMailbox0AbortCallback          0x08001039   Thumb Code     2  stm32f4xx_hal_can.o(.text.HAL_CAN_TxMailbox0AbortCallback)
    HAL_CAN_TxMailbox0CompleteCallback       0x0800103d   Thumb Code     2  stm32f4xx_hal_can.o(.text.HAL_CAN_TxMailbox0CompleteCallback)
    HAL_CAN_TxMailbox1AbortCallback          0x08001041   Thumb Code     2  stm32f4xx_hal_can.o(.text.HAL_CAN_TxMailbox1AbortCallback)
    HAL_CAN_TxMailbox1CompleteCallback       0x08001045   Thumb Code     2  stm32f4xx_hal_can.o(.text.HAL_CAN_TxMailbox1CompleteCallback)
    HAL_CAN_TxMailbox2AbortCallback          0x08001049   Thumb Code     2  stm32f4xx_hal_can.o(.text.HAL_CAN_TxMailbox2AbortCallback)
    HAL_CAN_TxMailbox2CompleteCallback       0x0800104d   Thumb Code     2  stm32f4xx_hal_can.o(.text.HAL_CAN_TxMailbox2CompleteCallback)
    HAL_CAN_WakeUpFromRxMsgCallback          0x08001051   Thumb Code     2  stm32f4xx_hal_can.o(.text.HAL_CAN_WakeUpFromRxMsgCallback)
    HAL_Delay                                0x08001055   Thumb Code    40  stm32f4xx_hal.o(.text.HAL_Delay)
    HAL_GPIO_Init                            0x0800107d   Thumb Code   422  stm32f4xx_hal_gpio.o(.text.HAL_GPIO_Init)
    HAL_GetTick                              0x08001225   Thumb Code    12  stm32f4xx_hal.o(.text.HAL_GetTick)
    HAL_IncTick                              0x08001231   Thumb Code    26  stm32f4xx_hal.o(.text.HAL_IncTick)
    HAL_Init                                 0x0800124d   Thumb Code    54  stm32f4xx_hal.o(.text.HAL_Init)
    HAL_InitTick                             0x08001285   Thumb Code    72  stm32f4xx_hal.o(.text.HAL_InitTick)
    HAL_MspInit                              0x080012cd   Thumb Code    56  stm32f4xx_hal_msp.o(.text.HAL_MspInit)
    HAL_NVIC_EnableIRQ                       0x08001305   Thumb Code    38  stm32f4xx_hal_cortex.o(.text.HAL_NVIC_EnableIRQ)
    HAL_NVIC_SetPriority                     0x0800132d   Thumb Code    86  stm32f4xx_hal_cortex.o(.text.HAL_NVIC_SetPriority)
    HAL_NVIC_SetPriorityGrouping             0x08001385   Thumb Code    32  stm32f4xx_hal_cortex.o(.text.HAL_NVIC_SetPriorityGrouping)
    HAL_PWREx_EnableOverDrive                0x080013a5   Thumb Code   122  stm32f4xx_hal_pwr_ex.o(.text.HAL_PWREx_EnableOverDrive)
    HAL_RCC_ClockConfig                      0x08001421   Thumb Code   352  stm32f4xx_hal_rcc.o(.text.HAL_RCC_ClockConfig)
    HAL_RCC_GetSysClockFreq                  0x08001581   Thumb Code   106  stm32f4xx_hal_rcc.o(.text.HAL_RCC_GetSysClockFreq)
    HAL_RCC_OscConfig                        0x080015ed   Thumb Code   884  stm32f4xx_hal_rcc.o(.text.HAL_RCC_OscConfig)
    HAL_SYSTICK_Config                       0x08001961   Thumb Code    44  stm32f4xx_hal_cortex.o(.text.HAL_SYSTICK_Config)
    HardFault_Handler                        0x0800198d   Thumb Code     2  stm32f4xx_it.o(.text.HardFault_Handler)
    MX_CAN1_Init                             0x08001991   Thumb Code    70  can.o(.text.MX_CAN1_Init)
    MX_GPIO_Init                             0x080019d9   Thumb Code    76  gpio.o(.text.MX_GPIO_Init)
    MemManage_Handler                        0x08001a25   Thumb Code     2  stm32f4xx_it.o(.text.MemManage_Handler)
    NMI_Handler                              0x08001a29   Thumb Code     2  stm32f4xx_it.o(.text.NMI_Handler)
    PendSV_Handler                           0x08001a2d   Thumb Code     2  stm32f4xx_it.o(.text.PendSV_Handler)
    SVC_Handler                              0x08001a31   Thumb Code     2  stm32f4xx_it.o(.text.SVC_Handler)
    SysTick_Handler                          0x08001a35   Thumb Code     4  stm32f4xx_it.o(.text.SysTick_Handler)
    SystemClock_Config                       0x08001a39   Thumb Code   196  main.o(.text.SystemClock_Config)
    SystemInit                               0x08001afd   Thumb Code    18  system_stm32f4xx.o(.text.SystemInit)
    UsageFault_Handler                       0x08001b11   Thumb Code     2  stm32f4xx_it.o(.text.UsageFault_Handler)
    canTaskInit()                            0x08001b71   Thumb Code    54  can_task.o(.text._Z11canTaskInitv)
    SetMotorCurrent(float)                   0x08001ba9   Thumb Code   168  can_task.o(.text._Z15SetMotorCurrentf)
    linearMappingFloat2Int(float, float, float, int, int) 0x08001c51   Thumb Code    48  m3508_motor.o(.text._Z22linearMappingFloat2Intfffii)
    M3508_Motor::canRxMsgCallback_v2(unsigned char*) 0x08001c81   Thumb Code   352  m3508_motor.o(.text._ZN11M3508_Motor19canRxMsgCallback_v2EPh)
    M3508_Motor::M3508_Motor()               0x08001de1   Thumb Code    24  m3508_motor.o(.text._ZN11M3508_MotorC2Ev)
    M3508_Motor::M3508_Motor__sub_object()   0x08001de1   Thumb Code    24  m3508_motor.o(.text._ZN11M3508_MotorC2Ev)
    FilterMovingAverage::push(float)         0x08001df9   Thumb Code   190  filter.o(.text._ZN19FilterMovingAverage4pushEf)
    FilterMovingAverage::getResult()         0x08001eb9   Thumb Code    36  filter.o(.text._ZN19FilterMovingAverage9getResultEv)
    FilterMovingAverage::FilterMovingAverage(unsigned int) 0x08001edd   Thumb Code    20  filter.o(.text._ZN19FilterMovingAverageC2Ej)
    FilterMovingAverage::FilterMovingAverage__sub_object(unsigned int) 0x08001edd   Thumb Code    20  filter.o(.text._ZN19FilterMovingAverageC2Ej)
    FilterMovingAverage::~FilterMovingAverage__sub_object() 0x08001ef1   Thumb Code     4  m3508_motor.o(.text._ZN19FilterMovingAverageD2Ev)
    PID::compute(float, float, float)        0x08001ef5   Thumb Code   178  pid.o(.text._ZN3PID7computeEfff)
    PID::PID(PIDInitializer*)                0x08001fa9   Thumb Code    32  pid.o(.text._ZN3PIDC2EP14PIDInitializer)
    PID::PID__sub_object(PIDInitializer*)    0x08001fa9   Thumb Code    32  pid.o(.text._ZN3PIDC2EP14PIDInitializer)
    std::__2::__split_buffer<float*, std::__2::allocator<float*>>::push_front(float*&&) 0x08001fc9   Thumb Code   288  filter.o(.text._ZNSt3__214__split_bufferIPfNS_9allocatorIS1_EEE10push_frontEOS1_)
    std::__2::__split_buffer<float*, std::__2::allocator<float*>>::push_back(float*&&) 0x080020e9   Thumb Code   284  filter.o(.text._ZNSt3__214__split_bufferIPfNS_9allocatorIS1_EEE9push_backEOS1_)
    std::__2::__split_buffer<float*, std::__2::allocator<float*>&>::push_front(float* const&) 0x08002205   Thumb Code   288  filter.o(.text._ZNSt3__214__split_bufferIPfRNS_9allocatorIS1_EEE10push_frontERKS1_)
    std::__2::deque<float, std::__2::allocator<float>>::__add_back_capacity() 0x08002325   Thumb Code   876  filter.o(.text._ZNSt3__25dequeIfNS_9allocatorIfEEE19__add_back_capacityEv)
    std::__2::deque<float, std::__2::allocator<float>>::~deque__sub_object[abi:v16000]() 0x08002691   Thumb Code   114  m3508_motor.o(.text._ZNSt3__25dequeIfNS_9allocatorIfEEED2B6v16000Ev)
    std::get_new_handler()                   0x08002703   Thumb Code    12  cxa_handlers.cpp.o(.text._ZSt15get_new_handlerv)
    std::__throw_bad_array_new_length[abi:v16000]() 0x08002711   Thumb Code     4  filter.o(.text._ZSt28__throw_bad_array_new_lengthB6v16000v)
    operator delete(void*)                   0x08002715   Thumb Code     4  new.cpp.o(.text._ZdlPv)
    operator delete(void*, unsigned int)     0x08002719   Thumb Code     4  new.cpp.o(.text._ZdlPvj)
    operator new(unsigned int)               0x0800271d   Thumb Code    38  new.cpp.o(.text._Znwj)
    main                                     0x08002745   Thumb Code    22  main.o(.text.main)
    startup                                  0x0800275d   Thumb Code    14  startup.o(.text.startup)
    __fpl_dcmp_Inf                           0x0800276b   Thumb Code    24  dcmpi.o(x$fpl$dcmpinf)
    __aeabi_cdcmpeq                          0x08002785   Thumb Code     0  deqf.o(x$fpl$deqf)
    _dcmpeq                                  0x08002785   Thumb Code   120  deqf.o(x$fpl$deqf)
    __aeabi_cdcmpge                          0x080027fd   Thumb Code     0  dgeqf.o(x$fpl$dgeqf)
    _dcmpge                                  0x080027fd   Thumb Code   120  dgeqf.o(x$fpl$dgeqf)
    __aeabi_cdcmple                          0x08002875   Thumb Code     0  dleqf.o(x$fpl$dleqf)
    _dcmple                                  0x08002875   Thumb Code   120  dleqf.o(x$fpl$dleqf)
    __fpl_dcmple_InfNaN                      0x080028d7   Thumb Code     0  dleqf.o(x$fpl$dleqf)
    __fpl_dnaninf                            0x080028ed   Thumb Code   156  dnaninf.o(x$fpl$dnaninf)
    __fpl_dretinf                            0x08002989   Thumb Code    12  dretinf.o(x$fpl$dretinf)
    __aeabi_f2d                              0x08002995   Thumb Code     0  f2d.o(x$fpl$f2d)
    _f2d                                     0x08002995   Thumb Code    86  f2d.o(x$fpl$f2d)
    __aeabi_dcmpeq                           0x080029eb   Thumb Code     0  dcmp.o(x$fpl$fcmp)
    _deq                                     0x080029eb   Thumb Code    14  dcmp.o(x$fpl$fcmp)
    _dneq                                    0x080029f9   Thumb Code    14  dcmp.o(x$fpl$fcmp)
    __aeabi_dcmpgt                           0x08002a07   Thumb Code     0  dcmp.o(x$fpl$fcmp)
    _dgr                                     0x08002a07   Thumb Code    14  dcmp.o(x$fpl$fcmp)
    __aeabi_dcmpge                           0x08002a15   Thumb Code     0  dcmp.o(x$fpl$fcmp)
    _dgeq                                    0x08002a15   Thumb Code    14  dcmp.o(x$fpl$fcmp)
    __aeabi_dcmple                           0x08002a23   Thumb Code     0  dcmp.o(x$fpl$fcmp)
    _dleq                                    0x08002a23   Thumb Code    14  dcmp.o(x$fpl$fcmp)
    __aeabi_dcmplt                           0x08002a31   Thumb Code     0  dcmp.o(x$fpl$fcmp)
    _dls                                     0x08002a31   Thumb Code    14  dcmp.o(x$fpl$fcmp)
    __fpl_fnaninf                            0x08002a3f   Thumb Code   140  fnaninf.o(x$fpl$fnaninf)
    _fp_init                                 0x08002acb   Thumb Code    26  fpinit.o(x$fpl$fpinit)
    __fplib_config_fpu_vfp                   0x08002ae3   Thumb Code     0  fpinit.o(x$fpl$fpinit)
    __fplib_config_pureend_doubles           0x08002ae3   Thumb Code     0  fpinit.o(x$fpl$fpinit)
    AHBPrescTable                            0x08002ae4   Data          16  system_stm32f4xx.o(.rodata.AHBPrescTable)
    __I$use$fp                               0x08002ae4   Number         0  usenofp.o(x$fpl$usenofp)
    Region$$Table$$Base                      0x08002af4   Number         0  anon$$obj.o(Region$$Table)
    Region$$Table$$Limit                     0x08002b14   Number         0  anon$$obj.o(Region$$Table)
    SHT$$INIT_ARRAY$$Base                    0x08002b14   Number         0  can_task.o(.init_array)
    SHT$$INIT_ARRAY$$Limit                   0x08002b1c   Number         0  init_aeabi.o(.init_array)
    pidInitSpeed                             0x20000000   Data          24  m3508_motor.o(.data..L_MergedGlobals)
    pidInitAngle                             0x20000018   Data          24  m3508_motor.o(.data..L_MergedGlobals)
    uwTickFreq                               0x20000030   Data           1  stm32f4xx_hal.o(.data..L_MergedGlobals)
    uwTickPrio                               0x20000034   Data           4  stm32f4xx_hal.o(.data..L_MergedGlobals)
    SystemCoreClock                          0x20000038   Data           4  system_stm32f4xx.o(.data.SystemCoreClock)
    txHeader                                 0x2000003c   Data          24  can_task.o(.data.txHeader)
    __libspace_start                         0x20000058   Data          96  libspace.o(.bss)
    __temporary_stack_top$libspace           0x200000b8   Data           0  libspace.o(.bss)
    txMailbox                                0x200000b8   Data           4  can_task.o(.bss..L_MergedGlobals)
    rxData                                   0x200000bc   Data           8  can_task.o(.bss..L_MergedGlobals)
    txData                                   0x200000c4   Data           8  can_task.o(.bss..L_MergedGlobals)
    rxHeader                                 0x200000cc   Data          28  can_task.o(.bss..L_MergedGlobals)
    motor                                    0x200000e8   Data          52  can_task.o(.bss..L_MergedGlobals)
    pidSpeed                                 0x2000011c   Data          32  m3508_motor.o(.bss..L_MergedGlobals.3)
    pidAngle                                 0x2000013c   Data          32  m3508_motor.o(.bss..L_MergedGlobals.3)
    filterSpeed                              0x2000015c   Data          32  m3508_motor.o(.bss..L_MergedGlobals.3)
    __cxa_new_handler                        0x2000017c   Data           4  cxa_default_handlers.cpp.o(.bss.__cxa_new_handler)
    hcan1                                    0x20000180   Data          40  can.o(.bss.hcan1)
    uwTick                                   0x200001a8   Data           4  stm32f4xx_hal.o(.bss.uwTick)



==============================================================================

Memory Map of the image

  Image Entry point : 0x080001ad

  Load Region LR_IROM1 (Base: 0x08000000, Size: 0x00002b78, Max: 0x00200000, ABSOLUTE)

    Execution Region ER_IROM1 (Exec base: 0x08000000, Load base: 0x08000000, Size: 0x00002b1c, Max: 0x00200000, ABSOLUTE)

    Exec Addr    Load Addr    Size         Type   Attr      Idx    E Section Name        Object

    0x08000000   0x08000000   0x000001ac   Data   RO            3    RESET               startup_stm32f427xx.o
    0x080001ac   0x080001ac   0x00000008   Code   RO          696  * !!!main             c_w.l(__main.o)
    0x080001b4   0x080001b4   0x00000034   Code   RO         1104    !!!scatter          c_w.l(__scatter.o)
    0x080001e8   0x080001e8   0x0000001a   Code   RO         1106    !!handler_copy      c_w.l(__scatter_copy.o)
    0x08000202   0x08000202   0x00000002   PAD
    0x08000204   0x08000204   0x0000001c   Code   RO         1108    !!handler_zi        c_w.l(__scatter_zi.o)
    0x08000220   0x08000220   0x00000002   Code   RO         1045    .ARM.Collect$$libinit$$00000000  c_w.l(libinit.o)
    0x08000222   0x08000222   0x00000004   Code   RO          840    .ARM.Collect$$libinit$$00000001  c_w.l(libinit2.o)
    0x08000226   0x08000226   0x00000000   Code   RO          843    .ARM.Collect$$libinit$$00000004  c_w.l(libinit2.o)
    0x08000226   0x08000226   0x00000000   Code   RO          845    .ARM.Collect$$libinit$$00000006  c_w.l(libinit2.o)
    0x08000226   0x08000226   0x00000008   Code   RO          846    .ARM.Collect$$libinit$$00000007  c_w.l(libinit2.o)
    0x0800022e   0x0800022e   0x00000000   Code   RO          848    .ARM.Collect$$libinit$$0000000C  c_w.l(libinit2.o)
    0x0800022e   0x0800022e   0x00000000   Code   RO          850    .ARM.Collect$$libinit$$0000000E  c_w.l(libinit2.o)
    0x0800022e   0x0800022e   0x00000000   Code   RO          852    .ARM.Collect$$libinit$$00000010  c_w.l(libinit2.o)
    0x0800022e   0x0800022e   0x00000000   Code   RO          855    .ARM.Collect$$libinit$$00000013  c_w.l(libinit2.o)
    0x0800022e   0x0800022e   0x00000000   Code   RO          857    .ARM.Collect$$libinit$$00000015  c_w.l(libinit2.o)
    0x0800022e   0x0800022e   0x00000000   Code   RO          859    .ARM.Collect$$libinit$$00000017  c_w.l(libinit2.o)
    0x0800022e   0x0800022e   0x00000000   Code   RO          861    .ARM.Collect$$libinit$$00000019  c_w.l(libinit2.o)
    0x0800022e   0x0800022e   0x00000000   Code   RO          863    .ARM.Collect$$libinit$$0000001B  c_w.l(libinit2.o)
    0x0800022e   0x0800022e   0x00000000   Code   RO          865    .ARM.Collect$$libinit$$0000001D  c_w.l(libinit2.o)
    0x0800022e   0x0800022e   0x00000000   Code   RO          867    .ARM.Collect$$libinit$$0000001F  c_w.l(libinit2.o)
    0x0800022e   0x0800022e   0x00000000   Code   RO          869    .ARM.Collect$$libinit$$00000021  c_w.l(libinit2.o)
    0x0800022e   0x0800022e   0x00000000   Code   RO          871    .ARM.Collect$$libinit$$00000023  c_w.l(libinit2.o)
    0x0800022e   0x0800022e   0x00000000   Code   RO          873    .ARM.Collect$$libinit$$00000025  c_w.l(libinit2.o)
    0x0800022e   0x0800022e   0x00000000   Code   RO          875    .ARM.Collect$$libinit$$00000027  c_w.l(libinit2.o)
    0x0800022e   0x0800022e   0x00000000   Code   RO          879    .ARM.Collect$$libinit$$0000002E  c_w.l(libinit2.o)
    0x0800022e   0x0800022e   0x00000000   Code   RO          881    .ARM.Collect$$libinit$$00000030  c_w.l(libinit2.o)
    0x0800022e   0x0800022e   0x00000000   Code   RO          883    .ARM.Collect$$libinit$$00000032  c_w.l(libinit2.o)
    0x0800022e   0x0800022e   0x00000004   Code   RO          884    .ARM.Collect$$libinit$$00000033  c_w.l(libinit2.o)
    0x08000232   0x08000232   0x00000000   Code   RO          885    .ARM.Collect$$libinit$$00000034  c_w.l(libinit2.o)
    0x08000232   0x08000232   0x00000002   Code   RO          886    .ARM.Collect$$libinit$$00000035  c_w.l(libinit2.o)
    0x08000234   0x08000234   0x00000002   Code   RO         1101    .ARM.Collect$$libshutdown$$00000000  c_w.l(libshutdown.o)
    0x08000236   0x08000236   0x00000006   Code   RO         1046    .ARM.Collect$$libshutdown$$00000001  c_w.l(libshutdown2.o)
    0x0800023c   0x0800023c   0x00000000   Code   RO         1047    .ARM.Collect$$libshutdown$$00000002  c_w.l(libshutdown2.o)
    0x0800023c   0x0800023c   0x00000000   Code   RO         1049    .ARM.Collect$$libshutdown$$00000004  c_w.l(libshutdown2.o)
    0x0800023c   0x0800023c   0x00000000   Code   RO         1052    .ARM.Collect$$libshutdown$$00000007  c_w.l(libshutdown2.o)
    0x0800023c   0x0800023c   0x00000000   Code   RO         1055    .ARM.Collect$$libshutdown$$0000000A  c_w.l(libshutdown2.o)
    0x0800023c   0x0800023c   0x00000000   Code   RO         1057    .ARM.Collect$$libshutdown$$0000000C  c_w.l(libshutdown2.o)
    0x0800023c   0x0800023c   0x00000000   Code   RO         1060    .ARM.Collect$$libshutdown$$0000000F  c_w.l(libshutdown2.o)
    0x0800023c   0x0800023c   0x00000002   Code   RO         1061    .ARM.Collect$$libshutdown$$00000010  c_w.l(libshutdown2.o)
    0x0800023e   0x0800023e   0x00000000   Code   RO          757    .ARM.Collect$$rtentry$$00000000  c_w.l(__rtentry.o)
    0x0800023e   0x0800023e   0x00000000   Code   RO          924    .ARM.Collect$$rtentry$$00000002  c_w.l(__rtentry2.o)
    0x0800023e   0x0800023e   0x00000006   Code   RO          936    .ARM.Collect$$rtentry$$00000004  c_w.l(__rtentry4.o)
    0x08000244   0x08000244   0x00000000   Code   RO          926    .ARM.Collect$$rtentry$$00000009  c_w.l(__rtentry2.o)
    0x08000244   0x08000244   0x00000004   Code   RO          927    .ARM.Collect$$rtentry$$0000000A  c_w.l(__rtentry2.o)
    0x08000248   0x08000248   0x00000000   Code   RO          929    .ARM.Collect$$rtentry$$0000000C  c_w.l(__rtentry2.o)
    0x08000248   0x08000248   0x00000008   Code   RO          930    .ARM.Collect$$rtentry$$0000000D  c_w.l(__rtentry2.o)
    0x08000250   0x08000250   0x00000002   Code   RO         1066    .ARM.Collect$$rtexit$$00000000  c_w.l(rtexit.o)
    0x08000252   0x08000252   0x00000000   Code   RO         1077    .ARM.Collect$$rtexit$$00000002  c_w.l(rtexit2.o)
    0x08000252   0x08000252   0x00000004   Code   RO         1078    .ARM.Collect$$rtexit$$00000003  c_w.l(rtexit2.o)
    0x08000256   0x08000256   0x00000006   Code   RO         1079    .ARM.Collect$$rtexit$$00000004  c_w.l(rtexit2.o)
    0x0800025c   0x0800025c   0x00000040   Code   RO            4    .text               startup_stm32f427xx.o
    0x0800029c   0x0800029c   0x000000f0   Code   RO          680    .text               c_w.l(lludivv7m.o)
    0x0800038c   0x0800038c   0x00000016   Code   RO          682    .text               c_w.l(abort.o)
    0x080003a2   0x080003a2   0x0000000a   Code   RO          687    .text               c_w.l(cxa_atexit.o)
    0x080003ac   0x080003ac   0x0000007a   Code   RO          690    .text               c_w.l(rt_memmove_w.o)
    0x08000426   0x08000426   0x0000004e   Code   RO          692    .text               c_w.l(rt_memclr_w.o)
    0x08000474   0x08000474   0x00000006   Code   RO          694    .text               c_w.l(heapauxi.o)
    0x0800047a   0x0800047a   0x00000002   PAD
    0x0800047c   0x0800047c   0x00000024   Code   RO          701    .text               c_w.l(init_aeabi.o)
    0x080004a0   0x080004a0   0x0000000c   Code   RO          753    .text               c_w.l(sys_exit.o)
    0x080004ac   0x080004ac   0x0000005e   Code   RO          766    .text               c_w.l(h1_alloc.o)
    0x0800050a   0x0800050a   0x0000004e   Code   RO          768    .text               c_w.l(h1_free.o)
    0x08000558   0x08000558   0x0000002e   Code   RO          831    .text               c_w.l(aeabi_atexit.o)
    0x08000586   0x08000586   0x0000000e   Code   RO          834    .text               c_w.l(defsig_abrt_outer.o)
    0x08000594   0x08000594   0x00000064   Code   RO          838    .text               c_w.l(rt_memcpy_w.o)
    0x080005f8   0x080005f8   0x00000002   Code   RO          918    .text               c_w.l(use_no_semi.o)
    0x080005fa   0x080005fa   0x00000000   Code   RO          922    .text               c_w.l(indicate_semi.o)
    0x080005fa   0x080005fa   0x00000002   PAD
    0x080005fc   0x080005fc   0x00000008   Code   RO          945    .text               c_w.l(rt_heap_descriptor_intlibspace.o)
    0x08000604   0x08000604   0x00000008   Code   RO          950    .text               c_w.l(rt_ddtor_pointer_addr_intlibspace.o)
    0x0800060c   0x0800060c   0x00000004   Code   RO          952    .text               c_w.l(hguard.o)
    0x08000610   0x08000610   0x0000008a   Code   RO          954    .text               c_w.l(init_alloc.o)
    0x0800069a   0x0800069a   0x0000000e   Code   RO          958    .text               c_w.l(h1_init.o)
    0x080006a8   0x080006a8   0x00000042   Code   RO          970    .text               c_w.l(cxa_finalize.o)
    0x080006ea   0x080006ea   0x0000000a   Code   RO          973    .text               c_w.l(defsig_exit.o)
    0x080006f4   0x080006f4   0x00000030   Code   RO          975    .text               c_w.l(defsig_abrt_inner.o)
    0x08000724   0x08000724   0x00000008   Code   RO         1006    .text               c_w.l(libspace.o)
    0x0800072c   0x0800072c   0x0000004a   Code   RO         1009    .text               c_w.l(sys_stackheap_outer.o)
    0x08000776   0x08000776   0x00000000   Code   RO         1013    .text               c_w.l(maybetermalloc1.o)
    0x08000776   0x08000776   0x00000034   Code   RO         1015    .text               c_w.l(h1_extend.o)
    0x080007aa   0x080007aa   0x00000012   Code   RO         1019    .text               c_w.l(exit.o)
    0x080007bc   0x080007bc   0x00000032   Code   RO         1023    .text               c_w.l(defsig_general.o)
    0x080007ee   0x080007ee   0x0000000e   Code   RO         1029    .text               c_w.l(defsig_rtmem_outer.o)
    0x080007fc   0x080007fc   0x0000000e   Code   RO         1062    .text               c_w.l(sys_wrch.o)
    0x0800080a   0x0800080a   0x00000002   PAD
    0x0800080c   0x0800080c   0x00000050   Code   RO         1072    .text               c_w.l(defsig_rtmem_inner.o)
    0x0800085c   0x0800085c   0x00000002   Code   RO           54    .text.BusFault_Handler  stm32f4xx_it.o
    0x0800085e   0x0800085e   0x00000002   PAD
    0x08000860   0x08000860   0x0000000c   Code   RO           68    .text.CAN1_RX0_IRQHandler  stm32f4xx_it.o
    0x0800086c   0x0800086c   0x0000000c   Code   RO           70    .text.CAN1_RX1_IRQHandler  stm32f4xx_it.o
    0x08000878   0x08000878   0x0000000c   Code   RO           72    .text.CAN1_SCE_IRQHandler  stm32f4xx_it.o
    0x08000884   0x08000884   0x0000000c   Code   RO           66    .text.CAN1_TX_IRQHandler  stm32f4xx_it.o
    0x08000890   0x08000890   0x00000002   Code   RO           60    .text.DebugMon_Handler  stm32f4xx_it.o
    0x08000892   0x08000892   0x00000002   PAD
    0x08000894   0x08000894   0x0000000a   Code   RO           15    .text.Error_Handler  main.o
    0x0800089e   0x0800089e   0x00000002   PAD
    0x080008a0   0x080008a0   0x0000002e   Code   RO          213    .text.HAL_CAN_ActivateNotification  stm32f4xx_hal_can.o
    0x080008ce   0x080008ce   0x00000002   PAD
    0x080008d0   0x080008d0   0x000000c0   Code   RO          199    .text.HAL_CAN_AddTxMessage  stm32f4xx_hal_can.o
    0x08000990   0x08000990   0x000000de   Code   RO          189    .text.HAL_CAN_ConfigFilter  stm32f4xx_hal_can.o
    0x08000a6e   0x08000a6e   0x00000002   PAD
    0x08000a70   0x08000a70   0x00000002   Code   RO          243    .text.HAL_CAN_ErrorCallback  stm32f4xx_hal_can.o
    0x08000a72   0x08000a72   0x00000002   PAD
    0x08000a74   0x08000a74   0x0000011e   Code   RO          209    .text.HAL_CAN_GetRxMessage  stm32f4xx_hal_can.o
    0x08000b92   0x08000b92   0x00000002   PAD
    0x08000b94   0x08000b94   0x0000025e   Code   RO          217    .text.HAL_CAN_IRQHandler  stm32f4xx_hal_can.o
    0x08000df2   0x08000df2   0x00000002   PAD
    0x08000df4   0x08000df4   0x000000f4   Code   RO          179    .text.HAL_CAN_Init  stm32f4xx_hal_can.o
    0x08000ee8   0x08000ee8   0x000000a8   Code   RO           35    .text.HAL_CAN_MspInit  can.o
    0x08000f90   0x08000f90   0x00000002   Code   RO          231    .text.HAL_CAN_RxFifo0FullCallback  stm32f4xx_hal_can.o
    0x08000f92   0x08000f92   0x00000002   PAD
    0x08000f94   0x08000f94   0x0000003c   Code   RO           91    .text.HAL_CAN_RxFifo0MsgPendingCallback  can_task.o
    0x08000fd0   0x08000fd0   0x00000002   Code   RO          235    .text.HAL_CAN_RxFifo1FullCallback  stm32f4xx_hal_can.o
    0x08000fd2   0x08000fd2   0x00000002   PAD
    0x08000fd4   0x08000fd4   0x00000002   Code   RO          237    .text.HAL_CAN_RxFifo1MsgPendingCallback  stm32f4xx_hal_can.o
    0x08000fd6   0x08000fd6   0x00000002   PAD
    0x08000fd8   0x08000fd8   0x00000002   Code   RO          239    .text.HAL_CAN_SleepCallback  stm32f4xx_hal_can.o
    0x08000fda   0x08000fda   0x00000002   PAD
    0x08000fdc   0x08000fdc   0x0000005a   Code   RO          191    .text.HAL_CAN_Start  stm32f4xx_hal_can.o
    0x08001036   0x08001036   0x00000002   PAD
    0x08001038   0x08001038   0x00000002   Code   RO          221    .text.HAL_CAN_TxMailbox0AbortCallback  stm32f4xx_hal_can.o
    0x0800103a   0x0800103a   0x00000002   PAD
    0x0800103c   0x0800103c   0x00000002   Code   RO          219    .text.HAL_CAN_TxMailbox0CompleteCallback  stm32f4xx_hal_can.o
    0x0800103e   0x0800103e   0x00000002   PAD
    0x08001040   0x08001040   0x00000002   Code   RO          225    .text.HAL_CAN_TxMailbox1AbortCallback  stm32f4xx_hal_can.o
    0x08001042   0x08001042   0x00000002   PAD
    0x08001044   0x08001044   0x00000002   Code   RO          223    .text.HAL_CAN_TxMailbox1CompleteCallback  stm32f4xx_hal_can.o
    0x08001046   0x08001046   0x00000002   PAD
    0x08001048   0x08001048   0x00000002   Code   RO          229    .text.HAL_CAN_TxMailbox2AbortCallback  stm32f4xx_hal_can.o
    0x0800104a   0x0800104a   0x00000002   PAD
    0x0800104c   0x0800104c   0x00000002   Code   RO          227    .text.HAL_CAN_TxMailbox2CompleteCallback  stm32f4xx_hal_can.o
    0x0800104e   0x0800104e   0x00000002   PAD
    0x08001050   0x08001050   0x00000002   Code   RO          241    .text.HAL_CAN_WakeUpFromRxMsgCallback  stm32f4xx_hal_can.o
    0x08001052   0x08001052   0x00000002   PAD
    0x08001054   0x08001054   0x00000028   Code   RO          588    .text.HAL_Delay     stm32f4xx_hal.o
    0x0800107c   0x0800107c   0x000001a6   Code   RO          383    .text.HAL_GPIO_Init  stm32f4xx_hal_gpio.o
    0x08001222   0x08001222   0x00000002   PAD
    0x08001224   0x08001224   0x0000000c   Code   RO          580    .text.HAL_GetTick   stm32f4xx_hal.o
    0x08001230   0x08001230   0x0000001a   Code   RO          578    .text.HAL_IncTick   stm32f4xx_hal.o
    0x0800124a   0x0800124a   0x00000002   PAD
    0x0800124c   0x0800124c   0x00000036   Code   RO          568    .text.HAL_Init      stm32f4xx_hal.o
    0x08001282   0x08001282   0x00000002   PAD
    0x08001284   0x08001284   0x00000048   Code   RO          570    .text.HAL_InitTick  stm32f4xx_hal.o
    0x080012cc   0x080012cc   0x00000038   Code   RO           81    .text.HAL_MspInit   stm32f4xx_hal_msp.o
    0x08001304   0x08001304   0x00000026   Code   RO          526    .text.HAL_NVIC_EnableIRQ  stm32f4xx_hal_cortex.o
    0x0800132a   0x0800132a   0x00000002   PAD
    0x0800132c   0x0800132c   0x00000056   Code   RO          524    .text.HAL_NVIC_SetPriority  stm32f4xx_hal_cortex.o
    0x08001382   0x08001382   0x00000002   PAD
    0x08001384   0x08001384   0x00000020   Code   RO          522    .text.HAL_NVIC_SetPriorityGrouping  stm32f4xx_hal_cortex.o
    0x080013a4   0x080013a4   0x0000007a   Code   RO          508    .text.HAL_PWREx_EnableOverDrive  stm32f4xx_hal_pwr_ex.o
    0x0800141e   0x0800141e   0x00000002   PAD
    0x08001420   0x08001420   0x00000160   Code   RO          263    .text.HAL_RCC_ClockConfig  stm32f4xx_hal_rcc.o
    0x08001580   0x08001580   0x0000006a   Code   RO          265    .text.HAL_RCC_GetSysClockFreq  stm32f4xx_hal_rcc.o
    0x080015ea   0x080015ea   0x00000002   PAD
    0x080015ec   0x080015ec   0x00000374   Code   RO          261    .text.HAL_RCC_OscConfig  stm32f4xx_hal_rcc.o
    0x08001960   0x08001960   0x0000002c   Code   RO          534    .text.HAL_SYSTICK_Config  stm32f4xx_hal_cortex.o
    0x0800198c   0x0800198c   0x00000002   Code   RO           50    .text.HardFault_Handler  stm32f4xx_it.o
    0x0800198e   0x0800198e   0x00000002   PAD
    0x08001990   0x08001990   0x00000046   Code   RO           33    .text.MX_CAN1_Init  can.o
    0x080019d6   0x080019d6   0x00000002   PAD
    0x080019d8   0x080019d8   0x0000004c   Code   RO           25    .text.MX_GPIO_Init  gpio.o
    0x08001a24   0x08001a24   0x00000002   Code   RO           52    .text.MemManage_Handler  stm32f4xx_it.o
    0x08001a26   0x08001a26   0x00000002   PAD
    0x08001a28   0x08001a28   0x00000002   Code   RO           48    .text.NMI_Handler   stm32f4xx_it.o
    0x08001a2a   0x08001a2a   0x00000002   PAD
    0x08001a2c   0x08001a2c   0x00000002   Code   RO           62    .text.PendSV_Handler  stm32f4xx_it.o
    0x08001a2e   0x08001a2e   0x00000002   PAD
    0x08001a30   0x08001a30   0x00000002   Code   RO           58    .text.SVC_Handler   stm32f4xx_it.o
    0x08001a32   0x08001a32   0x00000002   PAD
    0x08001a34   0x08001a34   0x00000004   Code   RO           64    .text.SysTick_Handler  stm32f4xx_it.o
    0x08001a38   0x08001a38   0x000000c4   Code   RO           13    .text.SystemClock_Config  main.o
    0x08001afc   0x08001afc   0x00000012   Code   RO          664    .text.SystemInit    system_stm32f4xx.o
    0x08001b0e   0x08001b0e   0x00000002   PAD
    0x08001b10   0x08001b10   0x00000002   Code   RO           56    .text.UsageFault_Handler  stm32f4xx_it.o
    0x08001b12   0x08001b12   0x00000002   PAD
    0x08001b14   0x08001b14   0x0000004a   Code   RO          126    .text._GLOBAL__sub_I_M3508_Motor.cpp  m3508_motor.o
    0x08001b5e   0x08001b5e   0x00000002   PAD
    0x08001b60   0x08001b60   0x0000000e   Code   RO           95    .text._GLOBAL__sub_I_can_task.cpp  can_task.o
    0x08001b6e   0x08001b6e   0x00000002   PAD
    0x08001b70   0x08001b70   0x00000036   Code   RO           89    .text._Z11canTaskInitv  can_task.o
    0x08001ba6   0x08001ba6   0x00000002   PAD
    0x08001ba8   0x08001ba8   0x000000a8   Code   RO           93    .text._Z15SetMotorCurrentf  can_task.o
    0x08001c50   0x08001c50   0x00000030   Code   RO          120    .text._Z22linearMappingFloat2Intfffii  m3508_motor.o
    0x08001c80   0x08001c80   0x00000160   Code   RO          122    .text._ZN11M3508_Motor19canRxMsgCallback_v2EPh  m3508_motor.o
    0x08001de0   0x08001de0   0x00000018   Code   RO          116    .text._ZN11M3508_MotorC2Ev  m3508_motor.o
    0x08001df8   0x08001df8   0x000000be   Code   RO          157    .text._ZN19FilterMovingAverage4pushEf  filter.o
    0x08001eb6   0x08001eb6   0x00000002   PAD
    0x08001eb8   0x08001eb8   0x00000024   Code   RO          159    .text._ZN19FilterMovingAverage9getResultEv  filter.o
    0x08001edc   0x08001edc   0x00000014   Code   RO          155    .text._ZN19FilterMovingAverageC2Ej  filter.o
    0x08001ef0   0x08001ef0   0x00000004   Code   RO          138    .text._ZN19FilterMovingAverageD2Ev  m3508_motor.o
    0x08001ef4   0x08001ef4   0x000000b2   Code   RO          145    .text._ZN3PID7computeEfff  pid.o
    0x08001fa6   0x08001fa6   0x00000002   PAD
    0x08001fa8   0x08001fa8   0x00000020   Code   RO          143    .text._ZN3PIDC2EP14PIDInitializer  pid.o
    0x08001fc8   0x08001fc8   0x00000120   Code   RO          172    .text._ZNSt3__214__split_bufferIPfNS_9allocatorIS1_EEE10push_frontEOS1_  filter.o
    0x080020e8   0x080020e8   0x0000011c   Code   RO          170    .text._ZNSt3__214__split_bufferIPfNS_9allocatorIS1_EEE9push_backEOS1_  filter.o
    0x08002204   0x08002204   0x00000120   Code   RO          174    .text._ZNSt3__214__split_bufferIPfRNS_9allocatorIS1_EEE10push_frontERKS1_  filter.o
    0x08002324   0x08002324   0x0000036c   Code   RO          168    .text._ZNSt3__25dequeIfNS_9allocatorIfEEE19__add_back_capacityEv  filter.o
    0x08002690   0x08002690   0x00000072   Code   RO          140    .text._ZNSt3__25dequeIfNS_9allocatorIfEEED2B6v16000Ev  m3508_motor.o
    0x08002702   0x08002702   0x0000000c   Code   RO          915    .text._ZSt15get_new_handlerv  libcppabi_w.l(cxa_handlers.cpp.o)
    0x0800270e   0x0800270e   0x00000002   PAD
    0x08002710   0x08002710   0x00000004   Code   RO          176    .text._ZSt28__throw_bad_array_new_lengthB6v16000v  filter.o
    0x08002714   0x08002714   0x00000004   Code   RO          719    .text._ZdlPv        libcpp_w.l(new.cpp.o)
    0x08002718   0x08002718   0x00000004   Code   RO          723    .text._ZdlPvj       libcpp_w.l(new.cpp.o)
    0x0800271c   0x0800271c   0x00000026   Code   RO          711    .text._Znwj         libcpp_w.l(new.cpp.o)
    0x08002742   0x08002742   0x00000002   PAD
    0x08002744   0x08002744   0x00000016   Code   RO           11    .text.main          main.o
    0x0800275a   0x0800275a   0x00000002   PAD
    0x0800275c   0x0800275c   0x0000000e   Code   RO          108    .text.startup       startup.o
    0x0800276a   0x0800276a   0x00000018   Code   RO          981    x$fpl$dcmpinf       fz_wm.l(dcmpi.o)
    0x08002782   0x08002782   0x00000002   PAD
    0x08002784   0x08002784   0x00000078   Code   RO          891    x$fpl$deqf          fz_wm.l(deqf.o)
    0x080027fc   0x080027fc   0x00000078   Code   RO          893    x$fpl$dgeqf         fz_wm.l(dgeqf.o)
    0x08002874   0x08002874   0x00000078   Code   RO          895    x$fpl$dleqf         fz_wm.l(dleqf.o)
    0x080028ec   0x080028ec   0x0000009c   Code   RO          983    x$fpl$dnaninf       fz_wm.l(dnaninf.o)
    0x08002988   0x08002988   0x0000000c   Code   RO          897    x$fpl$dretinf       fz_wm.l(dretinf.o)
    0x08002994   0x08002994   0x00000056   Code   RO          706    x$fpl$f2d           fz_wm.l(f2d.o)
    0x080029ea   0x080029ea   0x00000054   Code   RO          704    x$fpl$fcmp          fz_wm.l(dcmp.o)
    0x08002a3e   0x08002a3e   0x0000008c   Code   RO          899    x$fpl$fnaninf       fz_wm.l(fnaninf.o)
    0x08002aca   0x08002aca   0x0000001a   Code   RO          985    x$fpl$fpinit        fz_wm.l(fpinit.o)
    0x08002ae4   0x08002ae4   0x00000000   Code   RO          901    x$fpl$usenofp       fz_wm.l(usenofp.o)
    0x08002ae4   0x08002ae4   0x00000010   Data   RO          669    .rodata.AHBPrescTable  system_stm32f4xx.o
    0x08002af4   0x08002af4   0x00000020   Data   RO         1103    Region$$Table       anon$$obj.o
    0x08002b14   0x08002b14   0x00000004   Data   RO           98    .init_array         can_task.o
    0x08002b18   0x08002b14   0x00000004   Data   RO          128    .init_array         m3508_motor.o
    0x08002b1c   0x08002b14   0x00000000   Data   RO          699    .init_array         c_w.l(init_aeabi.o)


    Execution Region RW_IRAM2 (Exec base: 0x10000000, Load base: 0x08002b78, Size: 0x00000000, Max: 0x00010000, ABSOLUTE)

    **** No section assigned to this execution region ****


    Execution Region RW_IRAM1 (Exec base: 0x20000000, Load base: 0x08002b20, Size: 0x000007b0, Max: 0x00030000, ABSOLUTE)

    Exec Addr    Load Addr    Size         Type   Attr      Idx    E Section Name        Object

    0x20000000   0x08002b20   0x00000030   Data   RW          129    .data..L_MergedGlobals  m3508_motor.o
    0x20000030   0x08002b50   0x00000008   Data   RW          627    .data..L_MergedGlobals  stm32f4xx_hal.o
    0x20000038   0x08002b58   0x00000004   Data   RW          668    .data.SystemCoreClock  system_stm32f4xx.o
    0x2000003c   0x08002b5c   0x00000018   Data   RW           97    .data.txHeader      can_task.o
    0x20000054   0x08002b74   0x00000004   PAD
    0x20000058        -       0x00000060   Zero   RW         1007    .bss                c_w.l(libspace.o)
    0x200000b8        -       0x00000064   Zero   RW           99    .bss..L_MergedGlobals  can_task.o
    0x2000011c        -       0x00000060   Zero   RW          130    .bss..L_MergedGlobals.3  m3508_motor.o
    0x2000017c        -       0x00000004   Zero   RW         1000    .bss.__cxa_new_handler  libcppabi_w.l(cxa_default_handlers.cpp.o)
    0x20000180        -       0x00000028   Zero   RW           39    .bss.hcan1          can.o
    0x200001a8        -       0x00000004   Zero   RW          626    .bss.uwTick         stm32f4xx_hal.o
    0x200001ac   0x08002b74   0x00000004   PAD
    0x200001b0        -       0x00000200   Zero   RW            2    HEAP                startup_stm32f427xx.o
    0x200003b0        -       0x00000400   Zero   RW            1    STACK               startup_stm32f427xx.o


==============================================================================

Image component sizes


      Code (inc. data)   RO Data    RW Data    ZI Data      Debug   Object Name

       238          0          0          0         40       6469   can.o
       296         16          4         24        100       4148   can_task.o
      1986          4          0          0          0      81299   filter.o
        76          0          0          0          0       1548   gpio.o
       616         32          4         48         96      34060   m3508_motor.o
       228          0          0          0          0       2827   main.o
       210          0          0          0          0       1837   pid.o
        14          0          0          0          0       1633   startup.o
        64         26        428          0       1536        856   startup_stm32f427xx.o
       204          0          0          8          4       7705   stm32f4xx_hal.o
      1710          6          0          0          0      13884   stm32f4xx_hal_can.o
       200          0          0          0          0      10697   stm32f4xx_hal_cortex.o
       422          0          0          0          0       5349   stm32f4xx_hal_gpio.o
        56          0          0          0          0       1548   stm32f4xx_hal_msp.o
       122          0          0          0          0       4630   stm32f4xx_hal_pwr_ex.o
      1342          0          0          0          0       7452   stm32f4xx_hal_rcc.o
        68          0          0          0          0       3655   stm32f4xx_it.o
        18          0         16          4          0       2739   system_stm32f4xx.o

    ----------------------------------------------------------------------
      7952         84        484         84       1784     192336   Object Totals
         0          0         32          0          0          0   (incl. Generated)
        82          0          0          0          8          0   (incl. Padding)

    ----------------------------------------------------------------------

      Code (inc. data)   RO Data    RW Data    ZI Data      Debug   Library Member Name

         8          0          0          0          0         68   __main.o
         0          0          0          0          0          0   __rtentry.o
        12          0          0          0          0          0   __rtentry2.o
         6          0          0          0          0          0   __rtentry4.o
        52          8          0          0          0          0   __scatter.o
        26          0          0          0          0          0   __scatter_copy.o
        28          0          0          0          0          0   __scatter_zi.o
        22          0          0          0          0         80   abort.o
        46          0          0          0          0         84   aeabi_atexit.o
        10          0          0          0          0         68   cxa_atexit.o
        66          0          0          0          0         84   cxa_finalize.o
        48         34          0          0          0         76   defsig_abrt_inner.o
        14          0          0          0          0         80   defsig_abrt_outer.o
        10          0          0          0          0         68   defsig_exit.o
        50          0          0          0          0         88   defsig_general.o
        80         58          0          0          0         76   defsig_rtmem_inner.o
        14          0          0          0          0         80   defsig_rtmem_outer.o
        18          0          0          0          0         80   exit.o
        94          0          0          0          0         80   h1_alloc.o
        52          0          0          0          0         68   h1_extend.o
        78          0          0          0          0         80   h1_free.o
        14          0          0          0          0         84   h1_init.o
         6          0          0          0          0        152   heapauxi.o
         4          0          0          0          0        136   hguard.o
         0          0          0          0          0          0   indicate_semi.o
        36          8          0          0          0         80   init_aeabi.o
       138          0          0          0          0        168   init_alloc.o
         2          0          0          0          0          0   libinit.o
        18          0          0          0          0          0   libinit2.o
         2          0          0          0          0          0   libshutdown.o
         8          0          0          0          0          0   libshutdown2.o
         8          4          0          0         96         68   libspace.o
       240          0          0          0          0        100   lludivv7m.o
         0          0          0          0          0          0   maybetermalloc1.o
         8          4          0          0          0         68   rt_ddtor_pointer_addr_intlibspace.o
         8          4          0          0          0         68   rt_heap_descriptor_intlibspace.o
        78          0          0          0          0         80   rt_memclr_w.o
       100          0          0          0          0         80   rt_memcpy_w.o
       122          0          0          0          0         80   rt_memmove_w.o
         2          0          0          0          0          0   rtexit.o
        10          0          0          0          0          0   rtexit2.o
        12          4          0          0          0         68   sys_exit.o
        74          0          0          0          0         80   sys_stackheap_outer.o
        14          0          0          0          0         76   sys_wrch.o
         2          0          0          0          0         68   use_no_semi.o
        84          0          0          0          0        244   dcmp.o
        24          0          0          0          0        116   dcmpi.o
       120          4          0          0          0        140   deqf.o
       120          4          0          0          0        140   dgeqf.o
       120          4          0          0          0        140   dleqf.o
       156          4          0          0          0        140   dnaninf.o
        12          0          0          0          0        116   dretinf.o
        86          4          0          0          0        132   f2d.o
       140          4          0          0          0        132   fnaninf.o
        26          0          0          0          0        116   fpinit.o
         0          0          0          0          0          0   usenofp.o
        46          0          0          0          0        380   new.cpp.o
         0          0          0          0          4          0   cxa_default_handlers.cpp.o
        12          0          0          0          0        132   cxa_handlers.cpp.o

    ----------------------------------------------------------------------
      2600        148          0          0        100       4544   Library Totals
        14          0          0          0          0          0   (incl. Padding)

    ----------------------------------------------------------------------

      Code (inc. data)   RO Data    RW Data    ZI Data      Debug   Library Name

      1640        124          0          0         96       2616   c_w.l
       888         24          0          0          0       1416   fz_wm.l
        46          0          0          0          0        380   libcpp_w.l
        12          0          0          0          4        132   libcppabi_w.l

    ----------------------------------------------------------------------
      2600        148          0          0        100       4544   Library Totals

    ----------------------------------------------------------------------

==============================================================================


      Code (inc. data)   RO Data    RW Data    ZI Data      Debug   

     10552        232        484         84       1884     194164   Grand Totals
     10552        232        484         84       1884     194164   ELF Image Totals
     10552        232        484         84          0          0   ROM Totals

==============================================================================

    Total RO  Size (Code + RO Data)                11036 (  10.78kB)
    Total RW  Size (RW Data + ZI Data)              1968 (   1.92kB)
    Total ROM Size (Code + RO Data + RW Data)      11120 (  10.86kB)

==============================================================================

