Archive member included to satisfy reference by file (symbol)

C:/MyProgramFiles/Engineering/Embedded/STM32CubeCLT-1.16.0/STM32CubeCLT_1.16.0/GNU-tools-for-STM32/bin/../lib/gcc/arm-none-eabi/12.3.1/thumb/v7e-m/nofp\libgcc.a(_arm_mulsf3.o)
                              CMakeFiles/STM32CANTest.elf.dir/Core/Src/can_task.cpp.obj (__aeabi_fmul)
C:/MyProgramFiles/Engineering/Embedded/STM32CubeCLT-1.16.0/STM32CubeCLT_1.16.0/GNU-tools-for-STM32/bin/../lib/gcc/arm-none-eabi/12.3.1/thumb/v7e-m/nofp\libgcc.a(_arm_addsubsf3.o)
                              CMakeFiles/STM32CANTest.elf.dir/Core/Src/can_task.cpp.obj (__aeabi_fsub)
C:/MyProgramFiles/Engineering/Embedded/STM32CubeCLT-1.16.0/STM32CubeCLT_1.16.0/GNU-tools-for-STM32/bin/../lib/gcc/arm-none-eabi/12.3.1/thumb/v7e-m/nofp\libgcc.a(_arm_muldivsf3.o)
                              CMakeFiles/STM32CANTest.elf.dir/Core/Src/can_task.cpp.obj (__aeabi_fdiv)
C:/MyProgramFiles/Engineering/Embedded/STM32CubeCLT-1.16.0/STM32CubeCLT_1.16.0/GNU-tools-for-STM32/bin/../lib/gcc/arm-none-eabi/12.3.1/thumb/v7e-m/nofp\libgcc.a(_arm_cmpsf2.o)
                              CMakeFiles/STM32CANTest.elf.dir/Core/Src/can_task.cpp.obj (__aeabi_fcmplt)
C:/MyProgramFiles/Engineering/Embedded/STM32CubeCLT-1.16.0/STM32CubeCLT_1.16.0/GNU-tools-for-STM32/bin/../lib/gcc/arm-none-eabi/12.3.1/thumb/v7e-m/nofp\libgcc.a(_aeabi_uldivmod.o)
                              CMakeFiles/STM32CANTest.elf.dir/Drivers/STM32F4xx_HAL_Driver/Src/stm32f4xx_hal_rcc.c.obj (__aeabi_uldivmod)
C:/MyProgramFiles/Engineering/Embedded/STM32CubeCLT-1.16.0/STM32CubeCLT_1.16.0/GNU-tools-for-STM32/bin/../lib/gcc/arm-none-eabi/12.3.1/thumb/v7e-m/nofp\libgcc.a(_udivmoddi4.o)
                              C:/MyProgramFiles/Engineering/Embedded/STM32CubeCLT-1.16.0/STM32CubeCLT_1.16.0/GNU-tools-for-STM32/bin/../lib/gcc/arm-none-eabi/12.3.1/thumb/v7e-m/nofp\libgcc.a(_aeabi_uldivmod.o) (__udivmoddi4)
C:/MyProgramFiles/Engineering/Embedded/STM32CubeCLT-1.16.0/STM32CubeCLT_1.16.0/GNU-tools-for-STM32/bin/../lib/gcc/arm-none-eabi/12.3.1/thumb/v7e-m/nofp\libgcc.a(unwind-arm.o)
                              CMakeFiles/STM32CANTest.elf.dir/Core/Src/can_task.cpp.obj (__aeabi_unwind_cpp_pr0)
C:/MyProgramFiles/Engineering/Embedded/STM32CubeCLT-1.16.0/STM32CubeCLT_1.16.0/GNU-tools-for-STM32/bin/../lib/gcc/arm-none-eabi/12.3.1/thumb/v7e-m/nofp\libgcc.a(libunwind.o)
                              C:/MyProgramFiles/Engineering/Embedded/STM32CubeCLT-1.16.0/STM32CubeCLT_1.16.0/GNU-tools-for-STM32/bin/../lib/gcc/arm-none-eabi/12.3.1/thumb/v7e-m/nofp\libgcc.a(unwind-arm.o) (restore_core_regs)
C:/MyProgramFiles/Engineering/Embedded/STM32CubeCLT-1.16.0/STM32CubeCLT_1.16.0/GNU-tools-for-STM32/bin/../lib/gcc/arm-none-eabi/12.3.1/thumb/v7e-m/nofp\libgcc.a(pr-support.o)
                              C:/MyProgramFiles/Engineering/Embedded/STM32CubeCLT-1.16.0/STM32CubeCLT_1.16.0/GNU-tools-for-STM32/bin/../lib/gcc/arm-none-eabi/12.3.1/thumb/v7e-m/nofp\libgcc.a(unwind-arm.o) (__gnu_unwind_execute)
C:/MyProgramFiles/Engineering/Embedded/STM32CubeCLT-1.16.0/STM32CubeCLT_1.16.0/GNU-tools-for-STM32/bin/../lib/gcc/arm-none-eabi/12.3.1/thumb/v7e-m/nofp\libgcc.a(_dvmd_tls.o)
                              C:/MyProgramFiles/Engineering/Embedded/STM32CubeCLT-1.16.0/STM32CubeCLT_1.16.0/GNU-tools-for-STM32/bin/../lib/gcc/arm-none-eabi/12.3.1/thumb/v7e-m/nofp\libgcc.a(_aeabi_uldivmod.o) (__aeabi_ldiv0)
C:/MyProgramFiles/Engineering/Embedded/STM32CubeCLT-1.16.0/STM32CubeCLT_1.16.0/GNU-tools-for-STM32/bin/../lib/gcc/arm-none-eabi/12.3.1/../../../../arm-none-eabi/lib/thumb/v7e-m/nofp\libg.a(libc_a-abort.o)
                              C:/MyProgramFiles/Engineering/Embedded/STM32CubeCLT-1.16.0/STM32CubeCLT_1.16.0/GNU-tools-for-STM32/bin/../lib/gcc/arm-none-eabi/12.3.1/thumb/v7e-m/nofp\libgcc.a(unwind-arm.o) (abort)
C:/MyProgramFiles/Engineering/Embedded/STM32CubeCLT-1.16.0/STM32CubeCLT_1.16.0/GNU-tools-for-STM32/bin/../lib/gcc/arm-none-eabi/12.3.1/../../../../arm-none-eabi/lib/thumb/v7e-m/nofp\libg.a(libc_a-exit.o)
                              C:/MyProgramFiles/Engineering/Embedded/STM32CubeCLT-1.16.0/STM32CubeCLT_1.16.0/GNU-tools-for-STM32/bin/../lib/gcc/arm-none-eabi/12.3.1/../../../../arm-none-eabi/lib/thumb/v7e-m/nofp/crt0.o (exit)
C:/MyProgramFiles/Engineering/Embedded/STM32CubeCLT-1.16.0/STM32CubeCLT_1.16.0/GNU-tools-for-STM32/bin/../lib/gcc/arm-none-eabi/12.3.1/../../../../arm-none-eabi/lib/thumb/v7e-m/nofp\libg.a(libc_a-findfp.o)
                              C:/MyProgramFiles/Engineering/Embedded/STM32CubeCLT-1.16.0/STM32CubeCLT_1.16.0/GNU-tools-for-STM32/bin/../lib/gcc/arm-none-eabi/12.3.1/../../../../arm-none-eabi/lib/thumb/v7e-m/nofp\libg.a(libc_a-exit.o) (__stdio_exit_handler)
C:/MyProgramFiles/Engineering/Embedded/STM32CubeCLT-1.16.0/STM32CubeCLT_1.16.0/GNU-tools-for-STM32/bin/../lib/gcc/arm-none-eabi/12.3.1/../../../../arm-none-eabi/lib/thumb/v7e-m/nofp\libg.a(libc_a-fwalk.o)
[...]
Memory Configuration

Name             Origin             Length             Attributes
CCMRAM           0x10000000         0x00010000         xrw
RAM              0x20000000         0x00030000         xrw
FLASH            0x08000000         0x00200000         xr
*default*        0x00000000         0xffffffff

Linker script and memory map

LOAD C:/MyProgramFiles/Engineering/Embedded/STM32CubeCLT-1.16.0/STM32CubeCLT_1.16.0/GNU-tools-for-STM32/bin/../lib/gcc/arm-none-eabi/12.3.1/thumb/v7e-m/nofp/crti.o
LOAD C:/MyProgramFiles/Engineering/Embedded/STM32CubeCLT-1.16.0/STM32CubeCLT_1.16.0/GNU-tools-for-STM32/bin/../lib/gcc/arm-none-eabi/12.3.1/thumb/v7e-m/nofp/crtbegin.o
LOAD C:/MyProgramFiles/Engineering/Embedded/STM32CubeCLT-1.16.0/STM32CubeCLT_1.16.0/GNU-tools-for-STM32/bin/../lib/gcc/arm-none-eabi/12.3.1/../../../../arm-none-eabi/lib/thumb/v7e-m/nofp/crt0.o
LOAD CMakeFiles/STM32CANTest.elf.dir/Core/Src/can.c.obj
LOAD CMakeFiles/STM32CANTest.elf.dir/Core/Src/can_task.cpp.obj
LOAD CMakeFiles/STM32CANTest.elf.dir/Core/Src/gpio.c.obj
LOAD CMakeFiles/STM32CANTest.elf.dir/Core/Src/main.c.obj
LOAD CMakeFiles/STM32CANTest.elf.dir/Core/Src/startup.cpp.obj
LOAD CMakeFiles/STM32CANTest.elf.dir/Core/Src/stm32f4xx_hal_msp.c.obj
LOAD CMakeFiles/STM32CANTest.elf.dir/Core/Src/stm32f4xx_it.c.obj
LOAD CMakeFiles/STM32CANTest.elf.dir/Core/Src/syscalls.c.obj
LOAD CMakeFiles/STM32CANTest.elf.dir/Core/Src/sysmem.c.obj
LOAD CMakeFiles/STM32CANTest.elf.dir/Core/Src/system_stm32f4xx.c.obj
LOAD CMakeFiles/STM32CANTest.elf.dir/Core/Startup/startup_stm32f427iihx.s.obj
LOAD CMakeFiles/STM32CANTest.elf.dir/Drivers/STM32F4xx_HAL_Driver/Src/stm32f4xx_hal.c.obj
LOAD CMakeFiles/STM32CANTest.elf.dir/Drivers/STM32F4xx_HAL_Driver/Src/stm32f4xx_hal_can.c.obj
LOAD CMakeFiles/STM32CANTest.elf.dir/Drivers/STM32F4xx_HAL_Driver/Src/stm32f4xx_hal_cortex.c.obj
LOAD CMakeFiles/STM32CANTest.elf.dir/Drivers/STM32F4xx_HAL_Driver/Src/stm32f4xx_hal_dma.c.obj
LOAD CMakeFiles/STM32CANTest.elf.dir/Drivers/STM32F4xx_HAL_Driver/Src/stm32f4xx_hal_dma_ex.c.obj
LOAD CMakeFiles/STM32CANTest.elf.dir/Drivers/STM32F4xx_HAL_Driver/Src/stm32f4xx_hal_exti.c.obj
LOAD CMakeFiles/STM32CANTest.elf.dir/Drivers/STM32F4xx_HAL_Driver/Src/stm32f4xx_hal_flash.c.obj
LOAD CMakeFiles/STM32CANTest.elf.dir/Drivers/STM32F4xx_HAL_Driver/Src/stm32f4xx_hal_flash_ex.c.obj
LOAD CMakeFiles/STM32CANTest.elf.dir/Drivers/STM32F4xx_HAL_Driver/Src/stm32f4xx_hal_flash_ramfunc.c.obj
LOAD CMakeFiles/STM32CANTest.elf.dir/Drivers/STM32F4xx_HAL_Driver/Src/stm32f4xx_hal_gpio.c.obj
LOAD CMakeFiles/STM32CANTest.elf.dir/Drivers/STM32F4xx_HAL_Driver/Src/stm32f4xx_hal_pwr.c.obj
LOAD CMakeFiles/STM32CANTest.elf.dir/Drivers/STM32F4xx_HAL_Driver/Src/stm32f4xx_hal_pwr_ex.c.obj
LOAD CMakeFiles/STM32CANTest.elf.dir/Drivers/STM32F4xx_HAL_Driver/Src/stm32f4xx_hal_rcc.c.obj
LOAD CMakeFiles/STM32CANTest.elf.dir/Drivers/STM32F4xx_HAL_Driver/Src/stm32f4xx_hal_rcc_ex.c.obj
LOAD CMakeFiles/STM32CANTest.elf.dir/Drivers/STM32F4xx_HAL_Driver/Src/stm32f4xx_hal_tim.c.obj
LOAD CMakeFiles/STM32CANTest.elf.dir/Drivers/STM32F4xx_HAL_Driver/Src/stm32f4xx_hal_tim_ex.c.obj
LOAD C:/MyProgramFiles/Engineering/Embedded/STM32CubeCLT-1.16.0/STM32CubeCLT_1.16.0/GNU-tools-for-STM32/bin/../lib/gcc/arm-none-eabi/12.3.1/../../../../arm-none-eabi/lib/thumb/v7e-m/nofp\libstdc++.a
LOAD C:/MyProgramFiles/Engineering/Embedded/STM32CubeCLT-1.16.0/STM32CubeCLT_1.16.0/GNU-tools-for-STM32/bin/../lib/gcc/arm-none-eabi/12.3.1/../../../../arm-none-eabi/lib/thumb/v7e-m/nofp\libm.a
START GROUP
LOAD C:/MyProgramFiles/Engineering/Embedded/STM32CubeCLT-1.16.0/STM32CubeCLT_1.16.0/GNU-tools-for-STM32/bin/../lib/gcc/arm-none-eabi/12.3.1/thumb/v7e-m/nofp\libgcc.a
LOAD C:/MyProgramFiles/Engineering/Embedded/STM32CubeCLT-1.16.0/STM32CubeCLT_1.16.0/GNU-tools-for-STM32/bin/../lib/gcc/arm-none-eabi/12.3.1/../../../../arm-none-eabi/lib/thumb/v7e-m/nofp\libg.a
LOAD C:/MyProgramFiles/Engineering/Embedded/STM32CubeCLT-1.16.0/STM32CubeCLT_1.16.0/GNU-tools-for-STM32/bin/../lib/gcc/arm-none-eabi/12.3.1/../../../../arm-none-eabi/lib/thumb/v7e-m/nofp\libc.a
END GROUP
LOAD C:/MyProgramFiles/Engineering/Embedded/STM32CubeCLT-1.16.0/STM32CubeCLT_1.16.0/GNU-tools-for-STM32/bin/../lib/gcc/arm-none-eabi/12.3.1/thumb/v7e-m/nofp/crtend.o
LOAD C:/MyProgramFiles/Engineering/Embedded/STM32CubeCLT-1.16.0/STM32CubeCLT_1.16.0/GNU-tools-for-STM32/bin/../lib/gcc/arm-none-eabi/12.3.1/thumb/v7e-m/nofp/crtn.o
                0x20030000                        _estack = (ORIGIN (RAM) + LENGTH (RAM))
                0x00000200                        _Min_Heap_Size = 0x200
                0x00000400                        _Min_Stack_Size = 0x400

.isr_vector     0x08000000      0x1ac
                0x08000000                        . = ALIGN (0x4)
 *(.isr_vector)
 .isr_vector    0x08000000      0x1ac CMakeFiles/STM32CANTest.elf.dir/Core/Startup/startup_stm32f427iihx.s.obj
                0x08000000                g_pfnVectors
                0x080001ac                        . = ALIGN (0x4)

.text           0x080001ac     0x2894
                0x080001ac                        . = ALIGN (0x4)
 *(.text)
 .text          0x080001ac       0x40 C:/MyProgramFiles/Engineering/Embedded/STM32CubeCLT-1.16.0/STM32CubeCLT_1.16.0/GNU-tools-for-STM32/bin/../lib/gcc/arm-none-eabi/12.3.1/thumb/v7e-m/nofp/crtbegin.o
 .text          0x080001ec       0x30 C:/MyProgramFiles/Engineering/Embedded/STM32CubeCLT-1.16.0/STM32CubeCLT_1.16.0/GNU-tools-for-STM32/bin/../lib/gcc/arm-none-eabi/12.3.1/thumb/v7e-m/nofp\libgcc.a(_aeabi_uldivmod.o)
                0x080001ec                __aeabi_uldivmod
 .text          0x0800021c      0x2bc C:/MyProgramFiles/Engineering/Embedded/STM32CubeCLT-1.16.0/STM32CubeCLT_1.16.0/GNU-tools-for-STM32/bin/../lib/gcc/arm-none-eabi/12.3.1/thumb/v7e-m/nofp\libgcc.a(_udivmoddi4.o)
                0x0800021c                __udivmoddi4
 .text          0x080004d8      0x9f4 C:/MyProgramFiles/Engineering/Embedded/STM32CubeCLT-1.16.0/STM32CubeCLT_1.16.0/GNU-tools-for-STM32/bin/../lib/gcc/arm-none-eabi/12.3.1/thumb/v7e-m/nofp\libgcc.a(unwind-arm.o)
                0x08000788                _Unwind_GetCFA
                0x0800078c                __gnu_Unwind_RaiseException
                0x080007f4                __gnu_Unwind_ForcedUnwind
                0x08000804                __gnu_Unwind_Resume
                0x08000848                __gnu_Unwind_Resume_or_Rethrow
                0x08000858                _Unwind_Complete
                0x0800085c                _Unwind_DeleteException
                0x08000868                _Unwind_VRS_Get
                0x080008b4                _Unwind_VRS_Set
                0x080008fc                __gnu_Unwind_Backtrace
                0x08000c18                __aeabi_unwind_cpp_pr0
                0x08000c1c                __aeabi_unwind_cpp_pr1
                0x08000c20                __aeabi_unwind_cpp_pr2
                0x08000c24                _Unwind_VRS_Pop
 .text          0x08000ecc      0x1ac C:/MyProgramFiles/Engineering/Embedded/STM32CubeCLT-1.16.0/STM32CubeCLT_1.16.0/GNU-tools-for-STM32/bin/../lib/gcc/arm-none-eabi/12.3.1/thumb/v7e-m/nofp\libgcc.a(libunwind.o)
                0x08000ecc                __restore_core_regs
                0x08000ecc                restore_core_regs
                0x08000ee4                __gnu_Unwind_Restore_VFP
                0x08000eec                __gnu_Unwind_Save_VFP
                0x08000ef4                __gnu_Unwind_Restore_VFP_D
                0x08000efc                __gnu_Unwind_Save_VFP_D
                0x08000f04                __gnu_Unwind_Restore_VFP_D_16_to_31
                0x08000f0c                __gnu_Unwind_Save_VFP_D_16_to_31
                0x08000f14                __gnu_Unwind_Restore_WMMXD
                0x08000f58                __gnu_Unwind_Save_WMMXD
                0x08000f9c                __gnu_Unwind_Restore_WMMXC
                0x08000fb0                __gnu_Unwind_Save_WMMXC
                0x08000fc4                ___Unwind_RaiseException
                0x08000fc4                _Unwind_RaiseException
                0x08000fe8                _Unwind_Resume
                0x08000fe8                ___Unwind_Resume
                0x0800100c                _Unwind_Resume_or_Rethrow
                0x0800100c                ___Unwind_Resume_or_Rethrow
                0x08001030                _Unwind_ForcedUnwind
                0x08001030                ___Unwind_ForcedUnwind
                0x08001054                ___Unwind_Backtrace
                0x08001054                _Unwind_Backtrace
 .text          0x08001078      0x378 C:/MyProgramFiles/Engineering/Embedded/STM32CubeCLT-1.16.0/STM32CubeCLT_1.16.0/GNU-tools-for-STM32/bin/../lib/gcc/arm-none-eabi/12.3.1/thumb/v7e-m/nofp\libgcc.a(pr-support.o)
                0x080010d0                __gnu_unwind_execute
                0x080013a4                __gnu_unwind_frame
                0x080013d0                _Unwind_GetRegionStart
                0x080013dc                _Unwind_GetLanguageSpecificData
 .text          0x080013f0        0x4 C:/MyProgramFiles/Engineering/Embedded/STM32CubeCLT-1.16.0/STM32CubeCLT_1.16.0/GNU-tools-for-STM32/bin/../lib/gcc/arm-none-eabi/12.3.1/thumb/v7e-m/nofp\libgcc.a(_dvmd_tls.o)
                0x080013f0                __aeabi_idiv0
                0x080013f0                __aeabi_ldiv0
 *(.text*)
 .text.MX_CAN1_Init
                0x080013f4       0x44 CMakeFiles/STM32CANTest.elf.dir/Core/Src/can.c.obj
                0x080013f4                MX_CAN1_Init
 .text.HAL_CAN_MspInit
                0x08001438       0xac CMakeFiles/STM32CANTest.elf.dir/Core/Src/can.c.obj
                0x08001438                HAL_CAN_MspInit
 .text._Z11canTaskInitv
                0x080014e4       0x34 CMakeFiles/STM32CANTest.elf.dir/Core/Src/can_task.cpp.obj
                0x080014e4                canTaskInit()
 .text.HAL_CAN_RxFifo0MsgPendingCallback
                0x08001518       0x24 CMakeFiles/STM32CANTest.elf.dir/Core/Src/can_task.cpp.obj
                0x08001518                HAL_CAN_RxFifo0MsgPendingCallback
 .text.MX_GPIO_Init
                0x0800153c       0x4c CMakeFiles/STM32CANTest.elf.dir/Core/Src/gpio.c.obj
                0x0800153c                MX_GPIO_Init
 .text.Error_Handler
                0x08001588        0x4 CMakeFiles/STM32CANTest.elf.dir/Core/Src/main.c.obj
                0x08001588                Error_Handler
 .text.SystemClock_Config
                0x0800158c       0xb4 CMakeFiles/STM32CANTest.elf.dir/Core/Src/main.c.obj
                0x0800158c                SystemClock_Config
 .text.main     0x08001640       0x18 CMakeFiles/STM32CANTest.elf.dir/Core/Src/main.c.obj
                0x08001640                main
 .text.startup  0x08001658        0x8 CMakeFiles/STM32CANTest.elf.dir/Core/Src/startup.cpp.obj
                0x08001658                startup
 .text.HAL_MspInit
                0x08001660       0x38 CMakeFiles/STM32CANTest.elf.dir/Core/Src/stm32f4xx_hal_msp.c.obj
                0x08001660                HAL_MspInit
 .text.NMI_Handler
                0x08001698        0x2 CMakeFiles/STM32CANTest.elf.dir/Core/Src/stm32f4xx_it.c.obj
                0x08001698                NMI_Handler
 .text.HardFault_Handler
                0x0800169a        0x2 CMakeFiles/STM32CANTest.elf.dir/Core/Src/stm32f4xx_it.c.obj
                0x0800169a                HardFault_Handler
 .text.MemManage_Handler
                0x0800169c        0x2 CMakeFiles/STM32CANTest.elf.dir/Core/Src/stm32f4xx_it.c.obj
                0x0800169c                MemManage_Handler
 .text.BusFault_Handler
                0x0800169e        0x2 CMakeFiles/STM32CANTest.elf.dir/Core/Src/stm32f4xx_it.c.obj
                0x0800169e                BusFault_Handler
 .text.UsageFault_Handler
                0x080016a0        0x2 CMakeFiles/STM32CANTest.elf.dir/Core/Src/stm32f4xx_it.c.obj
                0x080016a0                UsageFault_Handler
 .text.SVC_Handler
                0x080016a2        0x2 CMakeFiles/STM32CANTest.elf.dir/Core/Src/stm32f4xx_it.c.obj
                0x080016a2                SVC_Handler
 .text.DebugMon_Handler
                0x080016a4        0x2 CMakeFiles/STM32CANTest.elf.dir/Core/Src/stm32f4xx_it.c.obj
                0x080016a4                DebugMon_Handler
 .text.PendSV_Handler
                0x080016a6        0x2 CMakeFiles/STM32CANTest.elf.dir/Core/Src/stm32f4xx_it.c.obj
                0x080016a6                PendSV_Handler
 .text.SysTick_Handler
                0x080016a8        0x8 CMakeFiles/STM32CANTest.elf.dir/Core/Src/stm32f4xx_it.c.obj
                0x080016a8                SysTick_Handler
 .text.CAN1_TX_IRQHandler
                0x080016b0       0x10 CMakeFiles/STM32CANTest.elf.dir/Core/Src/stm32f4xx_it.c.obj
                0x080016b0                CAN1_TX_IRQHandler
 .text.CAN1_RX0_IRQHandler
                0x080016c0       0x10 CMakeFiles/STM32CANTest.elf.dir/Core/Src/stm32f4xx_it.c.obj
                0x080016c0                CAN1_RX0_IRQHandler
 .text.CAN1_RX1_IRQHandler
                0x080016d0       0x10 CMakeFiles/STM32CANTest.elf.dir/Core/Src/stm32f4xx_it.c.obj
                0x080016d0                CAN1_RX1_IRQHandler
 .text.CAN1_SCE_IRQHandler
                0x080016e0       0x10 CMakeFiles/STM32CANTest.elf.dir/Core/Src/stm32f4xx_it.c.obj
                0x080016e0                CAN1_SCE_IRQHandler
 .text._getpid  0x080016f0        0x4 CMakeFiles/STM32CANTest.elf.dir/Core/Src/syscalls.c.obj
                0x080016f0                _getpid
 .text._kill    0x080016f4       0x10 CMakeFiles/STM32CANTest.elf.dir/Core/Src/syscalls.c.obj
                0x080016f4                _kill
 .text._exit    0x08001704        0xc CMakeFiles/STM32CANTest.elf.dir/Core/Src/syscalls.c.obj
                0x08001704                _exit
 .text.SystemInit
                0x08001710        0x2 CMakeFiles/STM32CANTest.elf.dir/Core/Src/system_stm32f4xx.c.obj
                0x08001710                SystemInit
 *fill*         0x08001712        0x2 
 .text.Reset_Handler
                0x08001714       0x50 CMakeFiles/STM32CANTest.elf.dir/Core/Startup/startup_stm32f427iihx.s.obj
                0x08001714                Reset_Handler
 .text.Default_Handler
                0x08001764        0x2 CMakeFiles/STM32CANTest.elf.dir/Core/Startup/startup_stm32f427iihx.s.obj
                0x08001764                RTC_Alarm_IRQHandler
                0x08001764                HASH_RNG_IRQHandler
                0x08001764                EXTI2_IRQHandler
                0x08001764                TIM8_CC_IRQHandler
                0x08001764                UART8_IRQHandler
                0x08001764                SPI4_IRQHandler
                0x08001764                TIM1_CC_IRQHandler
                0x08001764                DMA2_Stream5_IRQHandler
                0x08001764                DMA1_Stream5_IRQHandler
                0x08001764                PVD_IRQHandler
                0x08001764                SDIO_IRQHandler
                0x08001764                TAMP_STAMP_IRQHandler
                0x08001764                CAN2_RX1_IRQHandler
                0x08001764                EXTI3_IRQHandler
                0x08001764                TIM8_TRG_COM_TIM14_IRQHandler
                0x08001764                TIM1_UP_TIM10_IRQHandler
                0x08001764                TIM8_UP_TIM13_IRQHandler
                0x08001764                I2C3_ER_IRQHandler
                0x08001764                EXTI0_IRQHandler
                0x08001764                I2C2_EV_IRQHandler
                0x08001764                DMA1_Stream2_IRQHandler
                0x08001764                FPU_IRQHandler
                0x08001764                OTG_HS_WKUP_IRQHandler
                0x08001764                CAN2_SCE_IRQHandler
                0x08001764                DMA2_Stream2_IRQHandler
                0x08001764                SPI1_IRQHandler
                0x08001764                TIM6_DAC_IRQHandler
                0x08001764                TIM1_BRK_TIM9_IRQHandler
                0x08001764                DCMI_IRQHandler
                0x08001764                CAN2_RX0_IRQHandler
                0x08001764                DMA2_Stream3_IRQHandler
                0x08001764                USART6_IRQHandler
                0x08001764                USART3_IRQHandler
                0x08001764                UART5_IRQHandler
                0x08001764                DMA2_Stream0_IRQHandler
                0x08001764                TIM4_IRQHandler
                0x08001764                I2C1_EV_IRQHandler
                0x08001764                DMA1_Stream6_IRQHandler
                0x08001764                DMA1_Stream1_IRQHandler
                0x08001764                UART4_IRQHandler
                0x08001764                TIM3_IRQHandler
                0x08001764                RCC_IRQHandler
                0x08001764                TIM8_BRK_TIM12_IRQHandler
                0x08001764                Default_Handler
                0x08001764                EXTI15_10_IRQHandler
                0x08001764                ADC_IRQHandler
                0x08001764                DMA1_Stream7_IRQHandler
                0x08001764                SPI5_IRQHandler
                0x08001764                TIM7_IRQHandler
                0x08001764                CAN2_TX_IRQHandler
                0x08001764                TIM5_IRQHandler
                0x08001764                DMA2_Stream7_IRQHandler
                0x08001764                I2C3_EV_IRQHandler
                0x08001764                EXTI9_5_IRQHandler
                0x08001764                RTC_WKUP_IRQHandler
                0x08001764                ETH_WKUP_IRQHandler
                0x08001764                SPI2_IRQHandler
                0x08001764                OTG_HS_EP1_IN_IRQHandler
                0x08001764                DMA1_Stream0_IRQHandler
                0x08001764                EXTI4_IRQHandler
                0x08001764                ETH_IRQHandler
                0x08001764                OTG_HS_EP1_OUT_IRQHandler
                0x08001764                WWDG_IRQHandler
                0x08001764                SPI6_IRQHandler
                0x08001764                TIM2_IRQHandler
                0x08001764                OTG_FS_WKUP_IRQHandler
                0x08001764                TIM1_TRG_COM_TIM11_IRQHandler
                0x08001764                OTG_HS_IRQHandler
                0x08001764                DMA2D_IRQHandler
                0x08001764                EXTI1_IRQHandler
                0x08001764                UART7_IRQHandler
                0x08001764                USART2_IRQHandler
                0x08001764                I2C2_ER_IRQHandler
                0x08001764                DMA2_Stream1_IRQHandler
                0x08001764                FLASH_IRQHandler
                0x08001764                DMA2_Stream4_IRQHandler
                0x08001764                USART1_IRQHandler
                0x08001764                OTG_FS_IRQHandler
                0x08001764                SPI3_IRQHandler
                0x08001764                DMA1_Stream4_IRQHandler
                0x08001764                I2C1_ER_IRQHandler
                0x08001764                FMC_IRQHandler
                0x08001764                DMA2_Stream6_IRQHandler
                0x08001764                SAI1_IRQHandler
                0x08001764                DMA1_Stream3_IRQHandler
 *fill*         0x08001766        0x2 
 .text.HAL_InitTick
                0x08001768       0x4c CMakeFiles/STM32CANTest.elf.dir/Drivers/STM32F4xx_HAL_Driver/Src/stm32f4xx_hal.c.obj
                0x08001768                HAL_InitTick
 .text.HAL_Init
                0x080017b4       0x34 CMakeFiles/STM32CANTest.elf.dir/Drivers/STM32F4xx_HAL_Driver/Src/stm32f4xx_hal.c.obj
                0x080017b4                HAL_Init
 .text.HAL_IncTick
                0x080017e8       0x18 CMakeFiles/STM32CANTest.elf.dir/Drivers/STM32F4xx_HAL_Driver/Src/stm32f4xx_hal.c.obj
                0x080017e8                HAL_IncTick
 .text.HAL_GetTick
                0x08001800        0xc CMakeFiles/STM32CANTest.elf.dir/Drivers/STM32F4xx_HAL_Driver/Src/stm32f4xx_hal.c.obj
                0x08001800                HAL_GetTick
 .text.HAL_CAN_Init
                0x0800180c      0x14c CMakeFiles/STM32CANTest.elf.dir/Drivers/STM32F4xx_HAL_Driver/Src/stm32f4xx_hal_can.c.obj
                0x0800180c                HAL_CAN_Init
 .text.HAL_CAN_ConfigFilter
                0x08001958      0x13c CMakeFiles/STM32CANTest.elf.dir/Drivers/STM32F4xx_HAL_Driver/Src/stm32f4xx_hal_can.c.obj
                0x08001958                HAL_CAN_ConfigFilter
 .text.HAL_CAN_Start
                0x08001a94       0x5c CMakeFiles/STM32CANTest.elf.dir/Drivers/STM32F4xx_HAL_Driver/Src/stm32f4xx_hal_can.c.obj
                0x08001a94                HAL_CAN_Start
 .text.HAL_CAN_GetRxMessage
                0x08001af0      0x156 CMakeFiles/STM32CANTest.elf.dir/Drivers/STM32F4xx_HAL_Driver/Src/stm32f4xx_hal_can.c.obj
                0x08001af0                HAL_CAN_GetRxMessage
 .text.HAL_CAN_ActivateNotification
                0x08001c46       0x24 CMakeFiles/STM32CANTest.elf.dir/Drivers/STM32F4xx_HAL_Driver/Src/stm32f4xx_hal_can.c.obj
                0x08001c46                HAL_CAN_ActivateNotification
 .text.HAL_CAN_TxMailbox0CompleteCallback
                0x08001c6a        0x2 CMakeFiles/STM32CANTest.elf.dir/Drivers/STM32F4xx_HAL_Driver/Src/stm32f4xx_hal_can.c.obj
                0x08001c6a                HAL_CAN_TxMailbox0CompleteCallback
 .text.HAL_CAN_TxMailbox1CompleteCallback
                0x08001c6c        0x2 CMakeFiles/STM32CANTest.elf.dir/Drivers/STM32F4xx_HAL_Driver/Src/stm32f4xx_hal_can.c.obj
                0x08001c6c                HAL_CAN_TxMailbox1CompleteCallback
 .text.HAL_CAN_TxMailbox2CompleteCallback
                0x08001c6e        0x2 CMakeFiles/STM32CANTest.elf.dir/Drivers/STM32F4xx_HAL_Driver/Src/stm32f4xx_hal_can.c.obj
                0x08001c6e                HAL_CAN_TxMailbox2CompleteCallback
 .text.HAL_CAN_TxMailbox0AbortCallback
                0x08001c70        0x2 CMakeFiles/STM32CANTest.elf.dir/Drivers/STM32F4xx_HAL_Driver/Src/stm32f4xx_hal_can.c.obj
                0x08001c70                HAL_CAN_TxMailbox0AbortCallback
 .text.HAL_CAN_TxMailbox1AbortCallback
                0x08001c72        0x2 CMakeFiles/STM32CANTest.elf.dir/Drivers/STM32F4xx_HAL_Driver/Src/stm32f4xx_hal_can.c.obj
                0x08001c72                HAL_CAN_TxMailbox1AbortCallback
 .text.HAL_CAN_TxMailbox2AbortCallback
                0x08001c74        0x2 CMakeFiles/STM32CANTest.elf.dir/Drivers/STM32F4xx_HAL_Driver/Src/stm32f4xx_hal_can.c.obj
                0x08001c74                HAL_CAN_TxMailbox2AbortCallback
 .text.HAL_CAN_RxFifo0FullCallback
                0x08001c76        0x2 CMakeFiles/STM32CANTest.elf.dir/Drivers/STM32F4xx_HAL_Driver/Src/stm32f4xx_hal_can.c.obj
                0x08001c76                HAL_CAN_RxFifo0FullCallback
 .text.HAL_CAN_RxFifo1MsgPendingCallback
                0x08001c78        0x2 CMakeFiles/STM32CANTest.elf.dir/Drivers/STM32F4xx_HAL_Driver/Src/stm32f4xx_hal_can.c.obj
                0x08001c78                HAL_CAN_RxFifo1MsgPendingCallback
 .text.HAL_CAN_RxFifo1FullCallback
                0x08001c7a        0x2 CMakeFiles/STM32CANTest.elf.dir/Drivers/STM32F4xx_HAL_Driver/Src/stm32f4xx_hal_can.c.obj
                0x08001c7a                HAL_CAN_RxFifo1FullCallback
 .text.HAL_CAN_SleepCallback
                0x08001c7c        0x2 CMakeFiles/STM32CANTest.elf.dir/Drivers/STM32F4xx_HAL_Driver/Src/stm32f4xx_hal_can.c.obj
                0x08001c7c                HAL_CAN_SleepCallback
 .text.HAL_CAN_WakeUpFromRxMsgCallback
                0x08001c7e        0x2 CMakeFiles/STM32CANTest.elf.dir/Drivers/STM32F4xx_HAL_Driver/Src/stm32f4xx_hal_can.c.obj
                0x08001c7e                HAL_CAN_WakeUpFromRxMsgCallback
 .text.HAL_CAN_ErrorCallback
                0x08001c80        0x2 CMakeFiles/STM32CANTest.elf.dir/Drivers/STM32F4xx_HAL_Driver/Src/stm32f4xx_hal_can.c.obj
                0x08001c80                HAL_CAN_ErrorCallback
 .text.HAL_CAN_IRQHandler
                0x08001c82      0x24a CMakeFiles/STM32CANTest.elf.dir/Drivers/STM32F4xx_HAL_Driver/Src/stm32f4xx_hal_can.c.obj
                0x08001c82                HAL_CAN_IRQHandler
 .text.__NVIC_SetPriority
                0x08001ecc       0x28 CMakeFiles/STM32CANTest.elf.dir/Drivers/STM32F4xx_HAL_Driver/Src/stm32f4xx_hal_cortex.c.obj
 .text.NVIC_EncodePriority
                0x08001ef4       0x3e CMakeFiles/STM32CANTest.elf.dir/Drivers/STM32F4xx_HAL_Driver/Src/stm32f4xx_hal_cortex.c.obj
 *fill*         0x08001f32        0x2 
 .text.HAL_NVIC_SetPriorityGrouping
                0x08001f34       0x24 CMakeFiles/STM32CANTest.elf.dir/Drivers/STM32F4xx_HAL_Driver/Src/stm32f4xx_hal_cortex.c.obj
                0x08001f34                HAL_NVIC_SetPriorityGrouping
 .text.HAL_NVIC_SetPriority
                0x08001f58       0x20 CMakeFiles/STM32CANTest.elf.dir/Drivers/STM32F4xx_HAL_Driver/Src/stm32f4xx_hal_cortex.c.obj
                0x08001f58                HAL_NVIC_SetPriority
 .text.HAL_NVIC_EnableIRQ
                0x08001f78       0x1c CMakeFiles/STM32CANTest.elf.dir/Drivers/STM32F4xx_HAL_Driver/Src/stm32f4xx_hal_cortex.c.obj
                0x08001f78                HAL_NVIC_EnableIRQ
 .text.HAL_SYSTICK_Config
                0x08001f94       0x28 CMakeFiles/STM32CANTest.elf.dir/Drivers/STM32F4xx_HAL_Driver/Src/stm32f4xx_hal_cortex.c.obj
                0x08001f94                HAL_SYSTICK_Config
 .text.HAL_GPIO_Init
                0x08001fbc      0x20c CMakeFiles/STM32CANTest.elf.dir/Drivers/STM32F4xx_HAL_Driver/Src/stm32f4xx_hal_gpio.c.obj
                0x08001fbc                HAL_GPIO_Init
 .text.HAL_PWREx_EnableOverDrive
                0x080021c8       0x7c CMakeFiles/STM32CANTest.elf.dir/Drivers/STM32F4xx_HAL_Driver/Src/stm32f4xx_hal_pwr_ex.c.obj
                0x080021c8                HAL_PWREx_EnableOverDrive
 .text.HAL_RCC_OscConfig
                0x08002244      0x3f8 CMakeFiles/STM32CANTest.elf.dir/Drivers/STM32F4xx_HAL_Driver/Src/stm32f4xx_hal_rcc.c.obj
                0x08002244                HAL_RCC_OscConfig
 .text.HAL_RCC_GetSysClockFreq
                0x0800263c       0xa8 CMakeFiles/STM32CANTest.elf.dir/Drivers/STM32F4xx_HAL_Driver/Src/stm32f4xx_hal_rcc.c.obj
                0x0800263c                HAL_RCC_GetSysClockFreq
 .text.HAL_RCC_ClockConfig
                0x080026e4      0x160 CMakeFiles/STM32CANTest.elf.dir/Drivers/STM32F4xx_HAL_Driver/Src/stm32f4xx_hal_rcc.c.obj
                0x080026e4                HAL_RCC_ClockConfig
 .text.abort    0x08002844        0xe C:/MyProgramFiles/Engineering/Embedded/STM32CubeCLT-1.16.0/STM32CubeCLT_1.16.0/GNU-tools-for-STM32/bin/../lib/gcc/arm-none-eabi/12.3.1/../../../../arm-none-eabi/lib/thumb/v7e-m/nofp\libg.a(libc_a-abort.o)
                0x08002844                abort
 .text.memset   0x08002852       0x10 C:/MyProgramFiles/Engineering/Embedded/STM32CubeCLT-1.16.0/STM32CubeCLT_1.16.0/GNU-tools-for-STM32/bin/../lib/gcc/arm-none-eabi/12.3.1/../../../../arm-none-eabi/lib/thumb/v7e-m/nofp\libg.a(libc_a-memset.o)
                0x08002852                memset
 .text._raise_r
                0x08002862       0x52 C:/MyProgramFiles/Engineering/Embedded/STM32CubeCLT-1.16.0/STM32CubeCLT_1.16.0/GNU-tools-for-STM32/bin/../lib/gcc/arm-none-eabi/12.3.1/../../../../arm-none-eabi/lib/thumb/v7e-m/nofp\libg.a(libc_a-signal.o)
                0x08002862                _raise_r
 .text.raise    0x080028b4       0x10 C:/MyProgramFiles/Engineering/Embedded/STM32CubeCLT-1.16.0/STM32CubeCLT_1.16.0/GNU-tools-for-STM32/bin/../lib/gcc/arm-none-eabi/12.3.1/../../../../arm-none-eabi/lib/thumb/v7e-m/nofp\libg.a(libc_a-signal.o)
                0x080028b4                raise
 .text._kill_r  0x080028c4       0x24 C:/MyProgramFiles/Engineering/Embedded/STM32CubeCLT-1.16.0/STM32CubeCLT_1.16.0/GNU-tools-for-STM32/bin/../lib/gcc/arm-none-eabi/12.3.1/../../../../arm-none-eabi/lib/thumb/v7e-m/nofp\libg.a(libc_a-signalr.o)
                0x080028c4                _kill_r
 .text._getpid_r
                0x080028e8        0x4 C:/MyProgramFiles/Engineering/Embedded/STM32CubeCLT-1.16.0/STM32CubeCLT_1.16.0/GNU-tools-for-STM32/bin/../lib/gcc/arm-none-eabi/12.3.1/../../../../arm-none-eabi/lib/thumb/v7e-m/nofp\libg.a(libc_a-signalr.o)
                0x080028e8                _getpid_r
 .text.__errno  0x080028ec        0xc C:/MyProgramFiles/Engineering/Embedded/STM32CubeCLT-1.16.0/STM32CubeCLT_1.16.0/GNU-tools-for-STM32/bin/../lib/gcc/arm-none-eabi/12.3.1/../../../../arm-none-eabi/lib/thumb/v7e-m/nofp\libg.a(libc_a-errno.o)
                0x080028ec                __errno
 .text.__libc_init_array
                0x080028f8       0x48 C:/MyProgramFiles/Engineering/Embedded/STM32CubeCLT-1.16.0/STM32CubeCLT_1.16.0/GNU-tools-for-STM32/bin/../lib/gcc/arm-none-eabi/12.3.1/../../../../arm-none-eabi/lib/thumb/v7e-m/nofp\libg.a(libc_a-init.o)
                0x080028f8                __libc_init_array
 .text.__retarget_lock_acquire_recursive
                0x08002940        0x2 C:/MyProgramFiles/Engineering/Embedded/STM32CubeCLT-1.16.0/STM32CubeCLT_1.16.0/GNU-tools-for-STM32/bin/../lib/gcc/arm-none-eabi/12.3.1/../../../../arm-none-eabi/lib/thumb/v7e-m/nofp\libg.a(libc_a-lock.o)
                0x08002940                __retarget_lock_acquire_recursive
 .text.__retarget_lock_release_recursive
                0x08002942        0x2 C:/MyProgramFiles/Engineering/Embedded/STM32CubeCLT-1.16.0/STM32CubeCLT_1.16.0/GNU-tools-for-STM32/bin/../lib/gcc/arm-none-eabi/12.3.1/../../../../arm-none-eabi/lib/thumb/v7e-m/nofp\libg.a(libc_a-lock.o)
                0x08002942                __retarget_lock_release_recursive
 .text.memcpy   0x08002944       0x1c C:/MyProgramFiles/Engineering/Embedded/STM32CubeCLT-1.16.0/STM32CubeCLT_1.16.0/GNU-tools-for-STM32/bin/../lib/gcc/arm-none-eabi/12.3.1/../../../../arm-none-eabi/lib/thumb/v7e-m/nofp\libg.a(libc_a-memcpy-stub.o)
                0x08002944                memcpy
 .text.startup.register_fini
                0x08002960       0x14 C:/MyProgramFiles/Engineering/Embedded/STM32CubeCLT-1.16.0/STM32CubeCLT_1.16.0/GNU-tools-for-STM32/bin/../lib/gcc/arm-none-eabi/12.3.1/../../../../arm-none-eabi/lib/thumb/v7e-m/nofp\libg.a(libc_a-__call_atexit.o)
 .text.atexit   0x08002974        0xc C:/MyProgramFiles/Engineering/Embedded/STM32CubeCLT-1.16.0/STM32CubeCLT_1.16.0/GNU-tools-for-STM32/bin/../lib/gcc/arm-none-eabi/12.3.1/../../../../arm-none-eabi/lib/thumb/v7e-m/nofp\libg.a(libc_a-atexit.o)
                0x08002974                atexit
 .text.__libc_fini_array
                0x08002980       0x28 C:/MyProgramFiles/Engineering/Embedded/STM32CubeCLT-1.16.0/STM32CubeCLT_1.16.0/GNU-tools-for-STM32/bin/../lib/gcc/arm-none-eabi/12.3.1/../../../../arm-none-eabi/lib/thumb/v7e-m/nofp\libg.a(libc_a-fini.o)
                0x08002980                __libc_fini_array
 .text.__register_exitproc
                0x080029a8       0x80 C:/MyProgramFiles/Engineering/Embedded/STM32CubeCLT-1.16.0/STM32CubeCLT_1.16.0/GNU-tools-for-STM32/bin/../lib/gcc/arm-none-eabi/12.3.1/../../../../arm-none-eabi/lib/thumb/v7e-m/nofp\libg.a(libc_a-__atexit.o)
                0x080029a8                __register_exitproc
 *(.glue_7)
 .glue_7        0x08002a28        0x0 linker stubs
 *(.glue_7t)
 .glue_7t       0x08002a28        0x0 linker stubs
 *(.eh_frame)
 .eh_frame      0x08002a28        0x0 C:/MyProgramFiles/Engineering/Embedded/STM32CubeCLT-1.16.0/STM32CubeCLT_1.16.0/GNU-tools-for-STM32/bin/../lib/gcc/arm-none-eabi/12.3.1/thumb/v7e-m/nofp/crtbegin.o
 *(.init)
 .init          0x08002a28        0x4 C:/MyProgramFiles/Engineering/Embedded/STM32CubeCLT-1.16.0/STM32CubeCLT_1.16.0/GNU-tools-for-STM32/bin/../lib/gcc/arm-none-eabi/12.3.1/thumb/v7e-m/nofp/crti.o
                0x08002a28                _init
 .init          0x08002a2c        0x8 C:/MyProgramFiles/Engineering/Embedded/STM32CubeCLT-1.16.0/STM32CubeCLT_1.16.0/GNU-tools-for-STM32/bin/../lib/gcc/arm-none-eabi/12.3.1/thumb/v7e-m/nofp/crtn.o
 *(.fini)
 .fini          0x08002a34        0x4 C:/MyProgramFiles/Engineering/Embedded/STM32CubeCLT-1.16.0/STM32CubeCLT_1.16.0/GNU-tools-for-STM32/bin/../lib/gcc/arm-none-eabi/12.3.1/thumb/v7e-m/nofp/crti.o
                0x08002a34                _fini
 .fini          0x08002a38        0x8 C:/MyProgramFiles/Engineering/Embedded/STM32CubeCLT-1.16.0/STM32CubeCLT_1.16.0/GNU-tools-for-STM32/bin/../lib/gcc/arm-none-eabi/12.3.1/thumb/v7e-m/nofp/crtn.o
                0x08002a40                        . = ALIGN (0x4)
                0x08002a40                        _etext = .

.vfp11_veneer   0x08002a40        0x0
 .vfp11_veneer  0x08002a40        0x0 linker stubs

.v4_bx          0x08002a40        0x0
 .v4_bx         0x08002a40        0x0 linker stubs

.iplt           0x08002a40        0x0
 .iplt          0x08002a40        0x0 C:/MyProgramFiles/Engineering/Embedded/STM32CubeCLT-1.16.0/STM32CubeCLT_1.16.0/GNU-tools-for-STM32/bin/../lib/gcc/arm-none-eabi/12.3.1/thumb/v7e-m/nofp/crtbegin.o

.rodata         0x08002a40       0x10
                0x08002a40                        . = ALIGN (0x4)
 *(.rodata)
 *(.rodata*)
 .rodata.AHBPrescTable
                0x08002a40       0x10 CMakeFiles/STM32CANTest.elf.dir/Core/Src/system_stm32f4xx.c.obj
                0x08002a40                AHBPrescTable
                0x08002a50                        . = ALIGN (0x4)

.ARM.extab      0x08002a50       0x30
                0x08002a50                        . = ALIGN (0x4)
 *(.ARM.extab* .gnu.linkonce.armextab.*)
 .ARM.extab.text.HAL_CAN_RxFifo0MsgPendingCallback
                0x08002a50        0xc CMakeFiles/STM32CANTest.elf.dir/Core/Src/can_task.cpp.obj
 .ARM.extab.text.startup
                0x08002a5c        0xc CMakeFiles/STM32CANTest.elf.dir/Core/Src/startup.cpp.obj
 .ARM.extab     0x08002a68       0x18 C:/MyProgramFiles/Engineering/Embedded/STM32CubeCLT-1.16.0/STM32CubeCLT_1.16.0/GNU-tools-for-STM32/bin/../lib/gcc/arm-none-eabi/12.3.1/thumb/v7e-m/nofp\libgcc.a(pr-support.o)
                0x08002a80                        . = ALIGN (0x4)

.ARM            0x08002a80       0xe0
                0x08002a80                        . = ALIGN (0x4)
                0x08002a80                        __exidx_start = .
 *(.ARM.exidx*)
 .ARM.exidx     0x08002a80        0x8 C:/MyProgramFiles/Engineering/Embedded/STM32CubeCLT-1.16.0/STM32CubeCLT_1.16.0/GNU-tools-for-STM32/bin/../lib/gcc/arm-none-eabi/12.3.1/thumb/v7e-m/nofp\libgcc.a(_udivmoddi4.o)
 .ARM.exidx     0x08002a88       0x78 C:/MyProgramFiles/Engineering/Embedded/STM32CubeCLT-1.16.0/STM32CubeCLT_1.16.0/GNU-tools-for-STM32/bin/../lib/gcc/arm-none-eabi/12.3.1/thumb/v7e-m/nofp\libgcc.a(unwind-arm.o)
                                 0xd8 (size before relaxing)
 .ARM.exidx     0x08002b00       0x38 C:/MyProgramFiles/Engineering/Embedded/STM32CubeCLT-1.16.0/STM32CubeCLT_1.16.0/GNU-tools-for-STM32/bin/../lib/gcc/arm-none-eabi/12.3.1/thumb/v7e-m/nofp\libgcc.a(pr-support.o)
 .ARM.exidx.text._Z11canTaskInitv
                0x08002b38        0x8 CMakeFiles/STM32CANTest.elf.dir/Core/Src/can_task.cpp.obj
 .ARM.exidx.text.HAL_CAN_RxFifo0MsgPendingCallback
                0x08002b40       0x10 CMakeFiles/STM32CANTest.elf.dir/Core/Src/can_task.cpp.obj
                                  0x8 (size before relaxing)
 .ARM.exidx.text.startup
                0x08002b50       0x10 CMakeFiles/STM32CANTest.elf.dir/Core/Src/startup.cpp.obj
                                  0x8 (size before relaxing)
                0x08002b60                        __exidx_end = .
                0x08002b60                        . = ALIGN (0x4)

.rel.dyn        0x08002b60        0x0
 .rel.iplt      0x08002b60        0x0 C:/MyProgramFiles/Engineering/Embedded/STM32CubeCLT-1.16.0/STM32CubeCLT_1.16.0/GNU-tools-for-STM32/bin/../lib/gcc/arm-none-eabi/12.3.1/thumb/v7e-m/nofp/crtbegin.o

.preinit_array  0x08002b60        0x0
                0x08002b60                        . = ALIGN (0x4)
                0x08002b60                        PROVIDE (__preinit_array_start = .)
 *(.preinit_array*)
                0x08002b60                        PROVIDE (__preinit_array_end = .)
                0x08002b60                        . = ALIGN (0x4)

.init_array     0x08002b60        0x8
                0x08002b60                        . = ALIGN (0x4)
                0x08002b60                        PROVIDE (__init_array_start = .)
 *(SORT_BY_NAME(.init_array.*))
 .init_array.00000
                0x08002b60        0x4 C:/MyProgramFiles/Engineering/Embedded/STM32CubeCLT-1.16.0/STM32CubeCLT_1.16.0/GNU-tools-for-STM32/bin/../lib/gcc/arm-none-eabi/12.3.1/../../../../arm-none-eabi/lib/thumb/v7e-m/nofp\libg.a(libc_a-__call_atexit.o)
 *(.init_array*)
 .init_array    0x08002b64        0x4 C:/MyProgramFiles/Engineering/Embedded/STM32CubeCLT-1.16.0/STM32CubeCLT_1.16.0/GNU-tools-for-STM32/bin/../lib/gcc/arm-none-eabi/12.3.1/thumb/v7e-m/nofp/crtbegin.o
                0x08002b68                        PROVIDE (__init_array_end = .)
                0x08002b68                        . = ALIGN (0x4)

.fini_array     0x08002b68        0x4
                0x08002b68                        . = ALIGN (0x4)
                0x08002b68                        PROVIDE (__fini_array_start = .)
 *(SORT_BY_NAME(.fini_array.*))
 *(.fini_array*)
 .fini_array    0x08002b68        0x4 C:/MyProgramFiles/Engineering/Embedded/STM32CubeCLT-1.16.0/STM32CubeCLT_1.16.0/GNU-tools-for-STM32/bin/../lib/gcc/arm-none-eabi/12.3.1/thumb/v7e-m/nofp/crtbegin.o
                0x08002b6c                        PROVIDE (__fini_array_end = .)
                0x08002b6c                        . = ALIGN (0x4)
                0x08002b6c                        _sidata = LOADADDR (.data)

.data           0x20000000      0x134 load address 0x08002b6c
                0x20000000                        . = ALIGN (0x4)
                0x20000000                        _sdata = .
 *(.data)
 *(.data*)
 .data.SystemCoreClock
                0x20000000        0x4 CMakeFiles/STM32CANTest.elf.dir/Core/Src/system_stm32f4xx.c.obj
                0x20000000                SystemCoreClock
 .data.uwTickFreq
                0x20000004        0x1 CMakeFiles/STM32CANTest.elf.dir/Drivers/STM32F4xx_HAL_Driver/Src/stm32f4xx_hal.c.obj
                0x20000004                uwTickFreq
 *fill*         0x20000005        0x3 
 .data.uwTickPrio
                0x20000008        0x4 CMakeFiles/STM32CANTest.elf.dir/Drivers/STM32F4xx_HAL_Driver/Src/stm32f4xx_hal.c.obj
                0x20000008                uwTickPrio
 .data._impure_ptr
                0x2000000c        0x4 C:/MyProgramFiles/Engineering/Embedded/STM32CubeCLT-1.16.0/STM32CubeCLT_1.16.0/GNU-tools-for-STM32/bin/../lib/gcc/arm-none-eabi/12.3.1/../../../../arm-none-eabi/lib/thumb/v7e-m/nofp\libg.a(libc_a-impure.o)
                0x2000000c                _impure_ptr
 .data._impure_data
                0x20000010      0x120 C:/MyProgramFiles/Engineering/Embedded/STM32CubeCLT-1.16.0/STM32CubeCLT_1.16.0/GNU-tools-for-STM32/bin/../lib/gcc/arm-none-eabi/12.3.1/../../../../arm-none-eabi/lib/thumb/v7e-m/nofp\libg.a(libc_a-impure.o)
                0x20000010                _impure_data
 .data.__atexit_recursive_mutex
                0x20000130        0x4 C:/MyProgramFiles/Engineering/Embedded/STM32CubeCLT-1.16.0/STM32CubeCLT_1.16.0/GNU-tools-for-STM32/bin/../lib/gcc/arm-none-eabi/12.3.1/../../../../arm-none-eabi/lib/thumb/v7e-m/nofp\libg.a(libc_a-__call_atexit.o)
                0x20000130                __atexit_recursive_mutex
 *(.RamFunc)
 *(.RamFunc*)
                0x20000134                        . = ALIGN (0x4)
                0x20000134                        _edata = .
                0x08002ca0                        _siccmram = LOADADDR (.ccmram)

.igot.plt       0x20000134        0x0 load address 0x08002ca0
 .igot.plt      0x20000134        0x0 C:/MyProgramFiles/Engineering/Embedded/STM32CubeCLT-1.16.0/STM32CubeCLT_1.16.0/GNU-tools-for-STM32/bin/../lib/gcc/arm-none-eabi/12.3.1/thumb/v7e-m/nofp/crtbegin.o

.ccmram         0x10000000        0x0 load address 0x08002ca0
                0x10000000                        . = ALIGN (0x4)
                0x10000000                        _sccmram = .
 *(.ccmram)
 *(.ccmram*)
                0x10000000                        . = ALIGN (0x4)
                0x10000000                        _eccmram = .
                0x10000000                        . = ALIGN (0x4)

.bss            0x20000134      0x340
                0x20000134                        _sbss = .
                0x20000134                        __bss_start__ = _sbss
 *(.bss)
 .bss           0x20000134       0x1c C:/MyProgramFiles/Engineering/Embedded/STM32CubeCLT-1.16.0/STM32CubeCLT_1.16.0/GNU-tools-for-STM32/bin/../lib/gcc/arm-none-eabi/12.3.1/thumb/v7e-m/nofp/crtbegin.o
 *(.bss*)
 .bss.hcan1     0x20000150       0x28 CMakeFiles/STM32CANTest.elf.dir/Core/Src/can.c.obj
                0x20000150                hcan1
 .bss.rxHeader  0x20000178       0x1c CMakeFiles/STM32CANTest.elf.dir/Core/Src/can_task.cpp.obj
                0x20000178                rxHeader
 .bss.rxData    0x20000194        0x8 CMakeFiles/STM32CANTest.elf.dir/Core/Src/can_task.cpp.obj
                0x20000194                rxData
 .bss.uwTick    0x2000019c        0x4 CMakeFiles/STM32CANTest.elf.dir/Drivers/STM32F4xx_HAL_Driver/Src/stm32f4xx_hal.c.obj
                0x2000019c                uwTick
 .bss.__sf      0x200001a0      0x138 C:/MyProgramFiles/Engineering/Embedded/STM32CubeCLT-1.16.0/STM32CubeCLT_1.16.0/GNU-tools-for-STM32/bin/../lib/gcc/arm-none-eabi/12.3.1/../../../../arm-none-eabi/lib/thumb/v7e-m/nofp\libg.a(libc_a-findfp.o)
                0x200001a0                __sf
 .bss.errno     0x200002d8        0x4 C:/MyProgramFiles/Engineering/Embedded/STM32CubeCLT-1.16.0/STM32CubeCLT_1.16.0/GNU-tools-for-STM32/bin/../lib/gcc/arm-none-eabi/12.3.1/../../../../arm-none-eabi/lib/thumb/v7e-m/nofp\libg.a(libc_a-reent.o)
                0x200002d8                errno
 .bss.__lock___atexit_recursive_mutex
                0x200002dc        0x1 C:/MyProgramFiles/Engineering/Embedded/STM32CubeCLT-1.16.0/STM32CubeCLT_1.16.0/GNU-tools-for-STM32/bin/../lib/gcc/arm-none-eabi/12.3.1/../../../../arm-none-eabi/lib/thumb/v7e-m/nofp\libg.a(libc_a-lock.o)
                0x200002dc                __lock___atexit_recursive_mutex
 *fill*         0x200002dd        0x3 
 .bss.__atexit  0x200002e0        0x4 C:/MyProgramFiles/Engineering/Embedded/STM32CubeCLT-1.16.0/STM32CubeCLT_1.16.0/GNU-tools-for-STM32/bin/../lib/gcc/arm-none-eabi/12.3.1/../../../../arm-none-eabi/lib/thumb/v7e-m/nofp\libg.a(libc_a-__call_atexit.o)
                0x200002e0                __atexit
 .bss.__atexit0
                0x200002e4      0x190 C:/MyProgramFiles/Engineering/Embedded/STM32CubeCLT-1.16.0/STM32CubeCLT_1.16.0/GNU-tools-for-STM32/bin/../lib/gcc/arm-none-eabi/12.3.1/../../../../arm-none-eabi/lib/thumb/v7e-m/nofp\libg.a(libc_a-__atexit.o)
                0x200002e4                __atexit0
 *(COMMON)
                0x20000474                        . = ALIGN (0x4)
                0x20000474                        _ebss = .
                0x20000474                        __bss_end__ = _ebss

._user_heap_stack
                0x20000474      0x604
                0x20000478                        . = ALIGN (0x8)
 *fill*         0x20000474        0x4 
                [!provide]                        PROVIDE (end = .)
                0x20000478                        PROVIDE (_end = .)
                0x20000678                        . = (. + _Min_Heap_Size)
 *fill*         0x20000478      0x200 
                0x20000a78                        . = (. + _Min_Stack_Size)
 *fill*         0x20000678      0x400 
                0x20000a78                        . = ALIGN (0x8)

/DISCARD/
 libc.a(*)
 libm.a(*)
 libgcc.a(*)

.ARM.attributes
                0x00000000       0x2a
 *(.ARM.attributes)
 .ARM.attributes
                0x00000000       0x1e C:/MyProgramFiles/Engineering/Embedded/STM32CubeCLT-1.16.0/STM32CubeCLT_1.16.0/GNU-tools-for-STM32/bin/../lib/gcc/arm-none-eabi/12.3.1/thumb/v7e-m/nofp/crti.o
 .ARM.attributes
                0x0000001e       0x2e C:/MyProgramFiles/Engineering/Embedded/STM32CubeCLT-1.16.0/STM32CubeCLT_1.16.0/GNU-tools-for-STM32/bin/../lib/gcc/arm-none-eabi/12.3.1/thumb/v7e-m/nofp/crtbegin.o
 .ARM.attributes
                0x0000004c       0x2e CMakeFiles/STM32CANTest.elf.dir/Core/Src/can.c.obj
 .ARM.attributes
                0x0000007a       0x2e CMakeFiles/STM32CANTest.elf.dir/Core/Src/can_task.cpp.obj
 .ARM.attributes
                0x000000a8       0x2e CMakeFiles/STM32CANTest.elf.dir/Core/Src/gpio.c.obj
 .ARM.attributes
                0x000000d6       0x2e CMakeFiles/STM32CANTest.elf.dir/Core/Src/main.c.obj
 .ARM.attributes
                0x00000104       0x2e CMakeFiles/STM32CANTest.elf.dir/Core/Src/startup.cpp.obj
 .ARM.attributes
                0x00000132       0x2e CMakeFiles/STM32CANTest.elf.dir/Core/Src/stm32f4xx_hal_msp.c.obj
 .ARM.attributes
                0x00000160       0x2e CMakeFiles/STM32CANTest.elf.dir/Core/Src/stm32f4xx_it.c.obj
 .ARM.attributes
                0x0000018e       0x2e CMakeFiles/STM32CANTest.elf.dir/Core/Src/syscalls.c.obj
 .ARM.attributes
                0x000001bc       0x2e CMakeFiles/STM32CANTest.elf.dir/Core/Src/system_stm32f4xx.c.obj
 .ARM.attributes
                0x000001ea       0x21 CMakeFiles/STM32CANTest.elf.dir/Core/Startup/startup_stm32f427iihx.s.obj
 .ARM.attributes
                0x0000020b       0x2e CMakeFiles/STM32CANTest.elf.dir/Drivers/STM32F4xx_HAL_Driver/Src/stm32f4xx_hal.c.obj
 .ARM.attributes
                0x00000239       0x2e CMakeFiles/STM32CANTest.elf.dir/Drivers/STM32F4xx_HAL_Driver/Src/stm32f4xx_hal_can.c.obj
 .ARM.attributes
                0x00000267       0x2e CMakeFiles/STM32CANTest.elf.dir/Drivers/STM32F4xx_HAL_Driver/Src/stm32f4xx_hal_cortex.c.obj
 .ARM.attributes
                0x00000295       0x2e CMakeFiles/STM32CANTest.elf.dir/Drivers/STM32F4xx_HAL_Driver/Src/stm32f4xx_hal_gpio.c.obj
 .ARM.attributes
                0x000002c3       0x2e CMakeFiles/STM32CANTest.elf.dir/Drivers/STM32F4xx_HAL_Driver/Src/stm32f4xx_hal_pwr_ex.c.obj
 .ARM.attributes
                0x000002f1       0x2e CMakeFiles/STM32CANTest.elf.dir/Drivers/STM32F4xx_HAL_Driver/Src/stm32f4xx_hal_rcc.c.obj
 .ARM.attributes
                0x0000031f       0x1e C:/MyProgramFiles/Engineering/Embedded/STM32CubeCLT-1.16.0/STM32CubeCLT_1.16.0/GNU-tools-for-STM32/bin/../lib/gcc/arm-none-eabi/12.3.1/thumb/v7e-m/nofp\libgcc.a(_aeabi_uldivmod.o)
 .ARM.attributes
                0x0000033d       0x2e C:/MyProgramFiles/Engineering/Embedded/STM32CubeCLT-1.16.0/STM32CubeCLT_1.16.0/GNU-tools-for-STM32/bin/../lib/gcc/arm-none-eabi/12.3.1/thumb/v7e-m/nofp\libgcc.a(_udivmoddi4.o)
 .ARM.attributes
                0x0000036b       0x2e C:/MyProgramFiles/Engineering/Embedded/STM32CubeCLT-1.16.0/STM32CubeCLT_1.16.0/GNU-tools-for-STM32/bin/../lib/gcc/arm-none-eabi/12.3.1/thumb/v7e-m/nofp\libgcc.a(unwind-arm.o)
 .ARM.attributes
                0x00000399       0x1e C:/MyProgramFiles/Engineering/Embedded/STM32CubeCLT-1.16.0/STM32CubeCLT_1.16.0/GNU-tools-for-STM32/bin/../lib/gcc/arm-none-eabi/12.3.1/thumb/v7e-m/nofp\libgcc.a(libunwind.o)
 .ARM.attributes
                0x000003b7       0x2e C:/MyProgramFiles/Engineering/Embedded/STM32CubeCLT-1.16.0/STM32CubeCLT_1.16.0/GNU-tools-for-STM32/bin/../lib/gcc/arm-none-eabi/12.3.1/thumb/v7e-m/nofp\libgcc.a(pr-support.o)
 .ARM.attributes
                0x000003e5       0x1e C:/MyProgramFiles/Engineering/Embedded/STM32CubeCLT-1.16.0/STM32CubeCLT_1.16.0/GNU-tools-for-STM32/bin/../lib/gcc/arm-none-eabi/12.3.1/thumb/v7e-m/nofp\libgcc.a(_dvmd_tls.o)
 .ARM.attributes
                0x00000403       0x2e C:/MyProgramFiles/Engineering/Embedded/STM32CubeCLT-1.16.0/STM32CubeCLT_1.16.0/GNU-tools-for-STM32/bin/../lib/gcc/arm-none-eabi/12.3.1/../../../../arm-none-eabi/lib/thumb/v7e-m/nofp\libg.a(libc_a-abort.o)
 .ARM.attributes
                0x00000431       0x2e C:/MyProgramFiles/Engineering/Embedded/STM32CubeCLT-1.16.0/STM32CubeCLT_1.16.0/GNU-tools-for-STM32/bin/../lib/gcc/arm-none-eabi/12.3.1/../../../../arm-none-eabi/lib/thumb/v7e-m/nofp\libg.a(libc_a-findfp.o)
 .ARM.attributes
                0x0000045f       0x2e C:/MyProgramFiles/Engineering/Embedded/STM32CubeCLT-1.16.0/STM32CubeCLT_1.16.0/GNU-tools-for-STM32/bin/../lib/gcc/arm-none-eabi/12.3.1/../../../../arm-none-eabi/lib/thumb/v7e-m/nofp\libg.a(libc_a-memset.o)
 .ARM.attributes
                0x0000048d       0x2e C:/MyProgramFiles/Engineering/Embedded/STM32CubeCLT-1.16.0/STM32CubeCLT_1.16.0/GNU-tools-for-STM32/bin/../lib/gcc/arm-none-eabi/12.3.1/../../../../arm-none-eabi/lib/thumb/v7e-m/nofp\libg.a(libc_a-signal.o)
 .ARM.attributes
                0x000004bb       0x2e C:/MyProgramFiles/Engineering/Embedded/STM32CubeCLT-1.16.0/STM32CubeCLT_1.16.0/GNU-tools-for-STM32/bin/../lib/gcc/arm-none-eabi/12.3.1/../../../../arm-none-eabi/lib/thumb/v7e-m/nofp\libg.a(libc_a-reent.o)
 .ARM.attributes
                0x000004e9       0x2e C:/MyProgramFiles/Engineering/Embedded/STM32CubeCLT-1.16.0/STM32CubeCLT_1.16.0/GNU-tools-for-STM32/bin/../lib/gcc/arm-none-eabi/12.3.1/../../../../arm-none-eabi/lib/thumb/v7e-m/nofp\libg.a(libc_a-impure.o)
 .ARM.attributes
                0x00000517       0x2e C:/MyProgramFiles/Engineering/Embedded/STM32CubeCLT-1.16.0/STM32CubeCLT_1.16.0/GNU-tools-for-STM32/bin/../lib/gcc/arm-none-eabi/12.3.1/../../../../arm-none-eabi/lib/thumb/v7e-m/nofp\libg.a(libc_a-signalr.o)
 .ARM.attributes
                0x00000545       0x2e C:/MyProgramFiles/Engineering/Embedded/STM32CubeCLT-1.16.0/STM32CubeCLT_1.16.0/GNU-tools-for-STM32/bin/../lib/gcc/arm-none-eabi/12.3.1/../../../../arm-none-eabi/lib/thumb/v7e-m/nofp\libg.a(libc_a-errno.o)
 .ARM.attributes
                0x00000573       0x2e C:/MyProgramFiles/Engineering/Embedded/STM32CubeCLT-1.16.0/STM32CubeCLT_1.16.0/GNU-tools-for-STM32/bin/../lib/gcc/arm-none-eabi/12.3.1/../../../../arm-none-eabi/lib/thumb/v7e-m/nofp\libg.a(libc_a-init.o)
 .ARM.attributes
                0x000005a1       0x2e C:/MyProgramFiles/Engineering/Embedded/STM32CubeCLT-1.16.0/STM32CubeCLT_1.16.0/GNU-tools-for-STM32/bin/../lib/gcc/arm-none-eabi/12.3.1/../../../../arm-none-eabi/lib/thumb/v7e-m/nofp\libg.a(libc_a-lock.o)
 .ARM.attributes
                0x000005cf       0x2e C:/MyProgramFiles/Engineering/Embedded/STM32CubeCLT-1.16.0/STM32CubeCLT_1.16.0/GNU-tools-for-STM32/bin/../lib/gcc/arm-none-eabi/12.3.1/../../../../arm-none-eabi/lib/thumb/v7e-m/nofp\libg.a(libc_a-memcpy-stub.o)
 .ARM.attributes
                0x000005fd       0x2e C:/MyProgramFiles/Engineering/Embedded/STM32CubeCLT-1.16.0/STM32CubeCLT_1.16.0/GNU-tools-for-STM32/bin/../lib/gcc/arm-none-eabi/12.3.1/../../../../arm-none-eabi/lib/thumb/v7e-m/nofp\libg.a(libc_a-__call_atexit.o)
 .ARM.attributes
                0x0000062b       0x2e C:/MyProgramFiles/Engineering/Embedded/STM32CubeCLT-1.16.0/STM32CubeCLT_1.16.0/GNU-tools-for-STM32/bin/../lib/gcc/arm-none-eabi/12.3.1/../../../../arm-none-eabi/lib/thumb/v7e-m/nofp\libg.a(libc_a-atexit.o)
 .ARM.attributes
                0x00000659       0x2e C:/MyProgramFiles/Engineering/Embedded/STM32CubeCLT-1.16.0/STM32CubeCLT_1.16.0/GNU-tools-for-STM32/bin/../lib/gcc/arm-none-eabi/12.3.1/../../../../arm-none-eabi/lib/thumb/v7e-m/nofp\libg.a(libc_a-fini.o)
 .ARM.attributes
                0x00000687       0x2e C:/MyProgramFiles/Engineering/Embedded/STM32CubeCLT-1.16.0/STM32CubeCLT_1.16.0/GNU-tools-for-STM32/bin/../lib/gcc/arm-none-eabi/12.3.1/../../../../arm-none-eabi/lib/thumb/v7e-m/nofp\libg.a(libc_a-__atexit.o)
 .ARM.attributes
                0x000006b5       0x1e C:/MyProgramFiles/Engineering/Embedded/STM32CubeCLT-1.16.0/STM32CubeCLT_1.16.0/GNU-tools-for-STM32/bin/../lib/gcc/arm-none-eabi/12.3.1/thumb/v7e-m/nofp/crtn.o
OUTPUT(STM32CANTest.elf elf32-littlearm)
LOAD linker stubs
LOAD C:/MyProgramFiles/Engineering/Embedded/STM32CubeCLT-1.16.0/STM32CubeCLT_1.16.0/GNU-tools-for-STM32/bin/../lib/gcc/arm-none-eabi/12.3.1/../../../../arm-none-eabi/lib/thumb/v7e-m/nofp\libc.a
LOAD C:/MyProgramFiles/Engineering/Embedded/STM32CubeCLT-1.16.0/STM32CubeCLT_1.16.0/GNU-tools-for-STM32/bin/../lib/gcc/arm-none-eabi/12.3.1/../../../../arm-none-eabi/lib/thumb/v7e-m/nofp\libm.a
LOAD C:/MyProgramFiles/Engineering/Embedded/STM32CubeCLT-1.16.0/STM32CubeCLT_1.16.0/GNU-tools-for-STM32/bin/../lib/gcc/arm-none-eabi/12.3.1/thumb/v7e-m/nofp\libgcc.a

.debug_info     0x00000000     0xbcef
 .debug_info    0x00000000      0xc74 CMakeFiles/STM32CANTest.elf.dir/Core/Src/can.c.obj
 .debug_info    0x00000c74      0xab9 CMakeFiles/STM32CANTest.elf.dir/Core/Src/can_task.cpp.obj
 .debug_info    0x0000172d      0x298 CMakeFiles/STM32CANTest.elf.dir/Core/Src/gpio.c.obj
 .debug_info    0x000019c5      0x58c CMakeFiles/STM32CANTest.elf.dir/Core/Src/main.c.obj
 .debug_info    0x00001f51       0xa8 CMakeFiles/STM32CANTest.elf.dir/Core/Src/startup.cpp.obj
 .debug_info    0x00001ff9      0x27d CMakeFiles/STM32CANTest.elf.dir/Core/Src/stm32f4xx_hal_msp.c.obj
 .debug_info    0x00002276      0x577 CMakeFiles/STM32CANTest.elf.dir/Core/Src/stm32f4xx_it.c.obj
 .debug_info    0x000027ed      0x783 CMakeFiles/STM32CANTest.elf.dir/Core/Src/syscalls.c.obj
 .debug_info    0x00002f70      0x34c CMakeFiles/STM32CANTest.elf.dir/Core/Src/system_stm32f4xx.c.obj
 .debug_info    0x000032bc       0x30 CMakeFiles/STM32CANTest.elf.dir/Core/Startup/startup_stm32f427iihx.s.obj
 .debug_info    0x000032ec      0xa50 CMakeFiles/STM32CANTest.elf.dir/Drivers/STM32F4xx_HAL_Driver/Src/stm32f4xx_hal.c.obj
 .debug_info    0x00003d3c     0x11a6 CMakeFiles/STM32CANTest.elf.dir/Drivers/STM32F4xx_HAL_Driver/Src/stm32f4xx_hal_can.c.obj
 .debug_info    0x00004ee2      0xfa7 CMakeFiles/STM32CANTest.elf.dir/Drivers/STM32F4xx_HAL_Driver/Src/stm32f4xx_hal_cortex.c.obj
 .debug_info    0x00005e89      0x71c CMakeFiles/STM32CANTest.elf.dir/Drivers/STM32F4xx_HAL_Driver/Src/stm32f4xx_hal_gpio.c.obj
 .debug_info    0x000065a5      0x78a CMakeFiles/STM32CANTest.elf.dir/Drivers/STM32F4xx_HAL_Driver/Src/stm32f4xx_hal_pwr_ex.c.obj
 .debug_info    0x00006d2f      0xa87 CMakeFiles/STM32CANTest.elf.dir/Drivers/STM32F4xx_HAL_Driver/Src/stm32f4xx_hal_rcc.c.obj
 .debug_info    0x000077b6       0xd8 C:/MyProgramFiles/Engineering/Embedded/STM32CubeCLT-1.16.0/STM32CubeCLT_1.16.0/GNU-tools-for-STM32/bin/../lib/gcc/arm-none-eabi/12.3.1/../../../../arm-none-eabi/lib/thumb/v7e-m/nofp\libg.a(libc_a-abort.o)
 .debug_info    0x0000788e      0xfc5 C:/MyProgramFiles/Engineering/Embedded/STM32CubeCLT-1.16.0/STM32CubeCLT_1.16.0/GNU-tools-for-STM32/bin/../lib/gcc/arm-none-eabi/12.3.1/../../../../arm-none-eabi/lib/thumb/v7e-m/nofp\libg.a(libc_a-findfp.o)
 .debug_info    0x00008853       0xe0 C:/MyProgramFiles/Engineering/Embedded/STM32CubeCLT-1.16.0/STM32CubeCLT_1.16.0/GNU-tools-for-STM32/bin/../lib/gcc/arm-none-eabi/12.3.1/../../../../arm-none-eabi/lib/thumb/v7e-m/nofp\libg.a(libc_a-memset.o)
 .debug_info    0x00008933      0xa0d C:/MyProgramFiles/Engineering/Embedded/STM32CubeCLT-1.16.0/STM32CubeCLT_1.16.0/GNU-tools-for-STM32/bin/../lib/gcc/arm-none-eabi/12.3.1/../../../../arm-none-eabi/lib/thumb/v7e-m/nofp\libg.a(libc_a-signal.o)
 .debug_info    0x00009340      0x7e7 C:/MyProgramFiles/Engineering/Embedded/STM32CubeCLT-1.16.0/STM32CubeCLT_1.16.0/GNU-tools-for-STM32/bin/../lib/gcc/arm-none-eabi/12.3.1/../../../../arm-none-eabi/lib/thumb/v7e-m/nofp\libg.a(libc_a-reent.o)
 .debug_info    0x00009b27      0x733 C:/MyProgramFiles/Engineering/Embedded/STM32CubeCLT-1.16.0/STM32CubeCLT_1.16.0/GNU-tools-for-STM32/bin/../lib/gcc/arm-none-eabi/12.3.1/../../../../arm-none-eabi/lib/thumb/v7e-m/nofp\libg.a(libc_a-impure.o)
 .debug_info    0x0000a25a      0x7fb C:/MyProgramFiles/Engineering/Embedded/STM32CubeCLT-1.16.0/STM32CubeCLT_1.16.0/GNU-tools-for-STM32/bin/../lib/gcc/arm-none-eabi/12.3.1/../../../../arm-none-eabi/lib/thumb/v7e-m/nofp\libg.a(libc_a-signalr.o)
 .debug_info    0x0000aa55      0x719 C:/MyProgramFiles/Engineering/Embedded/STM32CubeCLT-1.16.0/STM32CubeCLT_1.16.0/GNU-tools-for-STM32/bin/../lib/gcc/arm-none-eabi/12.3.1/../../../../arm-none-eabi/lib/thumb/v7e-m/nofp\libg.a(libc_a-errno.o)
 .debug_info    0x0000b16e      0x10b C:/MyProgramFiles/Engineering/Embedded/STM32CubeCLT-1.16.0/STM32CubeCLT_1.16.0/GNU-tools-for-STM32/bin/../lib/gcc/arm-none-eabi/12.3.1/../../../../arm-none-eabi/lib/thumb/v7e-m/nofp\libg.a(libc_a-init.o)
 .debug_info    0x0000b279      0x20a C:/MyProgramFiles/Engineering/Embedded/STM32CubeCLT-1.16.0/STM32CubeCLT_1.16.0/GNU-tools-for-STM32/bin/../lib/gcc/arm-none-eabi/12.3.1/../../../../arm-none-eabi/lib/thumb/v7e-m/nofp\libg.a(libc_a-lock.o)
 .debug_info    0x0000b483      0x121 C:/MyProgramFiles/Engineering/Embedded/STM32CubeCLT-1.16.0/STM32CubeCLT_1.16.0/GNU-tools-for-STM32/bin/../lib/gcc/arm-none-eabi/12.3.1/../../../../arm-none-eabi/lib/thumb/v7e-m/nofp\libg.a(libc_a-memcpy-stub.o)
 .debug_info    0x0000b5a4      0x2dd C:/MyProgramFiles/Engineering/Embedded/STM32CubeCLT-1.16.0/STM32CubeCLT_1.16.0/GNU-tools-for-STM32/bin/../lib/gcc/arm-none-eabi/12.3.1/../../../../arm-none-eabi/lib/thumb/v7e-m/nofp\libg.a(libc_a-__call_atexit.o)
 .debug_info    0x0000b881      0x118 C:/MyProgramFiles/Engineering/Embedded/STM32CubeCLT-1.16.0/STM32CubeCLT_1.16.0/GNU-tools-for-STM32/bin/../lib/gcc/arm-none-eabi/12.3.1/../../../../arm-none-eabi/lib/thumb/v7e-m/nofp\libg.a(libc_a-atexit.o)
 .debug_info    0x0000b999       0xf7 C:/MyProgramFiles/Engineering/Embedded/STM32CubeCLT-1.16.0/STM32CubeCLT_1.16.0/GNU-tools-for-STM32/bin/../lib/gcc/arm-none-eabi/12.3.1/../../../../arm-none-eabi/lib/thumb/v7e-m/nofp\libg.a(libc_a-fini.o)
 .debug_info    0x0000ba90      0x25f C:/MyProgramFiles/Engineering/Embedded/STM32CubeCLT-1.16.0/STM32CubeCLT_1.16.0/GNU-tools-for-STM32/bin/../lib/gcc/arm-none-eabi/12.3.1/../../../../arm-none-eabi/lib/thumb/v7e-m/nofp\libg.a(libc_a-__atexit.o)

.debug_abbrev   0x00000000     0x3483
 .debug_abbrev  0x00000000      0x24e CMakeFiles/STM32CANTest.elf.dir/Core/Src/can.c.obj
 .debug_abbrev  0x0000024e      0x334 CMakeFiles/STM32CANTest.elf.dir/Core/Src/can_task.cpp.obj
 .debug_abbrev  0x00000582       0xd6 CMakeFiles/STM32CANTest.elf.dir/Core/Src/gpio.c.obj
 .debug_abbrev  0x00000658      0x1e8 CMakeFiles/STM32CANTest.elf.dir/Core/Src/main.c.obj
 .debug_abbrev  0x00000840       0x64 CMakeFiles/STM32CANTest.elf.dir/Core/Src/startup.cpp.obj
 .debug_abbrev  0x000008a4       0xd6 CMakeFiles/STM32CANTest.elf.dir/Core/Src/stm32f4xx_hal_msp.c.obj
 .debug_abbrev  0x0000097a      0x1ab CMakeFiles/STM32CANTest.elf.dir/Core/Src/stm32f4xx_it.c.obj
 .debug_abbrev  0x00000b25      0x1c1 CMakeFiles/STM32CANTest.elf.dir/Core/Src/syscalls.c.obj
 .debug_abbrev  0x00000ce6      0x120 CMakeFiles/STM32CANTest.elf.dir/Core/Src/system_stm32f4xx.c.obj
 .debug_abbrev  0x00000e06       0x24 CMakeFiles/STM32CANTest.elf.dir/Core/Startup/startup_stm32f427iihx.s.obj
 .debug_abbrev  0x00000e2a      0x23f CMakeFiles/STM32CANTest.elf.dir/Drivers/STM32F4xx_HAL_Driver/Src/stm32f4xx_hal.c.obj
 .debug_abbrev  0x00001069      0x26c CMakeFiles/STM32CANTest.elf.dir/Drivers/STM32F4xx_HAL_Driver/Src/stm32f4xx_hal_can.c.obj
 .debug_abbrev  0x000012d5      0x39b CMakeFiles/STM32CANTest.elf.dir/Drivers/STM32F4xx_HAL_Driver/Src/stm32f4xx_hal_cortex.c.obj
 .debug_abbrev  0x00001670      0x202 CMakeFiles/STM32CANTest.elf.dir/Drivers/STM32F4xx_HAL_Driver/Src/stm32f4xx_hal_gpio.c.obj
 .debug_abbrev  0x00001872      0x1e6 CMakeFiles/STM32CANTest.elf.dir/Drivers/STM32F4xx_HAL_Driver/Src/stm32f4xx_hal_pwr_ex.c.obj
 .debug_abbrev  0x00001a58      0x2c6 CMakeFiles/STM32CANTest.elf.dir/Drivers/STM32F4xx_HAL_Driver/Src/stm32f4xx_hal_rcc.c.obj
 .debug_abbrev  0x00001d1e       0x99 C:/MyProgramFiles/Engineering/Embedded/STM32CubeCLT-1.16.0/STM32CubeCLT_1.16.0/GNU-tools-for-STM32/bin/../lib/gcc/arm-none-eabi/12.3.1/../../../../arm-none-eabi/lib/thumb/v7e-m/nofp\libg.a(libc_a-abort.o)
 .debug_abbrev  0x00001db7      0x462 C:/MyProgramFiles/Engineering/Embedded/STM32CubeCLT-1.16.0/STM32CubeCLT_1.16.0/GNU-tools-for-STM32/bin/../lib/gcc/arm-none-eabi/12.3.1/../../../../arm-none-eabi/lib/thumb/v7e-m/nofp\libg.a(libc_a-findfp.o)
 .debug_abbrev  0x00002219       0x9e C:/MyProgramFiles/Engineering/Embedded/STM32CubeCLT-1.16.0/STM32CubeCLT_1.16.0/GNU-tools-for-STM32/bin/../lib/gcc/arm-none-eabi/12.3.1/../../../../arm-none-eabi/lib/thumb/v7e-m/nofp\libg.a(libc_a-memset.o)
 .debug_abbrev  0x000022b7      0x28a C:/MyProgramFiles/Engineering/Embedded/STM32CubeCLT-1.16.0/STM32CubeCLT_1.16.0/GNU-tools-for-STM32/bin/../lib/gcc/arm-none-eabi/12.3.1/../../../../arm-none-eabi/lib/thumb/v7e-m/nofp\libg.a(libc_a-signal.o)
 .debug_abbrev  0x00002541      0x229 C:/MyProgramFiles/Engineering/Embedded/STM32CubeCLT-1.16.0/STM32CubeCLT_1.16.0/GNU-tools-for-STM32/bin/../lib/gcc/arm-none-eabi/12.3.1/../../../../arm-none-eabi/lib/thumb/v7e-m/nofp\libg.a(libc_a-reent.o)
 .debug_abbrev  0x0000276a      0x185 C:/MyProgramFiles/Engineering/Embedded/STM32CubeCLT-1.16.0/STM32CubeCLT_1.16.0/GNU-tools-for-STM32/bin/../lib/gcc/arm-none-eabi/12.3.1/../../../../arm-none-eabi/lib/thumb/v7e-m/nofp\libg.a(libc_a-impure.o)
 .debug_abbrev  0x000028ef      0x239 C:/MyProgramFiles/Engineering/Embedded/STM32CubeCLT-1.16.0/STM32CubeCLT_1.16.0/GNU-tools-for-STM32/bin/../lib/gcc/arm-none-eabi/12.3.1/../../../../arm-none-eabi/lib/thumb/v7e-m/nofp\libg.a(libc_a-signalr.o)
 .debug_abbrev  0x00002b28      0x19a C:/MyProgramFiles/Engineering/Embedded/STM32CubeCLT-1.16.0/STM32CubeCLT_1.16.0/GNU-tools-for-STM32/bin/../lib/gcc/arm-none-eabi/12.3.1/../../../../arm-none-eabi/lib/thumb/v7e-m/nofp\libg.a(libc_a-errno.o)
 .debug_abbrev  0x00002cc2       0xc9 C:/MyProgramFiles/Engineering/Embedded/STM32CubeCLT-1.16.0/STM32CubeCLT_1.16.0/GNU-tools-for-STM32/bin/../lib/gcc/arm-none-eabi/12.3.1/../../../../arm-none-eabi/lib/thumb/v7e-m/nofp\libg.a(libc_a-init.o)
 .debug_abbrev  0x00002d8b      0x115 C:/MyProgramFiles/Engineering/Embedded/STM32CubeCLT-1.16.0/STM32CubeCLT_1.16.0/GNU-tools-for-STM32/bin/../lib/gcc/arm-none-eabi/12.3.1/../../../../arm-none-eabi/lib/thumb/v7e-m/nofp\libg.a(libc_a-lock.o)
 .debug_abbrev  0x00002ea0       0xc1 C:/MyProgramFiles/Engineering/Embedded/STM32CubeCLT-1.16.0/STM32CubeCLT_1.16.0/GNU-tools-for-STM32/bin/../lib/gcc/arm-none-eabi/12.3.1/../../../../arm-none-eabi/lib/thumb/v7e-m/nofp\libg.a(libc_a-memcpy-stub.o)
 .debug_abbrev  0x00002f61      0x20c C:/MyProgramFiles/Engineering/Embedded/STM32CubeCLT-1.16.0/STM32CubeCLT_1.16.0/GNU-tools-for-STM32/bin/../lib/gcc/arm-none-eabi/12.3.1/../../../../arm-none-eabi/lib/thumb/v7e-m/nofp\libg.a(libc_a-__call_atexit.o)
 .debug_abbrev  0x0000316d       0xc1 C:/MyProgramFiles/Engineering/Embedded/STM32CubeCLT-1.16.0/STM32CubeCLT_1.16.0/GNU-tools-for-STM32/bin/../lib/gcc/arm-none-eabi/12.3.1/../../../../arm-none-eabi/lib/thumb/v7e-m/nofp\libg.a(libc_a-atexit.o)
 .debug_abbrev  0x0000322e       0xcc C:/MyProgramFiles/Engineering/Embedded/STM32CubeCLT-1.16.0/STM32CubeCLT_1.16.0/GNU-tools-for-STM32/bin/../lib/gcc/arm-none-eabi/12.3.1/../../../../arm-none-eabi/lib/thumb/v7e-m/nofp\libg.a(libc_a-fini.o)
 .debug_abbrev  0x000032fa      0x189 C:/MyProgramFiles/Engineering/Embedded/STM32CubeCLT-1.16.0/STM32CubeCLT_1.16.0/GNU-tools-for-STM32/bin/../lib/gcc/arm-none-eabi/12.3.1/../../../../arm-none-eabi/lib/thumb/v7e-m/nofp\libg.a(libc_a-__atexit.o)

.debug_loclists
                0x00000000     0x231a
 .debug_loclists
                0x00000000       0x5d CMakeFiles/STM32CANTest.elf.dir/Core/Src/can.c.obj
 .debug_loclists
                0x0000005d      0x11c CMakeFiles/STM32CANTest.elf.dir/Core/Src/can_task.cpp.obj
 .debug_loclists
                0x00000179      0x25b CMakeFiles/STM32CANTest.elf.dir/Core/Src/syscalls.c.obj
 .debug_loclists
                0x000003d4       0xdb CMakeFiles/STM32CANTest.elf.dir/Core/Src/system_stm32f4xx.c.obj
 .debug_loclists
                0x000004af       0xc9 CMakeFiles/STM32CANTest.elf.dir/Drivers/STM32F4xx_HAL_Driver/Src/stm32f4xx_hal.c.obj
 .debug_loclists
                0x00000578      0x85c CMakeFiles/STM32CANTest.elf.dir/Drivers/STM32F4xx_HAL_Driver/Src/stm32f4xx_hal_can.c.obj
 .debug_loclists
                0x00000dd4      0x439 CMakeFiles/STM32CANTest.elf.dir/Drivers/STM32F4xx_HAL_Driver/Src/stm32f4xx_hal_cortex.c.obj
 .debug_loclists
                0x0000120d      0x356 CMakeFiles/STM32CANTest.elf.dir/Drivers/STM32F4xx_HAL_Driver/Src/stm32f4xx_hal_gpio.c.obj
 .debug_loclists
                0x00001563      0x14e CMakeFiles/STM32CANTest.elf.dir/Drivers/STM32F4xx_HAL_Driver/Src/stm32f4xx_hal_pwr_ex.c.obj
 .debug_loclists
                0x000016b1      0x3a9 CMakeFiles/STM32CANTest.elf.dir/Drivers/STM32F4xx_HAL_Driver/Src/stm32f4xx_hal_rcc.c.obj
 .debug_loclists
                0x00001a5a      0x252 C:/MyProgramFiles/Engineering/Embedded/STM32CubeCLT-1.16.0/STM32CubeCLT_1.16.0/GNU-tools-for-STM32/bin/../lib/gcc/arm-none-eabi/12.3.1/../../../../arm-none-eabi/lib/thumb/v7e-m/nofp\libg.a(libc_a-findfp.o)
 .debug_loclists
                0x00001cac       0x47 C:/MyProgramFiles/Engineering/Embedded/STM32CubeCLT-1.16.0/STM32CubeCLT_1.16.0/GNU-tools-for-STM32/bin/../lib/gcc/arm-none-eabi/12.3.1/../../../../arm-none-eabi/lib/thumb/v7e-m/nofp\libg.a(libc_a-memset.o)
 .debug_loclists
                0x00001cf3      0x281 C:/MyProgramFiles/Engineering/Embedded/STM32CubeCLT-1.16.0/STM32CubeCLT_1.16.0/GNU-tools-for-STM32/bin/../lib/gcc/arm-none-eabi/12.3.1/../../../../arm-none-eabi/lib/thumb/v7e-m/nofp\libg.a(libc_a-signal.o)
 .debug_loclists
                0x00001f74       0x68 C:/MyProgramFiles/Engineering/Embedded/STM32CubeCLT-1.16.0/STM32CubeCLT_1.16.0/GNU-tools-for-STM32/bin/../lib/gcc/arm-none-eabi/12.3.1/../../../../arm-none-eabi/lib/thumb/v7e-m/nofp\libg.a(libc_a-reent.o)
 .debug_loclists
                0x00001fdc       0x81 C:/MyProgramFiles/Engineering/Embedded/STM32CubeCLT-1.16.0/STM32CubeCLT_1.16.0/GNU-tools-for-STM32/bin/../lib/gcc/arm-none-eabi/12.3.1/../../../../arm-none-eabi/lib/thumb/v7e-m/nofp\libg.a(libc_a-signalr.o)
 .debug_loclists
                0x0000205d       0x44 C:/MyProgramFiles/Engineering/Embedded/STM32CubeCLT-1.16.0/STM32CubeCLT_1.16.0/GNU-tools-for-STM32/bin/../lib/gcc/arm-none-eabi/12.3.1/../../../../arm-none-eabi/lib/thumb/v7e-m/nofp\libg.a(libc_a-init.o)
 .debug_loclists
                0x000020a1       0x23 C:/MyProgramFiles/Engineering/Embedded/STM32CubeCLT-1.16.0/STM32CubeCLT_1.16.0/GNU-tools-for-STM32/bin/../lib/gcc/arm-none-eabi/12.3.1/../../../../arm-none-eabi/lib/thumb/v7e-m/nofp\libg.a(libc_a-lock.o)
 .debug_loclists
                0x000020c4       0x8f C:/MyProgramFiles/Engineering/Embedded/STM32CubeCLT-1.16.0/STM32CubeCLT_1.16.0/GNU-tools-for-STM32/bin/../lib/gcc/arm-none-eabi/12.3.1/../../../../arm-none-eabi/lib/thumb/v7e-m/nofp\libg.a(libc_a-memcpy-stub.o)
 .debug_loclists
                0x00002153       0xd4 C:/MyProgramFiles/Engineering/Embedded/STM32CubeCLT-1.16.0/STM32CubeCLT_1.16.0/GNU-tools-for-STM32/bin/../lib/gcc/arm-none-eabi/12.3.1/../../../../arm-none-eabi/lib/thumb/v7e-m/nofp\libg.a(libc_a-__call_atexit.o)
 .debug_loclists
                0x00002227       0x2a C:/MyProgramFiles/Engineering/Embedded/STM32CubeCLT-1.16.0/STM32CubeCLT_1.16.0/GNU-tools-for-STM32/bin/../lib/gcc/arm-none-eabi/12.3.1/../../../../arm-none-eabi/lib/thumb/v7e-m/nofp\libg.a(libc_a-atexit.o)
 .debug_loclists
                0x00002251       0x3b C:/MyProgramFiles/Engineering/Embedded/STM32CubeCLT-1.16.0/STM32CubeCLT_1.16.0/GNU-tools-for-STM32/bin/../lib/gcc/arm-none-eabi/12.3.1/../../../../arm-none-eabi/lib/thumb/v7e-m/nofp\libg.a(libc_a-fini.o)
 .debug_loclists
                0x0000228c       0x8e C:/MyProgramFiles/Engineering/Embedded/STM32CubeCLT-1.16.0/STM32CubeCLT_1.16.0/GNU-tools-for-STM32/bin/../lib/gcc/arm-none-eabi/12.3.1/../../../../arm-none-eabi/lib/thumb/v7e-m/nofp\libg.a(libc_a-__atexit.o)

.debug_aranges  0x00000000      0x988
 .debug_aranges
                0x00000000       0x30 CMakeFiles/STM32CANTest.elf.dir/Core/Src/can.c.obj
 .debug_aranges
                0x00000030       0x40 CMakeFiles/STM32CANTest.elf.dir/Core/Src/can_task.cpp.obj
 .debug_aranges
                0x00000070       0x20 CMakeFiles/STM32CANTest.elf.dir/Core/Src/gpio.c.obj
 .debug_aranges
                0x00000090       0x30 CMakeFiles/STM32CANTest.elf.dir/Core/Src/main.c.obj
 .debug_aranges
                0x000000c0       0x20 CMakeFiles/STM32CANTest.elf.dir/Core/Src/startup.cpp.obj
 .debug_aranges
                0x000000e0       0x20 CMakeFiles/STM32CANTest.elf.dir/Core/Src/stm32f4xx_hal_msp.c.obj
 .debug_aranges
                0x00000100       0x80 CMakeFiles/STM32CANTest.elf.dir/Core/Src/stm32f4xx_it.c.obj
 .debug_aranges
                0x00000180       0xa8 CMakeFiles/STM32CANTest.elf.dir/Core/Src/syscalls.c.obj
 .debug_aranges
                0x00000228       0x28 CMakeFiles/STM32CANTest.elf.dir/Core/Src/system_stm32f4xx.c.obj
 .debug_aranges
                0x00000250       0x28 CMakeFiles/STM32CANTest.elf.dir/Core/Startup/startup_stm32f427iihx.s.obj
 .debug_aranges
                0x00000278      0x100 CMakeFiles/STM32CANTest.elf.dir/Drivers/STM32F4xx_HAL_Driver/Src/stm32f4xx_hal.c.obj
 .debug_aranges
                0x00000378      0x138 CMakeFiles/STM32CANTest.elf.dir/Drivers/STM32F4xx_HAL_Driver/Src/stm32f4xx_hal_can.c.obj
 .debug_aranges
                0x000004b0       0xd8 CMakeFiles/STM32CANTest.elf.dir/Drivers/STM32F4xx_HAL_Driver/Src/stm32f4xx_hal_cortex.c.obj
 .debug_aranges
                0x00000588       0x58 CMakeFiles/STM32CANTest.elf.dir/Drivers/STM32F4xx_HAL_Driver/Src/stm32f4xx_hal_gpio.c.obj
 .debug_aranges
                0x000005e0       0x60 CMakeFiles/STM32CANTest.elf.dir/Drivers/STM32F4xx_HAL_Driver/Src/stm32f4xx_hal_pwr_ex.c.obj
 .debug_aranges
                0x00000640       0x88 CMakeFiles/STM32CANTest.elf.dir/Drivers/STM32F4xx_HAL_Driver/Src/stm32f4xx_hal_rcc.c.obj
 .debug_aranges
                0x000006c8       0x20 C:/MyProgramFiles/Engineering/Embedded/STM32CubeCLT-1.16.0/STM32CubeCLT_1.16.0/GNU-tools-for-STM32/bin/../lib/gcc/arm-none-eabi/12.3.1/../../../../arm-none-eabi/lib/thumb/v7e-m/nofp\libg.a(libc_a-abort.o)
 .debug_aranges
                0x000006e8       0x78 C:/MyProgramFiles/Engineering/Embedded/STM32CubeCLT-1.16.0/STM32CubeCLT_1.16.0/GNU-tools-for-STM32/bin/../lib/gcc/arm-none-eabi/12.3.1/../../../../arm-none-eabi/lib/thumb/v7e-m/nofp\libg.a(libc_a-findfp.o)
 .debug_aranges
                0x00000760       0x20 C:/MyProgramFiles/Engineering/Embedded/STM32CubeCLT-1.16.0/STM32CubeCLT_1.16.0/GNU-tools-for-STM32/bin/../lib/gcc/arm-none-eabi/12.3.1/../../../../arm-none-eabi/lib/thumb/v7e-m/nofp\libg.a(libc_a-memset.o)
 .debug_aranges
                0x00000780       0x58 C:/MyProgramFiles/Engineering/Embedded/STM32CubeCLT-1.16.0/STM32CubeCLT_1.16.0/GNU-tools-for-STM32/bin/../lib/gcc/arm-none-eabi/12.3.1/../../../../arm-none-eabi/lib/thumb/v7e-m/nofp\libg.a(libc_a-signal.o)
 .debug_aranges
                0x000007d8       0x20 C:/MyProgramFiles/Engineering/Embedded/STM32CubeCLT-1.16.0/STM32CubeCLT_1.16.0/GNU-tools-for-STM32/bin/../lib/gcc/arm-none-eabi/12.3.1/../../../../arm-none-eabi/lib/thumb/v7e-m/nofp\libg.a(libc_a-reent.o)
 .debug_aranges
                0x000007f8       0x18 C:/MyProgramFiles/Engineering/Embedded/STM32CubeCLT-1.16.0/STM32CubeCLT_1.16.0/GNU-tools-for-STM32/bin/../lib/gcc/arm-none-eabi/12.3.1/../../../../arm-none-eabi/lib/thumb/v7e-m/nofp\libg.a(libc_a-impure.o)
 .debug_aranges
                0x00000810       0x28 C:/MyProgramFiles/Engineering/Embedded/STM32CubeCLT-1.16.0/STM32CubeCLT_1.16.0/GNU-tools-for-STM32/bin/../lib/gcc/arm-none-eabi/12.3.1/../../../../arm-none-eabi/lib/thumb/v7e-m/nofp\libg.a(libc_a-signalr.o)
 .debug_aranges
                0x00000838       0x20 C:/MyProgramFiles/Engineering/Embedded/STM32CubeCLT-1.16.0/STM32CubeCLT_1.16.0/GNU-tools-for-STM32/bin/../lib/gcc/arm-none-eabi/12.3.1/../../../../arm-none-eabi/lib/thumb/v7e-m/nofp\libg.a(libc_a-errno.o)
 .debug_aranges
                0x00000858       0x20 C:/MyProgramFiles/Engineering/Embedded/STM32CubeCLT-1.16.0/STM32CubeCLT_1.16.0/GNU-tools-for-STM32/bin/../lib/gcc/arm-none-eabi/12.3.1/../../../../arm-none-eabi/lib/thumb/v7e-m/nofp\libg.a(libc_a-init.o)
 .debug_aranges
                0x00000878       0x68 C:/MyProgramFiles/Engineering/Embedded/STM32CubeCLT-1.16.0/STM32CubeCLT_1.16.0/GNU-tools-for-STM32/bin/../lib/gcc/arm-none-eabi/12.3.1/../../../../arm-none-eabi/lib/thumb/v7e-m/nofp\libg.a(libc_a-lock.o)
 .debug_aranges
                0x000008e0       0x20 C:/MyProgramFiles/Engineering/Embedded/STM32CubeCLT-1.16.0/STM32CubeCLT_1.16.0/GNU-tools-for-STM32/bin/../lib/gcc/arm-none-eabi/12.3.1/../../../../arm-none-eabi/lib/thumb/v7e-m/nofp\libg.a(libc_a-memcpy-stub.o)
 .debug_aranges
                0x00000900       0x28 C:/MyProgramFiles/Engineering/Embedded/STM32CubeCLT-1.16.0/STM32CubeCLT_1.16.0/GNU-tools-for-STM32/bin/../lib/gcc/arm-none-eabi/12.3.1/../../../../arm-none-eabi/lib/thumb/v7e-m/nofp\libg.a(libc_a-__call_atexit.o)
 .debug_aranges
                0x00000928       0x20 C:/MyProgramFiles/Engineering/Embedded/STM32CubeCLT-1.16.0/STM32CubeCLT_1.16.0/GNU-tools-for-STM32/bin/../lib/gcc/arm-none-eabi/12.3.1/../../../../arm-none-eabi/lib/thumb/v7e-m/nofp\libg.a(libc_a-atexit.o)
 .debug_aranges
                0x00000948       0x20 C:/MyProgramFiles/Engineering/Embedded/STM32CubeCLT-1.16.0/STM32CubeCLT_1.16.0/GNU-tools-for-STM32/bin/../lib/gcc/arm-none-eabi/12.3.1/../../../../arm-none-eabi/lib/thumb/v7e-m/nofp\libg.a(libc_a-fini.o)
 .debug_aranges
                0x00000968       0x20 C:/MyProgramFiles/Engineering/Embedded/STM32CubeCLT-1.16.0/STM32CubeCLT_1.16.0/GNU-tools-for-STM32/bin/../lib/gcc/arm-none-eabi/12.3.1/../../../../arm-none-eabi/lib/thumb/v7e-m/nofp\libg.a(libc_a-__atexit.o)

.debug_rnglists
                0x00000000      0x6ed
 .debug_rnglists
                0x00000000       0x20 CMakeFiles/STM32CANTest.elf.dir/Core/Src/can.c.obj
 .debug_rnglists
                0x00000020       0x2c CMakeFiles/STM32CANTest.elf.dir/Core/Src/can_task.cpp.obj
 .debug_rnglists
                0x0000004c       0x13 CMakeFiles/STM32CANTest.elf.dir/Core/Src/gpio.c.obj
 .debug_rnglists
                0x0000005f       0x20 CMakeFiles/STM32CANTest.elf.dir/Core/Src/main.c.obj
 .debug_rnglists
                0x0000007f       0x13 CMakeFiles/STM32CANTest.elf.dir/Core/Src/startup.cpp.obj
 .debug_rnglists
                0x00000092       0x13 CMakeFiles/STM32CANTest.elf.dir/Core/Src/stm32f4xx_hal_msp.c.obj
 .debug_rnglists
                0x000000a5       0x5b CMakeFiles/STM32CANTest.elf.dir/Core/Src/stm32f4xx_it.c.obj
 .debug_rnglists
                0x00000100       0x79 CMakeFiles/STM32CANTest.elf.dir/Core/Src/syscalls.c.obj
 .debug_rnglists
                0x00000179       0x1a CMakeFiles/STM32CANTest.elf.dir/Core/Src/system_stm32f4xx.c.obj
 .debug_rnglists
                0x00000193       0x19 CMakeFiles/STM32CANTest.elf.dir/Core/Startup/startup_stm32f427iihx.s.obj
 .debug_rnglists
                0x000001ac       0xbb CMakeFiles/STM32CANTest.elf.dir/Drivers/STM32F4xx_HAL_Driver/Src/stm32f4xx_hal.c.obj
 .debug_rnglists
                0x00000267       0xea CMakeFiles/STM32CANTest.elf.dir/Drivers/STM32F4xx_HAL_Driver/Src/stm32f4xx_hal_can.c.obj
 .debug_rnglists
                0x00000351       0x9d CMakeFiles/STM32CANTest.elf.dir/Drivers/STM32F4xx_HAL_Driver/Src/stm32f4xx_hal_cortex.c.obj
 .debug_rnglists
                0x000003ee       0x3f CMakeFiles/STM32CANTest.elf.dir/Drivers/STM32F4xx_HAL_Driver/Src/stm32f4xx_hal_gpio.c.obj
 .debug_rnglists
                0x0000042d       0x44 CMakeFiles/STM32CANTest.elf.dir/Drivers/STM32F4xx_HAL_Driver/Src/stm32f4xx_hal_pwr_ex.c.obj
 .debug_rnglists
                0x00000471       0x75 CMakeFiles/STM32CANTest.elf.dir/Drivers/STM32F4xx_HAL_Driver/Src/stm32f4xx_hal_rcc.c.obj
 .debug_rnglists
                0x000004e6       0x13 C:/MyProgramFiles/Engineering/Embedded/STM32CubeCLT-1.16.0/STM32CubeCLT_1.16.0/GNU-tools-for-STM32/bin/../lib/gcc/arm-none-eabi/12.3.1/../../../../arm-none-eabi/lib/thumb/v7e-m/nofp\libg.a(libc_a-abort.o)
 .debug_rnglists
                0x000004f9       0x7a C:/MyProgramFiles/Engineering/Embedded/STM32CubeCLT-1.16.0/STM32CubeCLT_1.16.0/GNU-tools-for-STM32/bin/../lib/gcc/arm-none-eabi/12.3.1/../../../../arm-none-eabi/lib/thumb/v7e-m/nofp\libg.a(libc_a-findfp.o)
 .debug_rnglists
                0x00000573       0x13 C:/MyProgramFiles/Engineering/Embedded/STM32CubeCLT-1.16.0/STM32CubeCLT_1.16.0/GNU-tools-for-STM32/bin/../lib/gcc/arm-none-eabi/12.3.1/../../../../arm-none-eabi/lib/thumb/v7e-m/nofp\libg.a(libc_a-memset.o)
 .debug_rnglists
                0x00000586       0x3d C:/MyProgramFiles/Engineering/Embedded/STM32CubeCLT-1.16.0/STM32CubeCLT_1.16.0/GNU-tools-for-STM32/bin/../lib/gcc/arm-none-eabi/12.3.1/../../../../arm-none-eabi/lib/thumb/v7e-m/nofp\libg.a(libc_a-signal.o)
 .debug_rnglists
                0x000005c3       0x2b C:/MyProgramFiles/Engineering/Embedded/STM32CubeCLT-1.16.0/STM32CubeCLT_1.16.0/GNU-tools-for-STM32/bin/../lib/gcc/arm-none-eabi/12.3.1/../../../../arm-none-eabi/lib/thumb/v7e-m/nofp\libg.a(libc_a-reent.o)
 .debug_rnglists
                0x000005ee       0x19 C:/MyProgramFiles/Engineering/Embedded/STM32CubeCLT-1.16.0/STM32CubeCLT_1.16.0/GNU-tools-for-STM32/bin/../lib/gcc/arm-none-eabi/12.3.1/../../../../arm-none-eabi/lib/thumb/v7e-m/nofp\libg.a(libc_a-signalr.o)
 .debug_rnglists
                0x00000607       0x13 C:/MyProgramFiles/Engineering/Embedded/STM32CubeCLT-1.16.0/STM32CubeCLT_1.16.0/GNU-tools-for-STM32/bin/../lib/gcc/arm-none-eabi/12.3.1/../../../../arm-none-eabi/lib/thumb/v7e-m/nofp\libg.a(libc_a-errno.o)
 .debug_rnglists
                0x0000061a       0x13 C:/MyProgramFiles/Engineering/Embedded/STM32CubeCLT-1.16.0/STM32CubeCLT_1.16.0/GNU-tools-for-STM32/bin/../lib/gcc/arm-none-eabi/12.3.1/../../../../arm-none-eabi/lib/thumb/v7e-m/nofp\libg.a(libc_a-init.o)
 .debug_rnglists
                0x0000062d       0x49 C:/MyProgramFiles/Engineering/Embedded/STM32CubeCLT-1.16.0/STM32CubeCLT_1.16.0/GNU-tools-for-STM32/bin/../lib/gcc/arm-none-eabi/12.3.1/../../../../arm-none-eabi/lib/thumb/v7e-m/nofp\libg.a(libc_a-lock.o)
 .debug_rnglists
                0x00000676       0x13 C:/MyProgramFiles/Engineering/Embedded/STM32CubeCLT-1.16.0/STM32CubeCLT_1.16.0/GNU-tools-for-STM32/bin/../lib/gcc/arm-none-eabi/12.3.1/../../../../arm-none-eabi/lib/thumb/v7e-m/nofp\libg.a(libc_a-memcpy-stub.o)
 .debug_rnglists
                0x00000689       0x2a C:/MyProgramFiles/Engineering/Embedded/STM32CubeCLT-1.16.0/STM32CubeCLT_1.16.0/GNU-tools-for-STM32/bin/../lib/gcc/arm-none-eabi/12.3.1/../../../../arm-none-eabi/lib/thumb/v7e-m/nofp\libg.a(libc_a-__call_atexit.o)
 .debug_rnglists
                0x000006b3       0x13 C:/MyProgramFiles/Engineering/Embedded/STM32CubeCLT-1.16.0/STM32CubeCLT_1.16.0/GNU-tools-for-STM32/bin/../lib/gcc/arm-none-eabi/12.3.1/../../../../arm-none-eabi/lib/thumb/v7e-m/nofp\libg.a(libc_a-atexit.o)
 .debug_rnglists
                0x000006c6       0x13 C:/MyProgramFiles/Engineering/Embedded/STM32CubeCLT-1.16.0/STM32CubeCLT_1.16.0/GNU-tools-for-STM32/bin/../lib/gcc/arm-none-eabi/12.3.1/../../../../arm-none-eabi/lib/thumb/v7e-m/nofp\libg.a(libc_a-fini.o)
 .debug_rnglists
                0x000006d9       0x14 C:/MyProgramFiles/Engineering/Embedded/STM32CubeCLT-1.16.0/STM32CubeCLT_1.16.0/GNU-tools-for-STM32/bin/../lib/gcc/arm-none-eabi/12.3.1/../../../../arm-none-eabi/lib/thumb/v7e-m/nofp\libg.a(libc_a-__atexit.o)

.debug_line     0x00000000     0x8011
 .debug_line    0x00000000      0x4a6 CMakeFiles/STM32CANTest.elf.dir/Core/Src/can.c.obj
 .debug_line    0x000004a6      0x4f4 CMakeFiles/STM32CANTest.elf.dir/Core/Src/can_task.cpp.obj
 .debug_line    0x0000099a      0x285 CMakeFiles/STM32CANTest.elf.dir/Core/Src/gpio.c.obj
 .debug_line    0x00000c1f      0x51a CMakeFiles/STM32CANTest.elf.dir/Core/Src/main.c.obj
 .debug_line    0x00001139       0x95 CMakeFiles/STM32CANTest.elf.dir/Core/Src/startup.cpp.obj
 .debug_line    0x000011ce      0x28d CMakeFiles/STM32CANTest.elf.dir/Core/Src/stm32f4xx_hal_msp.c.obj
 .debug_line    0x0000145b      0x466 CMakeFiles/STM32CANTest.elf.dir/Core/Src/stm32f4xx_it.c.obj
 .debug_line    0x000018c1      0x4dd CMakeFiles/STM32CANTest.elf.dir/Core/Src/syscalls.c.obj
 .debug_line    0x00001d9e      0x355 CMakeFiles/STM32CANTest.elf.dir/Core/Src/system_stm32f4xx.c.obj
 .debug_line    0x000020f3       0x7a CMakeFiles/STM32CANTest.elf.dir/Core/Startup/startup_stm32f427iihx.s.obj
 .debug_line    0x0000216d      0x747 CMakeFiles/STM32CANTest.elf.dir/Drivers/STM32F4xx_HAL_Driver/Src/stm32f4xx_hal.c.obj
 .debug_line    0x000028b4     0x12b4 CMakeFiles/STM32CANTest.elf.dir/Drivers/STM32F4xx_HAL_Driver/Src/stm32f4xx_hal_can.c.obj
 .debug_line    0x00003b68      0x9ba CMakeFiles/STM32CANTest.elf.dir/Drivers/STM32F4xx_HAL_Driver/Src/stm32f4xx_hal_cortex.c.obj
 .debug_line    0x00004522      0x842 CMakeFiles/STM32CANTest.elf.dir/Drivers/STM32F4xx_HAL_Driver/Src/stm32f4xx_hal_gpio.c.obj
 .debug_line    0x00004d64      0x648 CMakeFiles/STM32CANTest.elf.dir/Drivers/STM32F4xx_HAL_Driver/Src/stm32f4xx_hal_pwr_ex.c.obj
 .debug_line    0x000053ac      0xc72 CMakeFiles/STM32CANTest.elf.dir/Drivers/STM32F4xx_HAL_Driver/Src/stm32f4xx_hal_rcc.c.obj
 .debug_line    0x0000601e      0x167 C:/MyProgramFiles/Engineering/Embedded/STM32CubeCLT-1.16.0/STM32CubeCLT_1.16.0/GNU-tools-for-STM32/bin/../lib/gcc/arm-none-eabi/12.3.1/../../../../arm-none-eabi/lib/thumb/v7e-m/nofp\libg.a(libc_a-abort.o)
 .debug_line    0x00006185      0x596 C:/MyProgramFiles/Engineering/Embedded/STM32CubeCLT-1.16.0/STM32CubeCLT_1.16.0/GNU-tools-for-STM32/bin/../lib/gcc/arm-none-eabi/12.3.1/../../../../arm-none-eabi/lib/thumb/v7e-m/nofp\libg.a(libc_a-findfp.o)
 .debug_line    0x0000671b      0x17e C:/MyProgramFiles/Engineering/Embedded/STM32CubeCLT-1.16.0/STM32CubeCLT_1.16.0/GNU-tools-for-STM32/bin/../lib/gcc/arm-none-eabi/12.3.1/../../../../arm-none-eabi/lib/thumb/v7e-m/nofp\libg.a(libc_a-memset.o)
 .debug_line    0x00006899      0x44b C:/MyProgramFiles/Engineering/Embedded/STM32CubeCLT-1.16.0/STM32CubeCLT_1.16.0/GNU-tools-for-STM32/bin/../lib/gcc/arm-none-eabi/12.3.1/../../../../arm-none-eabi/lib/thumb/v7e-m/nofp\libg.a(libc_a-signal.o)
 .debug_line    0x00006ce4      0x263 C:/MyProgramFiles/Engineering/Embedded/STM32CubeCLT-1.16.0/STM32CubeCLT_1.16.0/GNU-tools-for-STM32/bin/../lib/gcc/arm-none-eabi/12.3.1/../../../../arm-none-eabi/lib/thumb/v7e-m/nofp\libg.a(libc_a-reent.o)
 .debug_line    0x00006f47      0x163 C:/MyProgramFiles/Engineering/Embedded/STM32CubeCLT-1.16.0/STM32CubeCLT_1.16.0/GNU-tools-for-STM32/bin/../lib/gcc/arm-none-eabi/12.3.1/../../../../arm-none-eabi/lib/thumb/v7e-m/nofp\libg.a(libc_a-impure.o)
 .debug_line    0x000070aa      0x24c C:/MyProgramFiles/Engineering/Embedded/STM32CubeCLT-1.16.0/STM32CubeCLT_1.16.0/GNU-tools-for-STM32/bin/../lib/gcc/arm-none-eabi/12.3.1/../../../../arm-none-eabi/lib/thumb/v7e-m/nofp\libg.a(libc_a-signalr.o)
 .debug_line    0x000072f6      0x185 C:/MyProgramFiles/Engineering/Embedded/STM32CubeCLT-1.16.0/STM32CubeCLT_1.16.0/GNU-tools-for-STM32/bin/../lib/gcc/arm-none-eabi/12.3.1/../../../../arm-none-eabi/lib/thumb/v7e-m/nofp\libg.a(libc_a-errno.o)
 .debug_line    0x0000747b      0x188 C:/MyProgramFiles/Engineering/Embedded/STM32CubeCLT-1.16.0/STM32CubeCLT_1.16.0/GNU-tools-for-STM32/bin/../lib/gcc/arm-none-eabi/12.3.1/../../../../arm-none-eabi/lib/thumb/v7e-m/nofp\libg.a(libc_a-init.o)
 .debug_line    0x00007603      0x19b C:/MyProgramFiles/Engineering/Embedded/STM32CubeCLT-1.16.0/STM32CubeCLT_1.16.0/GNU-tools-for-STM32/bin/../lib/gcc/arm-none-eabi/12.3.1/../../../../arm-none-eabi/lib/thumb/v7e-m/nofp\libg.a(libc_a-lock.o)
 .debug_line    0x0000779e      0x202 C:/MyProgramFiles/Engineering/Embedded/STM32CubeCLT-1.16.0/STM32CubeCLT_1.16.0/GNU-tools-for-STM32/bin/../lib/gcc/arm-none-eabi/12.3.1/../../../../arm-none-eabi/lib/thumb/v7e-m/nofp\libg.a(libc_a-memcpy-stub.o)
 .debug_line    0x000079a0      0x28a C:/MyProgramFiles/Engineering/Embedded/STM32CubeCLT-1.16.0/STM32CubeCLT_1.16.0/GNU-tools-for-STM32/bin/../lib/gcc/arm-none-eabi/12.3.1/../../../../arm-none-eabi/lib/thumb/v7e-m/nofp\libg.a(libc_a-__call_atexit.o)
 .debug_line    0x00007c2a      0x102 C:/MyProgramFiles/Engineering/Embedded/STM32CubeCLT-1.16.0/STM32CubeCLT_1.16.0/GNU-tools-for-STM32/bin/../lib/gcc/arm-none-eabi/12.3.1/../../../../arm-none-eabi/lib/thumb/v7e-m/nofp\libg.a(libc_a-atexit.o)
 .debug_line    0x00007d2c      0x140 C:/MyProgramFiles/Engineering/Embedded/STM32CubeCLT-1.16.0/STM32CubeCLT_1.16.0/GNU-tools-for-STM32/bin/../lib/gcc/arm-none-eabi/12.3.1/../../../../arm-none-eabi/lib/thumb/v7e-m/nofp\libg.a(libc_a-fini.o)
 .debug_line    0x00007e6c      0x1a5 C:/MyProgramFiles/Engineering/Embedded/STM32CubeCLT-1.16.0/STM32CubeCLT_1.16.0/GNU-tools-for-STM32/bin/../lib/gcc/arm-none-eabi/12.3.1/../../../../arm-none-eabi/lib/thumb/v7e-m/nofp\libg.a(libc_a-__atexit.o)

.debug_str      0x00000000     0x3857
 .debug_str     0x00000000      0xb1b CMakeFiles/STM32CANTest.elf.dir/Core/Src/can.c.obj
                                0xc31 (size before relaxing)
 .debug_str     0x00000b1b      0x585 CMakeFiles/STM32CANTest.elf.dir/Core/Src/can_task.cpp.obj
                                0x9fd (size before relaxing)
 .debug_str     0x000010a0       0x56 CMakeFiles/STM32CANTest.elf.dir/Core/Src/gpio.c.obj
                                0x322 (size before relaxing)
 .debug_str     0x000010f6      0x1da CMakeFiles/STM32CANTest.elf.dir/Core/Src/main.c.obj
                                0x530 (size before relaxing)
 .debug_str     0x000012d0       0x4e CMakeFiles/STM32CANTest.elf.dir/Core/Src/startup.cpp.obj
                                0x224 (size before relaxing)
 .debug_str     0x0000131e       0x62 CMakeFiles/STM32CANTest.elf.dir/Core/Src/stm32f4xx_hal_msp.c.obj
                                0x32e (size before relaxing)
 .debug_str     0x00001380      0x14f CMakeFiles/STM32CANTest.elf.dir/Core/Src/stm32f4xx_it.c.obj
                                0x5a5 (size before relaxing)
 .debug_str     0x000014cf      0x242 CMakeFiles/STM32CANTest.elf.dir/Core/Src/syscalls.c.obj
                                0x459 (size before relaxing)
 .debug_str     0x00001711       0xbd CMakeFiles/STM32CANTest.elf.dir/Core/Src/system_stm32f4xx.c.obj
                                0x394 (size before relaxing)
 .debug_str     0x000017ce       0x7a CMakeFiles/STM32CANTest.elf.dir/Core/Startup/startup_stm32f427iihx.s.obj
                                 0xd1 (size before relaxing)
 .debug_str     0x00001848      0x348 CMakeFiles/STM32CANTest.elf.dir/Drivers/STM32F4xx_HAL_Driver/Src/stm32f4xx_hal.c.obj
                                0xc5f (size before relaxing)
 .debug_str     0x00001b90      0x42f CMakeFiles/STM32CANTest.elf.dir/Drivers/STM32F4xx_HAL_Driver/Src/stm32f4xx_hal_can.c.obj
                                0xaab (size before relaxing)
 .debug_str     0x00001fbf      0x4c8 CMakeFiles/STM32CANTest.elf.dir/Drivers/STM32F4xx_HAL_Driver/Src/stm32f4xx_hal_cortex.c.obj
                                0xcd9 (size before relaxing)
 .debug_str     0x00002487      0x18c CMakeFiles/STM32CANTest.elf.dir/Drivers/STM32F4xx_HAL_Driver/Src/stm32f4xx_hal_gpio.c.obj
                                0x553 (size before relaxing)
 .debug_str     0x00002613      0x174 CMakeFiles/STM32CANTest.elf.dir/Drivers/STM32F4xx_HAL_Driver/Src/stm32f4xx_hal_pwr_ex.c.obj
                                0x53e (size before relaxing)
 .debug_str     0x00002787      0x1cf CMakeFiles/STM32CANTest.elf.dir/Drivers/STM32F4xx_HAL_Driver/Src/stm32f4xx_hal_rcc.c.obj
                                0x779 (size before relaxing)
 .debug_str     0x00002956      0x16e C:/MyProgramFiles/Engineering/Embedded/STM32CubeCLT-1.16.0/STM32CubeCLT_1.16.0/GNU-tools-for-STM32/bin/../lib/gcc/arm-none-eabi/12.3.1/../../../../arm-none-eabi/lib/thumb/v7e-m/nofp\libg.a(libc_a-abort.o)
                                0x209 (size before relaxing)
 .debug_str     0x00002ac4      0x55a C:/MyProgramFiles/Engineering/Embedded/STM32CubeCLT-1.16.0/STM32CubeCLT_1.16.0/GNU-tools-for-STM32/bin/../lib/gcc/arm-none-eabi/12.3.1/../../../../arm-none-eabi/lib/thumb/v7e-m/nofp\libg.a(libc_a-findfp.o)
                                0x79e (size before relaxing)
 .debug_str     0x0000301e       0x5a C:/MyProgramFiles/Engineering/Embedded/STM32CubeCLT-1.16.0/STM32CubeCLT_1.16.0/GNU-tools-for-STM32/bin/../lib/gcc/arm-none-eabi/12.3.1/../../../../arm-none-eabi/lib/thumb/v7e-m/nofp\libg.a(libc_a-memset.o)
                                0x206 (size before relaxing)
 .debug_str     0x00003078       0xcc C:/MyProgramFiles/Engineering/Embedded/STM32CubeCLT-1.16.0/STM32CubeCLT_1.16.0/GNU-tools-for-STM32/bin/../lib/gcc/arm-none-eabi/12.3.1/../../../../arm-none-eabi/lib/thumb/v7e-m/nofp\libg.a(libc_a-signal.o)
                                0x59d (size before relaxing)
 .debug_str     0x00003144       0x7f C:/MyProgramFiles/Engineering/Embedded/STM32CubeCLT-1.16.0/STM32CubeCLT_1.16.0/GNU-tools-for-STM32/bin/../lib/gcc/arm-none-eabi/12.3.1/../../../../arm-none-eabi/lib/thumb/v7e-m/nofp\libg.a(libc_a-reent.o)
                                0x535 (size before relaxing)
 .debug_str     0x000031c3       0x59 C:/MyProgramFiles/Engineering/Embedded/STM32CubeCLT-1.16.0/STM32CubeCLT_1.16.0/GNU-tools-for-STM32/bin/../lib/gcc/arm-none-eabi/12.3.1/../../../../arm-none-eabi/lib/thumb/v7e-m/nofp\libg.a(libc_a-impure.o)
                                0x51b (size before relaxing)
 .debug_str     0x0000321c       0x62 C:/MyProgramFiles/Engineering/Embedded/STM32CubeCLT-1.16.0/STM32CubeCLT_1.16.0/GNU-tools-for-STM32/bin/../lib/gcc/arm-none-eabi/12.3.1/../../../../arm-none-eabi/lib/thumb/v7e-m/nofp\libg.a(libc_a-signalr.o)
                                0x532 (size before relaxing)
 .debug_str     0x0000327e       0x58 C:/MyProgramFiles/Engineering/Embedded/STM32CubeCLT-1.16.0/STM32CubeCLT_1.16.0/GNU-tools-for-STM32/bin/../lib/gcc/arm-none-eabi/12.3.1/../../../../arm-none-eabi/lib/thumb/v7e-m/nofp\libg.a(libc_a-errno.o)
                                0x510 (size before relaxing)
 .debug_str     0x000032d6       0xb6 C:/MyProgramFiles/Engineering/Embedded/STM32CubeCLT-1.16.0/STM32CubeCLT_1.16.0/GNU-tools-for-STM32/bin/../lib/gcc/arm-none-eabi/12.3.1/../../../../arm-none-eabi/lib/thumb/v7e-m/nofp\libg.a(libc_a-init.o)
                                0x267 (size before relaxing)
 .debug_str     0x0000338c      0x1d7 C:/MyProgramFiles/Engineering/Embedded/STM32CubeCLT-1.16.0/STM32CubeCLT_1.16.0/GNU-tools-for-STM32/bin/../lib/gcc/arm-none-eabi/12.3.1/../../../../arm-none-eabi/lib/thumb/v7e-m/nofp\libg.a(libc_a-lock.o)
                                0x379 (size before relaxing)
 .debug_str     0x00003563       0x7f C:/MyProgramFiles/Engineering/Embedded/STM32CubeCLT-1.16.0/STM32CubeCLT_1.16.0/GNU-tools-for-STM32/bin/../lib/gcc/arm-none-eabi/12.3.1/../../../../arm-none-eabi/lib/thumb/v7e-m/nofp\libg.a(libc_a-memcpy-stub.o)
                                0x224 (size before relaxing)
 .debug_str     0x000035e2       0xf2 C:/MyProgramFiles/Engineering/Embedded/STM32CubeCLT-1.16.0/STM32CubeCLT_1.16.0/GNU-tools-for-STM32/bin/../lib/gcc/arm-none-eabi/12.3.1/../../../../arm-none-eabi/lib/thumb/v7e-m/nofp\libg.a(libc_a-__call_atexit.o)
                                0x343 (size before relaxing)
 .debug_str     0x000036d4       0x9e C:/MyProgramFiles/Engineering/Embedded/STM32CubeCLT-1.16.0/STM32CubeCLT_1.16.0/GNU-tools-for-STM32/bin/../lib/gcc/arm-none-eabi/12.3.1/../../../../arm-none-eabi/lib/thumb/v7e-m/nofp\libg.a(libc_a-atexit.o)
                                0x243 (size before relaxing)
 .debug_str     0x00003772       0x7a C:/MyProgramFiles/Engineering/Embedded/STM32CubeCLT-1.16.0/STM32CubeCLT_1.16.0/GNU-tools-for-STM32/bin/../lib/gcc/arm-none-eabi/12.3.1/../../../../arm-none-eabi/lib/thumb/v7e-m/nofp\libg.a(libc_a-fini.o)
                                0x23d (size before relaxing)
 .debug_str     0x000037ec       0x6b C:/MyProgramFiles/Engineering/Embedded/STM32CubeCLT-1.16.0/STM32CubeCLT_1.16.0/GNU-tools-for-STM32/bin/../lib/gcc/arm-none-eabi/12.3.1/../../../../arm-none-eabi/lib/thumb/v7e-m/nofp\libg.a(libc_a-__atexit.o)
                                0x31a (size before relaxing)

.comment        0x00000000       0x43
 .comment       0x00000000       0x43 CMakeFiles/STM32CANTest.elf.dir/Core/Src/can.c.obj
                                 0x44 (size before relaxing)
 .comment       0x00000043       0x44 CMakeFiles/STM32CANTest.elf.dir/Core/Src/can_task.cpp.obj
 .comment       0x00000043       0x44 CMakeFiles/STM32CANTest.elf.dir/Core/Src/gpio.c.obj
 .comment       0x00000043       0x44 CMakeFiles/STM32CANTest.elf.dir/Core/Src/main.c.obj
 .comment       0x00000043       0x44 CMakeFiles/STM32CANTest.elf.dir/Core/Src/startup.cpp.obj
 .comment       0x00000043       0x44 CMakeFiles/STM32CANTest.elf.dir/Core/Src/stm32f4xx_hal_msp.c.obj
 .comment       0x00000043       0x44 CMakeFiles/STM32CANTest.elf.dir/Core/Src/stm32f4xx_it.c.obj
 .comment       0x00000043       0x44 CMakeFiles/STM32CANTest.elf.dir/Core/Src/syscalls.c.obj
 .comment       0x00000043       0x44 CMakeFiles/STM32CANTest.elf.dir/Core/Src/system_stm32f4xx.c.obj
 .comment       0x00000043       0x44 CMakeFiles/STM32CANTest.elf.dir/Drivers/STM32F4xx_HAL_Driver/Src/stm32f4xx_hal.c.obj
 .comment       0x00000043       0x44 CMakeFiles/STM32CANTest.elf.dir/Drivers/STM32F4xx_HAL_Driver/Src/stm32f4xx_hal_can.c.obj
 .comment       0x00000043       0x44 CMakeFiles/STM32CANTest.elf.dir/Drivers/STM32F4xx_HAL_Driver/Src/stm32f4xx_hal_cortex.c.obj
 .comment       0x00000043       0x44 CMakeFiles/STM32CANTest.elf.dir/Drivers/STM32F4xx_HAL_Driver/Src/stm32f4xx_hal_gpio.c.obj
 .comment       0x00000043       0x44 CMakeFiles/STM32CANTest.elf.dir/Drivers/STM32F4xx_HAL_Driver/Src/stm32f4xx_hal_pwr_ex.c.obj
 .comment       0x00000043       0x44 CMakeFiles/STM32CANTest.elf.dir/Drivers/STM32F4xx_HAL_Driver/Src/stm32f4xx_hal_rcc.c.obj
 .comment       0x00000043       0x44 C:/MyProgramFiles/Engineering/Embedded/STM32CubeCLT-1.16.0/STM32CubeCLT_1.16.0/GNU-tools-for-STM32/bin/../lib/gcc/arm-none-eabi/12.3.1/../../../../arm-none-eabi/lib/thumb/v7e-m/nofp\libg.a(libc_a-abort.o)
 .comment       0x00000043       0x44 C:/MyProgramFiles/Engineering/Embedded/STM32CubeCLT-1.16.0/STM32CubeCLT_1.16.0/GNU-tools-for-STM32/bin/../lib/gcc/arm-none-eabi/12.3.1/../../../../arm-none-eabi/lib/thumb/v7e-m/nofp\libg.a(libc_a-findfp.o)