Archive member included to satisfy reference by file (symbol)

C:/MyProgramFiles/Engineering/Embedded/STM32CubeCLT-1.16.0/STM32CubeCLT_1.16.0/GNU-tools-for-STM32/bin/../lib/gcc/arm-none-eabi/12.3.1/thumb/v7e-m/nofp\libgcc.a(_arm_mulsf3.o)
                              CMakeFiles/STM32CANTest.elf.dir/Core/Src/M3508_Motor.cpp.obj (__aeabi_fmul)
C:/MyProgramFiles/Engineering/Embedded/STM32CubeCLT-1.16.0/STM32CubeCLT_1.16.0/GNU-tools-for-STM32/bin/../lib/gcc/arm-none-eabi/12.3.1/thumb/v7e-m/nofp\libgcc.a(_arm_addsubsf3.o)
                              CMakeFiles/STM32CANTest.elf.dir/Core/Src/M3508_Motor.cpp.obj (__aeabi_fsub)
C:/MyProgramFiles/Engineering/Embedded/STM32CubeCLT-1.16.0/STM32CubeCLT_1.16.0/GNU-tools-for-STM32/bin/../lib/gcc/arm-none-eabi/12.3.1/thumb/v7e-m/nofp\libgcc.a(_arm_muldivsf3.o)
                              CMakeFiles/STM32CANTest.elf.dir/Core/Src/M3508_Motor.cpp.obj (__aeabi_fdiv)
C:/MyProgramFiles/Engineering/Embedded/STM32CubeCLT-1.16.0/STM32CubeCLT_1.16.0/GNU-tools-for-STM32/bin/../lib/gcc/arm-none-eabi/12.3.1/thumb/v7e-m/nofp\libgcc.a(_arm_cmpsf2.o)
                              CMakeFiles/STM32CANTest.elf.dir/Core/Src/M3508_Motor.cpp.obj (__aeabi_fcmplt)
C:/MyProgramFiles/Engineering/Embedded/STM32CubeCLT-1.16.0/STM32CubeCLT_1.16.0/GNU-tools-for-STM32/bin/../lib/gcc/arm-none-eabi/12.3.1/thumb/v7e-m/nofp\libgcc.a(_arm_fixsfsi.o)
                              CMakeFiles/STM32CANTest.elf.dir/Core/Src/M3508_Motor.cpp.obj (__aeabi_f2iz)
C:/MyProgramFiles/Engineering/Embedded/STM32CubeCLT-1.16.0/STM32CubeCLT_1.16.0/GNU-tools-for-STM32/bin/../lib/gcc/arm-none-eabi/12.3.1/thumb/v7e-m/nofp\libgcc.a(_aeabi_uldivmod.o)
                              CMakeFiles/STM32CANTest.elf.dir/Drivers/STM32F4xx_HAL_Driver/Src/stm32f4xx_hal_rcc.c.obj (__aeabi_uldivmod)
C:/MyProgramFiles/Engineering/Embedded/STM32CubeCLT-1.16.0/STM32CubeCLT_1.16.0/GNU-tools-for-STM32/bin/../lib/gcc/arm-none-eabi/12.3.1/thumb/v7e-m/nofp\libgcc.a(_udivmoddi4.o)
                              C:/MyProgramFiles/Engineering/Embedded/STM32CubeCLT-1.16.0/STM32CubeCLT_1.16.0/GNU-tools-for-STM32/bin/../lib/gcc/arm-none-eabi/12.3.1/thumb/v7e-m/nofp\libgcc.a(_aeabi_uldivmod.o) (__udivmoddi4)
C:/MyProgramFiles/Engineering/Embedded/STM32CubeCLT-1.16.0/STM32CubeCLT_1.16.0/GNU-tools-for-STM32/bin/../lib/gcc/arm-none-eabi/12.3.1/thumb/v7e-m/nofp\libgcc.a(unwind-arm.o)
                              CMakeFiles/STM32CANTest.elf.dir/Core/Src/can_task.cpp.obj (__aeabi_unwind_cpp_pr0)
C:/MyProgramFiles/Engineering/Embedded/STM32CubeCLT-1.16.0/STM32CubeCLT_1.16.0/GNU-tools-for-STM32/bin/../lib/gcc/arm-none-eabi/12.3.1/thumb/v7e-m/nofp\libgcc.a(libunwind.o)
                              C:/MyProgramFiles/Engineering/Embedded/STM32CubeCLT-1.16.0/STM32CubeCLT_1.16.0/GNU-tools-for-STM32/bin/../lib/gcc/arm-none-eabi/12.3.1/thumb/v7e-m/nofp\libgcc.a(unwind-arm.o) (restore_core_regs)
C:/MyProgramFiles/Engineering/Embedded/STM32CubeCLT-1.16.0/STM32CubeCLT_1.16.0/GNU-tools-for-STM32/bin/../lib/gcc/arm-none-eabi/12.3.1/thumb/v7e-m/nofp\libgcc.a(pr-support.o)
                              C:/MyProgramFiles/Engineering/Embedded/STM32CubeCLT-1.16.0/STM32CubeCLT_1.16.0/GNU-tools-for-STM32/bin/../lib/gcc/arm-none-eabi/12.3.1/thumb/v7e-m/nofp\libgcc.a(unwind-arm.o) (__gnu_unwind_execute)
C:/MyProgramFiles/Engineering/Embedded/STM32CubeCLT-1.16.0/STM32CubeCLT_1.16.0/GNU-tools-for-STM32/bin/../lib/gcc/arm-none-eabi/12.3.1/thumb/v7e-m/nofp\libgcc.a(_dvmd_tls.o)
                              C:/MyProgramFiles/Engineering/Embedded/STM32CubeCLT-1.16.0/STM32CubeCLT_1.16.0/GNU-tools-for-STM32/bin/../lib/gcc/arm-none-eabi/12.3.1/thumb/v7e-m/nofp\libgcc.a(_aeabi_uldivmod.o) (__aeabi_ldiv0)
C:/MyProgramFiles/Engineering/Embedded/STM32CubeCLT-1.16.0/STM32CubeCLT_1.16.0/GNU-tools-for-STM32/bin/../lib/gcc/arm-none-eabi/12.3.1/../../../../arm-none-eabi/lib/thumb/v7e-m/nofp\libg.a(libc_a-abort.o)
                              C:/MyProgramFiles/Engineering/Embedded/STM32CubeCLT-1.16.0/STM32CubeCLT_1.16.0/GNU-tools-for-STM32/bin/../lib/gcc/arm-none-eabi/12.3.1/thumb/v7e-m/nofp\libgcc.a(unwind-arm.o) (abort)
C:/MyProgramFiles/Engineering/Embedded/STM32CubeCLT-1.16.0/STM32CubeCLT_1.16.0/GNU-tools-for-STM32/bin/../lib/gcc/arm-none-eabi/12.3.1/../../../../arm-none-eabi/lib/thumb/v7e-m/nofp\libg.a(libc_a-exit.o)
                              C:/MyProgramFiles/Engineering/Embedded/STM32CubeCLT-1.16.0/STM32CubeCLT_1.16.0/GNU-tools-for-STM32/bin/../lib/gcc/arm-none-eabi/12.3.1/../../../../arm-none-eabi/lib/thumb/v7e-m/nofp/crt0.o (exit)
C:/MyProgramFiles/Engineering/Embedded/STM32CubeCLT-1.16.0/STM32CubeCLT_1.16.0/GNU-tools-for-STM32/bin/../lib/gcc/arm-none-eabi/12.3.1/../../../../arm-none-eabi/lib/thumb/v7e-m/nofp\libg.a(libc_a-findfp.o)
[...]
Memory Configuration

Name             Origin             Length             Attributes
CCMRAM           0x10000000         0x00010000         xrw
RAM              0x20000000         0x00030000         xrw
FLASH            0x08000000         0x00200000         xr
*default*        0x00000000         0xffffffff

Linker script and memory map

LOAD C:/MyProgramFiles/Engineering/Embedded/STM32CubeCLT-1.16.0/STM32CubeCLT_1.16.0/GNU-tools-for-STM32/bin/../lib/gcc/arm-none-eabi/12.3.1/thumb/v7e-m/nofp/crti.o
LOAD C:/MyProgramFiles/Engineering/Embedded/STM32CubeCLT-1.16.0/STM32CubeCLT_1.16.0/GNU-tools-for-STM32/bin/../lib/gcc/arm-none-eabi/12.3.1/thumb/v7e-m/nofp/crtbegin.o
LOAD C:/MyProgramFiles/Engineering/Embedded/STM32CubeCLT-1.16.0/STM32CubeCLT_1.16.0/GNU-tools-for-STM32/bin/../lib/gcc/arm-none-eabi/12.3.1/../../../../arm-none-eabi/lib/thumb/v7e-m/nofp/crt0.o
LOAD CMakeFiles/STM32CANTest.elf.dir/Core/Src/M3508_Motor.cpp.obj
LOAD CMakeFiles/STM32CANTest.elf.dir/Core/Src/can.c.obj
LOAD CMakeFiles/STM32CANTest.elf.dir/Core/Src/can_task.cpp.obj
LOAD CMakeFiles/STM32CANTest.elf.dir/Core/Src/gpio.c.obj
LOAD CMakeFiles/STM32CANTest.elf.dir/Core/Src/main.c.obj
LOAD CMakeFiles/STM32CANTest.elf.dir/Core/Src/startup.cpp.obj
LOAD CMakeFiles/STM32CANTest.elf.dir/Core/Src/stm32f4xx_hal_msp.c.obj
LOAD CMakeFiles/STM32CANTest.elf.dir/Core/Src/stm32f4xx_it.c.obj
LOAD CMakeFiles/STM32CANTest.elf.dir/Core/Src/syscalls.c.obj
LOAD CMakeFiles/STM32CANTest.elf.dir/Core/Src/sysmem.c.obj
LOAD CMakeFiles/STM32CANTest.elf.dir/Core/Src/system_stm32f4xx.c.obj
LOAD CMakeFiles/STM32CANTest.elf.dir/Core/Startup/startup_stm32f427iihx.s.obj
LOAD CMakeFiles/STM32CANTest.elf.dir/Drivers/STM32F4xx_HAL_Driver/Src/stm32f4xx_hal.c.obj
LOAD CMakeFiles/STM32CANTest.elf.dir/Drivers/STM32F4xx_HAL_Driver/Src/stm32f4xx_hal_can.c.obj
LOAD CMakeFiles/STM32CANTest.elf.dir/Drivers/STM32F4xx_HAL_Driver/Src/stm32f4xx_hal_cortex.c.obj
LOAD CMakeFiles/STM32CANTest.elf.dir/Drivers/STM32F4xx_HAL_Driver/Src/stm32f4xx_hal_dma.c.obj
LOAD CMakeFiles/STM32CANTest.elf.dir/Drivers/STM32F4xx_HAL_Driver/Src/stm32f4xx_hal_dma_ex.c.obj
LOAD CMakeFiles/STM32CANTest.elf.dir/Drivers/STM32F4xx_HAL_Driver/Src/stm32f4xx_hal_exti.c.obj
LOAD CMakeFiles/STM32CANTest.elf.dir/Drivers/STM32F4xx_HAL_Driver/Src/stm32f4xx_hal_flash.c.obj
LOAD CMakeFiles/STM32CANTest.elf.dir/Drivers/STM32F4xx_HAL_Driver/Src/stm32f4xx_hal_flash_ex.c.obj
LOAD CMakeFiles/STM32CANTest.elf.dir/Drivers/STM32F4xx_HAL_Driver/Src/stm32f4xx_hal_flash_ramfunc.c.obj
LOAD CMakeFiles/STM32CANTest.elf.dir/Drivers/STM32F4xx_HAL_Driver/Src/stm32f4xx_hal_gpio.c.obj
LOAD CMakeFiles/STM32CANTest.elf.dir/Drivers/STM32F4xx_HAL_Driver/Src/stm32f4xx_hal_pwr.c.obj
LOAD CMakeFiles/STM32CANTest.elf.dir/Drivers/STM32F4xx_HAL_Driver/Src/stm32f4xx_hal_pwr_ex.c.obj
LOAD CMakeFiles/STM32CANTest.elf.dir/Drivers/STM32F4xx_HAL_Driver/Src/stm32f4xx_hal_rcc.c.obj
LOAD CMakeFiles/STM32CANTest.elf.dir/Drivers/STM32F4xx_HAL_Driver/Src/stm32f4xx_hal_rcc_ex.c.obj
LOAD CMakeFiles/STM32CANTest.elf.dir/Drivers/STM32F4xx_HAL_Driver/Src/stm32f4xx_hal_tim.c.obj
LOAD CMakeFiles/STM32CANTest.elf.dir/Drivers/STM32F4xx_HAL_Driver/Src/stm32f4xx_hal_tim_ex.c.obj
LOAD C:/MyProgramFiles/Engineering/Embedded/STM32CubeCLT-1.16.0/STM32CubeCLT_1.16.0/GNU-tools-for-STM32/bin/../lib/gcc/arm-none-eabi/12.3.1/../../../../arm-none-eabi/lib/thumb/v7e-m/nofp\libstdc++.a
LOAD C:/MyProgramFiles/Engineering/Embedded/STM32CubeCLT-1.16.0/STM32CubeCLT_1.16.0/GNU-tools-for-STM32/bin/../lib/gcc/arm-none-eabi/12.3.1/../../../../arm-none-eabi/lib/thumb/v7e-m/nofp\libm.a
START GROUP
LOAD C:/MyProgramFiles/Engineering/Embedded/STM32CubeCLT-1.16.0/STM32CubeCLT_1.16.0/GNU-tools-for-STM32/bin/../lib/gcc/arm-none-eabi/12.3.1/thumb/v7e-m/nofp\libgcc.a
LOAD C:/MyProgramFiles/Engineering/Embedded/STM32CubeCLT-1.16.0/STM32CubeCLT_1.16.0/GNU-tools-for-STM32/bin/../lib/gcc/arm-none-eabi/12.3.1/../../../../arm-none-eabi/lib/thumb/v7e-m/nofp\libg.a
LOAD C:/MyProgramFiles/Engineering/Embedded/STM32CubeCLT-1.16.0/STM32CubeCLT_1.16.0/GNU-tools-for-STM32/bin/../lib/gcc/arm-none-eabi/12.3.1/../../../../arm-none-eabi/lib/thumb/v7e-m/nofp\libc.a
END GROUP
LOAD C:/MyProgramFiles/Engineering/Embedded/STM32CubeCLT-1.16.0/STM32CubeCLT_1.16.0/GNU-tools-for-STM32/bin/../lib/gcc/arm-none-eabi/12.3.1/thumb/v7e-m/nofp/crtend.o
LOAD C:/MyProgramFiles/Engineering/Embedded/STM32CubeCLT-1.16.0/STM32CubeCLT_1.16.0/GNU-tools-for-STM32/bin/../lib/gcc/arm-none-eabi/12.3.1/thumb/v7e-m/nofp/crtn.o
                0x20030000                        _estack = (ORIGIN (RAM) + LENGTH (RAM))
                0x00000200                        _Min_Heap_Size = 0x200
                0x00000400                        _Min_Stack_Size = 0x400

.isr_vector     0x08000000      0x1ac
                0x08000000                        . = ALIGN (0x4)
 *(.isr_vector)
 .isr_vector    0x08000000      0x1ac CMakeFiles/STM32CANTest.elf.dir/Core/Startup/startup_stm32f427iihx.s.obj
                0x08000000                g_pfnVectors
                0x080001ac                        . = ALIGN (0x4)

.text           0x080001ac     0x31c4
                0x080001ac                        . = ALIGN (0x4)
 *(.text)
 .text          0x080001ac       0x40 C:/MyProgramFiles/Engineering/Embedded/STM32CubeCLT-1.16.0/STM32CubeCLT_1.16.0/GNU-tools-for-STM32/bin/../lib/gcc/arm-none-eabi/12.3.1/thumb/v7e-m/nofp/crtbegin.o
 .text          0x080001ec      0x21c C:/MyProgramFiles/Engineering/Embedded/STM32CubeCLT-1.16.0/STM32CubeCLT_1.16.0/GNU-tools-for-STM32/bin/../lib/gcc/arm-none-eabi/12.3.1/thumb/v7e-m/nofp\libgcc.a(_arm_addsubsf3.o)
                0x080001ec                __aeabi_frsub
                0x080001f4                __subsf3
                0x080001f4                __aeabi_fsub
                0x080001f8                __aeabi_fadd
                0x080001f8                __addsf3
                0x08000358                __aeabi_ui2f
                0x08000358                __floatunsisf
                0x08000360                __aeabi_i2f
                0x08000360                __floatsisf
                0x0800037c                __aeabi_ul2f
                0x0800037c                __floatundisf
                0x0800038c                __aeabi_l2f
                0x0800038c                __floatdisf
 .text          0x08000408      0x2a0 C:/MyProgramFiles/Engineering/Embedded/STM32CubeCLT-1.16.0/STM32CubeCLT_1.16.0/GNU-tools-for-STM32/bin/../lib/gcc/arm-none-eabi/12.3.1/thumb/v7e-m/nofp\libgcc.a(_arm_muldivsf3.o)
                0x08000408                __mulsf3
                0x08000408                __aeabi_fmul
                0x08000570                __aeabi_fdiv
                0x08000570                __divsf3
 .text          0x080006a8       0xec C:/MyProgramFiles/Engineering/Embedded/STM32CubeCLT-1.16.0/STM32CubeCLT_1.16.0/GNU-tools-for-STM32/bin/../lib/gcc/arm-none-eabi/12.3.1/thumb/v7e-m/nofp\libgcc.a(_arm_cmpsf2.o)
                0x080006a8                __gesf2
                0x080006a8                __gtsf2
                0x080006b0                __lesf2
                0x080006b0                __ltsf2
                0x080006b8                __nesf2
                0x080006b8                __eqsf2
                0x080006b8                __cmpsf2
                0x08000718                __aeabi_cfrcmple
                0x08000720                __aeabi_cfcmpeq
                0x08000720                __aeabi_cfcmple
                0x08000730                __aeabi_fcmpeq
                0x08000744                __aeabi_fcmplt
                0x08000758                __aeabi_fcmple
                0x0800076c                __aeabi_fcmpge
                0x08000780                __aeabi_fcmpgt
 .text          0x08000794       0x4c C:/MyProgramFiles/Engineering/Embedded/STM32CubeCLT-1.16.0/STM32CubeCLT_1.16.0/GNU-tools-for-STM32/bin/../lib/gcc/arm-none-eabi/12.3.1/thumb/v7e-m/nofp\libgcc.a(_arm_fixsfsi.o)
                0x08000794                __aeabi_f2iz
                0x08000794                __fixsfsi
 .text          0x080007e0       0x30 C:/MyProgramFiles/Engineering/Embedded/STM32CubeCLT-1.16.0/STM32CubeCLT_1.16.0/GNU-tools-for-STM32/bin/../lib/gcc/arm-none-eabi/12.3.1/thumb/v7e-m/nofp\libgcc.a(_aeabi_uldivmod.o)
                0x080007e0                __aeabi_uldivmod
 .text          0x08000810      0x2bc C:/MyProgramFiles/Engineering/Embedded/STM32CubeCLT-1.16.0/STM32CubeCLT_1.16.0/GNU-tools-for-STM32/bin/../lib/gcc/arm-none-eabi/12.3.1/thumb/v7e-m/nofp\libgcc.a(_udivmoddi4.o)
                0x08000810                __udivmoddi4
 .text          0x08000acc      0x9f4 C:/MyProgramFiles/Engineering/Embedded/STM32CubeCLT-1.16.0/STM32CubeCLT_1.16.0/GNU-tools-for-STM32/bin/../lib/gcc/arm-none-eabi/12.3.1/thumb/v7e-m/nofp\libgcc.a(unwind-arm.o)
                0x08000d7c                _Unwind_GetCFA
                0x08000d80                __gnu_Unwind_RaiseException
                0x08000de8                __gnu_Unwind_ForcedUnwind
                0x08000df8                __gnu_Unwind_Resume
                0x08000e3c                __gnu_Unwind_Resume_or_Rethrow
                0x08000e4c                _Unwind_Complete
                0x08000e50                _Unwind_DeleteException
                0x08000e5c                _Unwind_VRS_Get
                0x08000ea8                _Unwind_VRS_Set
                0x08000ef0                __gnu_Unwind_Backtrace
                0x0800120c                __aeabi_unwind_cpp_pr0
                0x08001210                __aeabi_unwind_cpp_pr1
                0x08001214                __aeabi_unwind_cpp_pr2
                0x08001218                _Unwind_VRS_Pop
 .text          0x080014c0      0x1ac C:/MyProgramFiles/Engineering/Embedded/STM32CubeCLT-1.16.0/STM32CubeCLT_1.16.0/GNU-tools-for-STM32/bin/../lib/gcc/arm-none-eabi/12.3.1/thumb/v7e-m/nofp\libgcc.a(libunwind.o)
                0x080014c0                __restore_core_regs
                0x080014c0                restore_core_regs
                0x080014d8                __gnu_Unwind_Restore_VFP
                0x080014e0                __gnu_Unwind_Save_VFP
                0x080014e8                __gnu_Unwind_Restore_VFP_D
                0x080014f0                __gnu_Unwind_Save_VFP_D
                0x080014f8                __gnu_Unwind_Restore_VFP_D_16_to_31
                0x08001500                __gnu_Unwind_Save_VFP_D_16_to_31
                0x08001508                __gnu_Unwind_Restore_WMMXD
                0x0800154c                __gnu_Unwind_Save_WMMXD
                0x08001590                __gnu_Unwind_Restore_WMMXC
                0x080015a4                __gnu_Unwind_Save_WMMXC
                0x080015b8                ___Unwind_RaiseException
                0x080015b8                _Unwind_RaiseException
                0x080015dc                _Unwind_Resume
                0x080015dc                ___Unwind_Resume
                0x08001600                _Unwind_Resume_or_Rethrow
                0x08001600                ___Unwind_Resume_or_Rethrow
                0x08001624                _Unwind_ForcedUnwind
                0x08001624                ___Unwind_ForcedUnwind
                0x08001648                ___Unwind_Backtrace
                0x08001648                _Unwind_Backtrace
 .text          0x0800166c      0x378 C:/MyProgramFiles/Engineering/Embedded/STM32CubeCLT-1.16.0/STM32CubeCLT_1.16.0/GNU-tools-for-STM32/bin/../lib/gcc/arm-none-eabi/12.3.1/thumb/v7e-m/nofp\libgcc.a(pr-support.o)
                0x080016c4                __gnu_unwind_execute
                0x08001998                __gnu_unwind_frame
                0x080019c4                _Unwind_GetRegionStart
                0x080019d0                _Unwind_GetLanguageSpecificData
 .text          0x080019e4        0x4 C:/MyProgramFiles/Engineering/Embedded/STM32CubeCLT-1.16.0/STM32CubeCLT_1.16.0/GNU-tools-for-STM32/bin/../lib/gcc/arm-none-eabi/12.3.1/thumb/v7e-m/nofp\libgcc.a(_dvmd_tls.o)
                0x080019e4                __aeabi_idiv0
                0x080019e4                __aeabi_ldiv0
 *(.text*)
 .text._ZN11M3508_MotorC2Ev
                0x080019e8       0x24 CMakeFiles/STM32CANTest.elf.dir/Core/Src/M3508_Motor.cpp.obj
                0x080019e8                M3508_Motor::M3508_Motor()
                0x080019e8                M3508_Motor::M3508_Motor()
 .text._Z22linearMappingInt2Floatiiiff
                0x08001a0c       0x40 CMakeFiles/STM32CANTest.elf.dir/Core/Src/M3508_Motor.cpp.obj
                0x08001a0c                linearMappingInt2Float(int, int, int, float, float)
 .text._Z22linearMappingFloat2Intfffii
                0x08001a4c       0x4a CMakeFiles/STM32CANTest.elf.dir/Core/Src/M3508_Motor.cpp.obj
                0x08001a4c                linearMappingFloat2Int(float, float, float, int, int)
 *fill*         0x08001a96        0x2 
 .text._ZN11M3508_Motor19canRxMsgCallback_v2EPh
                0x08001a98       0xac CMakeFiles/STM32CANTest.elf.dir/Core/Src/M3508_Motor.cpp.obj
                0x08001a98                M3508_Motor::canRxMsgCallback_v2(unsigned char*)
 .text.MX_CAN1_Init
                0x08001b44       0x44 CMakeFiles/STM32CANTest.elf.dir/Core/Src/can.c.obj
                0x08001b44                MX_CAN1_Init
 .text.HAL_CAN_MspInit
                0x08001b88       0xac CMakeFiles/STM32CANTest.elf.dir/Core/Src/can.c.obj
                0x08001b88                HAL_CAN_MspInit
 .text._Z41__static_initialization_and_destruction_0ii
                0x08001c34       0x20 CMakeFiles/STM32CANTest.elf.dir/Core/Src/can_task.cpp.obj
 .text._Z11canTaskInitv
                0x08001c54       0x34 CMakeFiles/STM32CANTest.elf.dir/Core/Src/can_task.cpp.obj
                0x08001c54                canTaskInit()
 .text.HAL_CAN_RxFifo0MsgPendingCallback
                0x08001c88       0x34 CMakeFiles/STM32CANTest.elf.dir/Core/Src/can_task.cpp.obj
                0x08001c88                HAL_CAN_RxFifo0MsgPendingCallback
 .text._Z15SetMotorCurrentf
                0x08001cbc       0x5c CMakeFiles/STM32CANTest.elf.dir/Core/Src/can_task.cpp.obj
                0x08001cbc                SetMotorCurrent(float)
 .text._GLOBAL__sub_I__Z11canTaskInitv
                0x08001d18        0xe CMakeFiles/STM32CANTest.elf.dir/Core/Src/can_task.cpp.obj
 *fill*         0x08001d26        0x2 
 .text.MX_GPIO_Init
                0x08001d28       0x4c CMakeFiles/STM32CANTest.elf.dir/Core/Src/gpio.c.obj
                0x08001d28                MX_GPIO_Init
 .text.Error_Handler
                0x08001d74        0x4 CMakeFiles/STM32CANTest.elf.dir/Core/Src/main.c.obj
                0x08001d74                Error_Handler
 .text.SystemClock_Config
                0x08001d78       0xb4 CMakeFiles/STM32CANTest.elf.dir/Core/Src/main.c.obj
                0x08001d78                SystemClock_Config
 .text.main     0x08001e2c       0x18 CMakeFiles/STM32CANTest.elf.dir/Core/Src/main.c.obj
                0x08001e2c                main
 .text.startup  0x08001e44       0x26 CMakeFiles/STM32CANTest.elf.dir/Core/Src/startup.cpp.obj
                0x08001e44                startup
 *fill*         0x08001e6a        0x2 
 .text.HAL_MspInit
                0x08001e6c       0x38 CMakeFiles/STM32CANTest.elf.dir/Core/Src/stm32f4xx_hal_msp.c.obj
                0x08001e6c                HAL_MspInit
 .text.NMI_Handler
                0x08001ea4        0x2 CMakeFiles/STM32CANTest.elf.dir/Core/Src/stm32f4xx_it.c.obj
                0x08001ea4                NMI_Handler
 .text.HardFault_Handler
                0x08001ea6        0x2 CMakeFiles/STM32CANTest.elf.dir/Core/Src/stm32f4xx_it.c.obj
                0x08001ea6                HardFault_Handler
 .text.MemManage_Handler
                0x08001ea8        0x2 CMakeFiles/STM32CANTest.elf.dir/Core/Src/stm32f4xx_it.c.obj
                0x08001ea8                MemManage_Handler
 .text.BusFault_Handler
                0x08001eaa        0x2 CMakeFiles/STM32CANTest.elf.dir/Core/Src/stm32f4xx_it.c.obj
                0x08001eaa                BusFault_Handler
 .text.UsageFault_Handler
                0x08001eac        0x2 CMakeFiles/STM32CANTest.elf.dir/Core/Src/stm32f4xx_it.c.obj
                0x08001eac                UsageFault_Handler
 .text.SVC_Handler
                0x08001eae        0x2 CMakeFiles/STM32CANTest.elf.dir/Core/Src/stm32f4xx_it.c.obj
                0x08001eae                SVC_Handler
 .text.DebugMon_Handler
                0x08001eb0        0x2 CMakeFiles/STM32CANTest.elf.dir/Core/Src/stm32f4xx_it.c.obj
                0x08001eb0                DebugMon_Handler
 .text.PendSV_Handler
                0x08001eb2        0x2 CMakeFiles/STM32CANTest.elf.dir/Core/Src/stm32f4xx_it.c.obj
                0x08001eb2                PendSV_Handler
 .text.SysTick_Handler
                0x08001eb4        0x8 CMakeFiles/STM32CANTest.elf.dir/Core/Src/stm32f4xx_it.c.obj
                0x08001eb4                SysTick_Handler
 .text.CAN1_TX_IRQHandler
                0x08001ebc       0x10 CMakeFiles/STM32CANTest.elf.dir/Core/Src/stm32f4xx_it.c.obj
                0x08001ebc                CAN1_TX_IRQHandler
 .text.CAN1_RX0_IRQHandler
                0x08001ecc       0x10 CMakeFiles/STM32CANTest.elf.dir/Core/Src/stm32f4xx_it.c.obj
                0x08001ecc                CAN1_RX0_IRQHandler
 .text.CAN1_RX1_IRQHandler
                0x08001edc       0x10 CMakeFiles/STM32CANTest.elf.dir/Core/Src/stm32f4xx_it.c.obj
                0x08001edc                CAN1_RX1_IRQHandler
 .text.CAN1_SCE_IRQHandler
                0x08001eec       0x10 CMakeFiles/STM32CANTest.elf.dir/Core/Src/stm32f4xx_it.c.obj
                0x08001eec                CAN1_SCE_IRQHandler
 .text._getpid  0x08001efc        0x4 CMakeFiles/STM32CANTest.elf.dir/Core/Src/syscalls.c.obj
                0x08001efc                _getpid
 .text._kill    0x08001f00       0x10 CMakeFiles/STM32CANTest.elf.dir/Core/Src/syscalls.c.obj
                0x08001f00                _kill
 .text._exit    0x08001f10        0xc CMakeFiles/STM32CANTest.elf.dir/Core/Src/syscalls.c.obj
                0x08001f10                _exit
 .text.SystemInit
                0x08001f1c        0x2 CMakeFiles/STM32CANTest.elf.dir/Core/Src/system_stm32f4xx.c.obj
                0x08001f1c                SystemInit
 *fill*         0x08001f1e        0x2 
 .text.Reset_Handler
                0x08001f20       0x50 CMakeFiles/STM32CANTest.elf.dir/Core/Startup/startup_stm32f427iihx.s.obj
                0x08001f20                Reset_Handler
 .text.Default_Handler
                0x08001f70        0x2 CMakeFiles/STM32CANTest.elf.dir/Core/Startup/startup_stm32f427iihx.s.obj
                0x08001f70                RTC_Alarm_IRQHandler
                0x08001f70                HASH_RNG_IRQHandler
                0x08001f70                EXTI2_IRQHandler
                0x08001f70                TIM8_CC_IRQHandler
                0x08001f70                UART8_IRQHandler
                0x08001f70                SPI4_IRQHandler
                0x08001f70                TIM1_CC_IRQHandler
                0x08001f70                DMA2_Stream5_IRQHandler
                0x08001f70                DMA1_Stream5_IRQHandler
                0x08001f70                PVD_IRQHandler
                0x08001f70                SDIO_IRQHandler
                0x08001f70                TAMP_STAMP_IRQHandler
                0x08001f70                CAN2_RX1_IRQHandler
                0x08001f70                EXTI3_IRQHandler
                0x08001f70                TIM8_TRG_COM_TIM14_IRQHandler
                0x08001f70                TIM1_UP_TIM10_IRQHandler
                0x08001f70                TIM8_UP_TIM13_IRQHandler
                0x08001f70                I2C3_ER_IRQHandler
                0x08001f70                EXTI0_IRQHandler
                0x08001f70                I2C2_EV_IRQHandler
                0x08001f70                DMA1_Stream2_IRQHandler
                0x08001f70                FPU_IRQHandler
                0x08001f70                OTG_HS_WKUP_IRQHandler
                0x08001f70                CAN2_SCE_IRQHandler
                0x08001f70                DMA2_Stream2_IRQHandler
                0x08001f70                SPI1_IRQHandler
                0x08001f70                TIM6_DAC_IRQHandler
                0x08001f70                TIM1_BRK_TIM9_IRQHandler
                0x08001f70                DCMI_IRQHandler
                0x08001f70                CAN2_RX0_IRQHandler
                0x08001f70                DMA2_Stream3_IRQHandler
                0x08001f70                USART6_IRQHandler
                0x08001f70                USART3_IRQHandler
                0x08001f70                UART5_IRQHandler
                0x08001f70                DMA2_Stream0_IRQHandler
                0x08001f70                TIM4_IRQHandler
                0x08001f70                I2C1_EV_IRQHandler
                0x08001f70                DMA1_Stream6_IRQHandler
                0x08001f70                DMA1_Stream1_IRQHandler
                0x08001f70                UART4_IRQHandler
                0x08001f70                TIM3_IRQHandler
                0x08001f70                RCC_IRQHandler
                0x08001f70                TIM8_BRK_TIM12_IRQHandler
                0x08001f70                Default_Handler
                0x08001f70                EXTI15_10_IRQHandler
                0x08001f70                ADC_IRQHandler
                0x08001f70                DMA1_Stream7_IRQHandler
                0x08001f70                SPI5_IRQHandler
                0x08001f70                TIM7_IRQHandler
                0x08001f70                CAN2_TX_IRQHandler
                0x08001f70                TIM5_IRQHandler
                0x08001f70                DMA2_Stream7_IRQHandler
                0x08001f70                I2C3_EV_IRQHandler
                0x08001f70                EXTI9_5_IRQHandler
                0x08001f70                RTC_WKUP_IRQHandler
                0x08001f70                ETH_WKUP_IRQHandler
                0x08001f70                SPI2_IRQHandler
                0x08001f70                OTG_HS_EP1_IN_IRQHandler
                0x08001f70                DMA1_Stream0_IRQHandler
                0x08001f70                EXTI4_IRQHandler
                0x08001f70                ETH_IRQHandler
                0x08001f70                OTG_HS_EP1_OUT_IRQHandler
                0x08001f70                WWDG_IRQHandler
                0x08001f70                SPI6_IRQHandler
                0x08001f70                TIM2_IRQHandler
                0x08001f70                OTG_FS_WKUP_IRQHandler
                0x08001f70                TIM1_TRG_COM_TIM11_IRQHandler
                0x08001f70                OTG_HS_IRQHandler
                0x08001f70                DMA2D_IRQHandler
                0x08001f70                EXTI1_IRQHandler
                0x08001f70                UART7_IRQHandler
                0x08001f70                USART2_IRQHandler
                0x08001f70                I2C2_ER_IRQHandler
                0x08001f70                DMA2_Stream1_IRQHandler
                0x08001f70                FLASH_IRQHandler
                0x08001f70                DMA2_Stream4_IRQHandler
                0x08001f70                USART1_IRQHandler
                0x08001f70                OTG_FS_IRQHandler
                0x08001f70                SPI3_IRQHandler
                0x08001f70                DMA1_Stream4_IRQHandler
                0x08001f70                I2C1_ER_IRQHandler
                0x08001f70                FMC_IRQHandler
                0x08001f70                DMA2_Stream6_IRQHandler
                0x08001f70                SAI1_IRQHandler
                0x08001f70                DMA1_Stream3_IRQHandler
 *fill*         0x08001f72        0x2 
 .text.HAL_InitTick
                0x08001f74       0x4c CMakeFiles/STM32CANTest.elf.dir/Drivers/STM32F4xx_HAL_Driver/Src/stm32f4xx_hal.c.obj
                0x08001f74                HAL_InitTick
 .text.HAL_Init
                0x08001fc0       0x34 CMakeFiles/STM32CANTest.elf.dir/Drivers/STM32F4xx_HAL_Driver/Src/stm32f4xx_hal.c.obj
                0x08001fc0                HAL_Init
 .text.HAL_IncTick
                0x08001ff4       0x18 CMakeFiles/STM32CANTest.elf.dir/Drivers/STM32F4xx_HAL_Driver/Src/stm32f4xx_hal.c.obj
                0x08001ff4                HAL_IncTick
 .text.HAL_GetTick
                0x0800200c        0xc CMakeFiles/STM32CANTest.elf.dir/Drivers/STM32F4xx_HAL_Driver/Src/stm32f4xx_hal.c.obj
                0x0800200c                HAL_GetTick
 .text.HAL_Delay
                0x08002018       0x28 CMakeFiles/STM32CANTest.elf.dir/Drivers/STM32F4xx_HAL_Driver/Src/stm32f4xx_hal.c.obj
                0x08002018                HAL_Delay
 .text.HAL_CAN_Init
                0x08002040      0x14c CMakeFiles/STM32CANTest.elf.dir/Drivers/STM32F4xx_HAL_Driver/Src/stm32f4xx_hal_can.c.obj
                0x08002040                HAL_CAN_Init
 .text.HAL_CAN_ConfigFilter
                0x0800218c      0x13c CMakeFiles/STM32CANTest.elf.dir/Drivers/STM32F4xx_HAL_Driver/Src/stm32f4xx_hal_can.c.obj
                0x0800218c                HAL_CAN_ConfigFilter
 .text.HAL_CAN_Start
                0x080022c8       0x5c CMakeFiles/STM32CANTest.elf.dir/Drivers/STM32F4xx_HAL_Driver/Src/stm32f4xx_hal_can.c.obj
                0x080022c8                HAL_CAN_Start
 .text.HAL_CAN_AddTxMessage
                0x08002324       0xfc CMakeFiles/STM32CANTest.elf.dir/Drivers/STM32F4xx_HAL_Driver/Src/stm32f4xx_hal_can.c.obj
                0x08002324                HAL_CAN_AddTxMessage
 .text.HAL_CAN_GetRxMessage
                0x08002420      0x156 CMakeFiles/STM32CANTest.elf.dir/Drivers/STM32F4xx_HAL_Driver/Src/stm32f4xx_hal_can.c.obj
                0x08002420                HAL_CAN_GetRxMessage
 .text.HAL_CAN_ActivateNotification
                0x08002576       0x24 CMakeFiles/STM32CANTest.elf.dir/Drivers/STM32F4xx_HAL_Driver/Src/stm32f4xx_hal_can.c.obj
                0x08002576                HAL_CAN_ActivateNotification
 .text.HAL_CAN_TxMailbox0CompleteCallback
                0x0800259a        0x2 CMakeFiles/STM32CANTest.elf.dir/Drivers/STM32F4xx_HAL_Driver/Src/stm32f4xx_hal_can.c.obj
                0x0800259a                HAL_CAN_TxMailbox0CompleteCallback
 .text.HAL_CAN_TxMailbox1CompleteCallback
                0x0800259c        0x2 CMakeFiles/STM32CANTest.elf.dir/Drivers/STM32F4xx_HAL_Driver/Src/stm32f4xx_hal_can.c.obj
                0x0800259c                HAL_CAN_TxMailbox1CompleteCallback
 .text.HAL_CAN_TxMailbox2CompleteCallback
                0x0800259e        0x2 CMakeFiles/STM32CANTest.elf.dir/Drivers/STM32F4xx_HAL_Driver/Src/stm32f4xx_hal_can.c.obj
                0x0800259e                HAL_CAN_TxMailbox2CompleteCallback
 .text.HAL_CAN_TxMailbox0AbortCallback
                0x080025a0        0x2 CMakeFiles/STM32CANTest.elf.dir/Drivers/STM32F4xx_HAL_Driver/Src/stm32f4xx_hal_can.c.obj
                0x080025a0                HAL_CAN_TxMailbox0AbortCallback
 .text.HAL_CAN_TxMailbox1AbortCallback
                0x080025a2        0x2 CMakeFiles/STM32CANTest.elf.dir/Drivers/STM32F4xx_HAL_Driver/Src/stm32f4xx_hal_can.c.obj
                0x080025a2                HAL_CAN_TxMailbox1AbortCallback
 .text.HAL_CAN_TxMailbox2AbortCallback
                0x080025a4        0x2 CMakeFiles/STM32CANTest.elf.dir/Drivers/STM32F4xx_HAL_Driver/Src/stm32f4xx_hal_can.c.obj
                0x080025a4                HAL_CAN_TxMailbox2AbortCallback
 .text.HAL_CAN_RxFifo0FullCallback
                0x080025a6        0x2 CMakeFiles/STM32CANTest.elf.dir/Drivers/STM32F4xx_HAL_Driver/Src/stm32f4xx_hal_can.c.obj
                0x080025a6                HAL_CAN_RxFifo0FullCallback
 .text.HAL_CAN_RxFifo1MsgPendingCallback
                0x080025a8        0x2 CMakeFiles/STM32CANTest.elf.dir/Drivers/STM32F4xx_HAL_Driver/Src/stm32f4xx_hal_can.c.obj
                0x080025a8                HAL_CAN_RxFifo1MsgPendingCallback
 .text.HAL_CAN_RxFifo1FullCallback
                0x080025aa        0x2 CMakeFiles/STM32CANTest.elf.dir/Drivers/STM32F4xx_HAL_Driver/Src/stm32f4xx_hal_can.c.obj
                0x080025aa                HAL_CAN_RxFifo1FullCallback
 .text.HAL_CAN_SleepCallback
                0x080025ac        0x2 CMakeFiles/STM32CANTest.elf.dir/Drivers/STM32F4xx_HAL_Driver/Src/stm32f4xx_hal_can.c.obj
                0x080025ac                HAL_CAN_SleepCallback
 .text.HAL_CAN_WakeUpFromRxMsgCallback
                0x080025ae        0x2 CMakeFiles/STM32CANTest.elf.dir/Drivers/STM32F4xx_HAL_Driver/Src/stm32f4xx_hal_can.c.obj
                0x080025ae                HAL_CAN_WakeUpFromRxMsgCallback
 .text.HAL_CAN_ErrorCallback
                0x080025b0        0x2 CMakeFiles/STM32CANTest.elf.dir/Drivers/STM32F4xx_HAL_Driver/Src/stm32f4xx_hal_can.c.obj
                0x080025b0                HAL_CAN_ErrorCallback
 .text.HAL_CAN_IRQHandler
                0x080025b2      0x24a CMakeFiles/STM32CANTest.elf.dir/Drivers/STM32F4xx_HAL_Driver/Src/stm32f4xx_hal_can.c.obj
                0x080025b2                HAL_CAN_IRQHandler
 .text.__NVIC_SetPriority
                0x080027fc       0x28 CMakeFiles/STM32CANTest.elf.dir/Drivers/STM32F4xx_HAL_Driver/Src/stm32f4xx_hal_cortex.c.obj
 .text.NVIC_EncodePriority
                0x08002824       0x3e CMakeFiles/STM32CANTest.elf.dir/Drivers/STM32F4xx_HAL_Driver/Src/stm32f4xx_hal_cortex.c.obj
 *fill*         0x08002862        0x2 
 .text.HAL_NVIC_SetPriorityGrouping
                0x08002864       0x24 CMakeFiles/STM32CANTest.elf.dir/Drivers/STM32F4xx_HAL_Driver/Src/stm32f4xx_hal_cortex.c.obj
                0x08002864                HAL_NVIC_SetPriorityGrouping
 .text.HAL_NVIC_SetPriority
                0x08002888       0x20 CMakeFiles/STM32CANTest.elf.dir/Drivers/STM32F4xx_HAL_Driver/Src/stm32f4xx_hal_cortex.c.obj
                0x08002888                HAL_NVIC_SetPriority
 .text.HAL_NVIC_EnableIRQ
                0x080028a8       0x1c CMakeFiles/STM32CANTest.elf.dir/Drivers/STM32F4xx_HAL_Driver/Src/stm32f4xx_hal_cortex.c.obj
                0x080028a8                HAL_NVIC_EnableIRQ
 .text.HAL_SYSTICK_Config
                0x080028c4       0x28 CMakeFiles/STM32CANTest.elf.dir/Drivers/STM32F4xx_HAL_Driver/Src/stm32f4xx_hal_cortex.c.obj
                0x080028c4                HAL_SYSTICK_Config
 .text.HAL_GPIO_Init
                0x080028ec      0x20c CMakeFiles/STM32CANTest.elf.dir/Drivers/STM32F4xx_HAL_Driver/Src/stm32f4xx_hal_gpio.c.obj
                0x080028ec                HAL_GPIO_Init
 .text.HAL_PWREx_EnableOverDrive
                0x08002af8       0x7c CMakeFiles/STM32CANTest.elf.dir/Drivers/STM32F4xx_HAL_Driver/Src/stm32f4xx_hal_pwr_ex.c.obj
                0x08002af8                HAL_PWREx_EnableOverDrive
 .text.HAL_RCC_OscConfig
                0x08002b74      0x3f8 CMakeFiles/STM32CANTest.elf.dir/Drivers/STM32F4xx_HAL_Driver/Src/stm32f4xx_hal_rcc.c.obj
                0x08002b74                HAL_RCC_OscConfig
 .text.HAL_RCC_GetSysClockFreq
                0x08002f6c       0xa8 CMakeFiles/STM32CANTest.elf.dir/Drivers/STM32F4xx_HAL_Driver/Src/stm32f4xx_hal_rcc.c.obj
                0x08002f6c                HAL_RCC_GetSysClockFreq
 .text.HAL_RCC_ClockConfig
                0x08003014      0x160 CMakeFiles/STM32CANTest.elf.dir/Drivers/STM32F4xx_HAL_Driver/Src/stm32f4xx_hal_rcc.c.obj
                0x08003014                HAL_RCC_ClockConfig
 .text.abort    0x08003174        0xe C:/MyProgramFiles/Engineering/Embedded/STM32CubeCLT-1.16.0/STM32CubeCLT_1.16.0/GNU-tools-for-STM32/bin/../lib/gcc/arm-none-eabi/12.3.1/../../../../arm-none-eabi/lib/thumb/v7e-m/nofp\libg.a(libc_a-abort.o)
                0x08003174                abort
 .text.memset   0x08003182       0x10 C:/MyProgramFiles/Engineering/Embedded/STM32CubeCLT-1.16.0/STM32CubeCLT_1.16.0/GNU-tools-for-STM32/bin/../lib/gcc/arm-none-eabi/12.3.1/../../../../arm-none-eabi/lib/thumb/v7e-m/nofp\libg.a(libc_a-memset.o)
                0x08003182                memset
 .text._raise_r
                0x08003192       0x52 C:/MyProgramFiles/Engineering/Embedded/STM32CubeCLT-1.16.0/STM32CubeCLT_1.16.0/GNU-tools-for-STM32/bin/../lib/gcc/arm-none-eabi/12.3.1/../../../../arm-none-eabi/lib/thumb/v7e-m/nofp\libg.a(libc_a-signal.o)
                0x08003192                _raise_r
 .text.raise    0x080031e4       0x10 C:/MyProgramFiles/Engineering/Embedded/STM32CubeCLT-1.16.0/STM32CubeCLT_1.16.0/GNU-tools-for-STM32/bin/../lib/gcc/arm-none-eabi/12.3.1/../../../../arm-none-eabi/lib/thumb/v7e-m/nofp\libg.a(libc_a-signal.o)
                0x080031e4                raise
 .text._kill_r  0x080031f4       0x24 C:/MyProgramFiles/Engineering/Embedded/STM32CubeCLT-1.16.0/STM32CubeCLT_1.16.0/GNU-tools-for-STM32/bin/../lib/gcc/arm-none-eabi/12.3.1/../../../../arm-none-eabi/lib/thumb/v7e-m/nofp\libg.a(libc_a-signalr.o)
                0x080031f4                _kill_r
 .text._getpid_r
                0x08003218        0x4 C:/MyProgramFiles/Engineering/Embedded/STM32CubeCLT-1.16.0/STM32CubeCLT_1.16.0/GNU-tools-for-STM32/bin/../lib/gcc/arm-none-eabi/12.3.1/../../../../arm-none-eabi/lib/thumb/v7e-m/nofp\libg.a(libc_a-signalr.o)
                0x08003218                _getpid_r
 .text.__errno  0x0800321c        0xc C:/MyProgramFiles/Engineering/Embedded/STM32CubeCLT-1.16.0/STM32CubeCLT_1.16.0/GNU-tools-for-STM32/bin/../lib/gcc/arm-none-eabi/12.3.1/../../../../arm-none-eabi/lib/thumb/v7e-m/nofp\libg.a(libc_a-errno.o)
                0x0800321c                __errno
 .text.__libc_init_array
                0x08003228       0x48 C:/MyProgramFiles/Engineering/Embedded/STM32CubeCLT-1.16.0/STM32CubeCLT_1.16.0/GNU-tools-for-STM32/bin/../lib/gcc/arm-none-eabi/12.3.1/../../../../arm-none-eabi/lib/thumb/v7e-m/nofp\libg.a(libc_a-init.o)
                0x08003228                __libc_init_array
 .text.__retarget_lock_acquire_recursive
                0x08003270        0x2 C:/MyProgramFiles/Engineering/Embedded/STM32CubeCLT-1.16.0/STM32CubeCLT_1.16.0/GNU-tools-for-STM32/bin/../lib/gcc/arm-none-eabi/12.3.1/../../../../arm-none-eabi/lib/thumb/v7e-m/nofp\libg.a(libc_a-lock.o)
                0x08003270                __retarget_lock_acquire_recursive
 .text.__retarget_lock_release_recursive
                0x08003272        0x2 C:/MyProgramFiles/Engineering/Embedded/STM32CubeCLT-1.16.0/STM32CubeCLT_1.16.0/GNU-tools-for-STM32/bin/../lib/gcc/arm-none-eabi/12.3.1/../../../../arm-none-eabi/lib/thumb/v7e-m/nofp\libg.a(libc_a-lock.o)
                0x08003272                __retarget_lock_release_recursive
 .text.memcpy   0x08003274       0x1c C:/MyProgramFiles/Engineering/Embedded/STM32CubeCLT-1.16.0/STM32CubeCLT_1.16.0/GNU-tools-for-STM32/bin/../lib/gcc/arm-none-eabi/12.3.1/../../../../arm-none-eabi/lib/thumb/v7e-m/nofp\libg.a(libc_a-memcpy-stub.o)
                0x08003274                memcpy
 .text.startup.register_fini
                0x08003290       0x14 C:/MyProgramFiles/Engineering/Embedded/STM32CubeCLT-1.16.0/STM32CubeCLT_1.16.0/GNU-tools-for-STM32/bin/../lib/gcc/arm-none-eabi/12.3.1/../../../../arm-none-eabi/lib/thumb/v7e-m/nofp\libg.a(libc_a-__call_atexit.o)
 .text.atexit   0x080032a4        0xc C:/MyProgramFiles/Engineering/Embedded/STM32CubeCLT-1.16.0/STM32CubeCLT_1.16.0/GNU-tools-for-STM32/bin/../lib/gcc/arm-none-eabi/12.3.1/../../../../arm-none-eabi/lib/thumb/v7e-m/nofp\libg.a(libc_a-atexit.o)
                0x080032a4                atexit
 .text.__libc_fini_array
                0x080032b0       0x28 C:/MyProgramFiles/Engineering/Embedded/STM32CubeCLT-1.16.0/STM32CubeCLT_1.16.0/GNU-tools-for-STM32/bin/../lib/gcc/arm-none-eabi/12.3.1/../../../../arm-none-eabi/lib/thumb/v7e-m/nofp\libg.a(libc_a-fini.o)
                0x080032b0                __libc_fini_array
 .text.__register_exitproc
                0x080032d8       0x80 C:/MyProgramFiles/Engineering/Embedded/STM32CubeCLT-1.16.0/STM32CubeCLT_1.16.0/GNU-tools-for-STM32/bin/../lib/gcc/arm-none-eabi/12.3.1/../../../../arm-none-eabi/lib/thumb/v7e-m/nofp\libg.a(libc_a-__atexit.o)
                0x080032d8                __register_exitproc
 *(.glue_7)
 .glue_7        0x08003358        0x0 linker stubs
 *(.glue_7t)
 .glue_7t       0x08003358        0x0 linker stubs
 *(.eh_frame)
 .eh_frame      0x08003358        0x0 C:/MyProgramFiles/Engineering/Embedded/STM32CubeCLT-1.16.0/STM32CubeCLT_1.16.0/GNU-tools-for-STM32/bin/../lib/gcc/arm-none-eabi/12.3.1/thumb/v7e-m/nofp/crtbegin.o
 *(.init)
 .init          0x08003358        0x4 C:/MyProgramFiles/Engineering/Embedded/STM32CubeCLT-1.16.0/STM32CubeCLT_1.16.0/GNU-tools-for-STM32/bin/../lib/gcc/arm-none-eabi/12.3.1/thumb/v7e-m/nofp/crti.o
                0x08003358                _init
 .init          0x0800335c        0x8 C:/MyProgramFiles/Engineering/Embedded/STM32CubeCLT-1.16.0/STM32CubeCLT_1.16.0/GNU-tools-for-STM32/bin/../lib/gcc/arm-none-eabi/12.3.1/thumb/v7e-m/nofp/crtn.o
 *(.fini)
 .fini          0x08003364        0x4 C:/MyProgramFiles/Engineering/Embedded/STM32CubeCLT-1.16.0/STM32CubeCLT_1.16.0/GNU-tools-for-STM32/bin/../lib/gcc/arm-none-eabi/12.3.1/thumb/v7e-m/nofp/crti.o
                0x08003364                _fini
 .fini          0x08003368        0x8 C:/MyProgramFiles/Engineering/Embedded/STM32CubeCLT-1.16.0/STM32CubeCLT_1.16.0/GNU-tools-for-STM32/bin/../lib/gcc/arm-none-eabi/12.3.1/thumb/v7e-m/nofp/crtn.o
                0x08003370                        . = ALIGN (0x4)
                0x08003370                        _etext = .

.vfp11_veneer   0x08003370        0x0
 .vfp11_veneer  0x08003370        0x0 linker stubs

.v4_bx          0x08003370        0x0
 .v4_bx         0x08003370        0x0 linker stubs

.iplt           0x08003370        0x0
 .iplt          0x08003370        0x0 C:/MyProgramFiles/Engineering/Embedded/STM32CubeCLT-1.16.0/STM32CubeCLT_1.16.0/GNU-tools-for-STM32/bin/../lib/gcc/arm-none-eabi/12.3.1/thumb/v7e-m/nofp/crtbegin.o

.rodata         0x08003370       0x10
                0x08003370                        . = ALIGN (0x4)
 *(.rodata)
 *(.rodata*)
 .rodata.AHBPrescTable
                0x08003370       0x10 CMakeFiles/STM32CANTest.elf.dir/Core/Src/system_stm32f4xx.c.obj
                0x08003370                AHBPrescTable
                0x08003380                        . = ALIGN (0x4)

.ARM.extab      0x08003380       0x24
                0x08003380                        . = ALIGN (0x4)
 *(.ARM.extab* .gnu.linkonce.armextab.*)
 .ARM.extab.text.startup
                0x08003380        0xc CMakeFiles/STM32CANTest.elf.dir/Core/Src/startup.cpp.obj
 .ARM.extab     0x0800338c       0x18 C:/MyProgramFiles/Engineering/Embedded/STM32CubeCLT-1.16.0/STM32CubeCLT_1.16.0/GNU-tools-for-STM32/bin/../lib/gcc/arm-none-eabi/12.3.1/thumb/v7e-m/nofp\libgcc.a(pr-support.o)
                0x080033a4                        . = ALIGN (0x4)

.ARM            0x080033a4       0xe8
                0x080033a4                        . = ALIGN (0x4)
                0x080033a4                        __exidx_start = .
 *(.ARM.exidx*)
 .ARM.exidx     0x080033a4        0x8 C:/MyProgramFiles/Engineering/Embedded/STM32CubeCLT-1.16.0/STM32CubeCLT_1.16.0/GNU-tools-for-STM32/bin/../lib/gcc/arm-none-eabi/12.3.1/thumb/v7e-m/nofp\libgcc.a(_udivmoddi4.o)
 .ARM.exidx     0x080033ac       0x78 C:/MyProgramFiles/Engineering/Embedded/STM32CubeCLT-1.16.0/STM32CubeCLT_1.16.0/GNU-tools-for-STM32/bin/../lib/gcc/arm-none-eabi/12.3.1/thumb/v7e-m/nofp\libgcc.a(unwind-arm.o)
                                 0xd8 (size before relaxing)
 .ARM.exidx     0x08003424       0x38 C:/MyProgramFiles/Engineering/Embedded/STM32CubeCLT-1.16.0/STM32CubeCLT_1.16.0/GNU-tools-for-STM32/bin/../lib/gcc/arm-none-eabi/12.3.1/thumb/v7e-m/nofp\libgcc.a(pr-support.o)
 .ARM.exidx.text._ZN11M3508_MotorC2Ev
                0x0800345c        0x0 CMakeFiles/STM32CANTest.elf.dir/Core/Src/M3508_Motor.cpp.obj
                                  0x8 (size before relaxing)
 .ARM.exidx.text._Z22linearMappingInt2Floatiiiff
                0x0800345c        0x0 CMakeFiles/STM32CANTest.elf.dir/Core/Src/M3508_Motor.cpp.obj
                                  0x8 (size before relaxing)
 .ARM.exidx.text._Z22linearMappingFloat2Intfffii
                0x0800345c        0x0 CMakeFiles/STM32CANTest.elf.dir/Core/Src/M3508_Motor.cpp.obj
                                  0x8 (size before relaxing)
 .ARM.exidx.text._ZN11M3508_Motor19canRxMsgCallback_v2EPh
                0x0800345c        0x0 CMakeFiles/STM32CANTest.elf.dir/Core/Src/M3508_Motor.cpp.obj
                                  0x8 (size before relaxing)
 .ARM.exidx.text._Z41__static_initialization_and_destruction_0ii
                0x0800345c        0x0 CMakeFiles/STM32CANTest.elf.dir/Core/Src/can_task.cpp.obj
                                  0x8 (size before relaxing)
 .ARM.exidx.text._Z11canTaskInitv
                0x0800345c        0x8 CMakeFiles/STM32CANTest.elf.dir/Core/Src/can_task.cpp.obj
 .ARM.exidx.text.HAL_CAN_RxFifo0MsgPendingCallback
                0x08003464        0x8 CMakeFiles/STM32CANTest.elf.dir/Core/Src/can_task.cpp.obj
 .ARM.exidx.text._Z15SetMotorCurrentf
                0x0800346c        0x8 CMakeFiles/STM32CANTest.elf.dir/Core/Src/can_task.cpp.obj
 .ARM.exidx.text._GLOBAL__sub_I__Z11canTaskInitv
                0x08003474        0x8 CMakeFiles/STM32CANTest.elf.dir/Core/Src/can_task.cpp.obj
 .ARM.exidx.text.startup
                0x0800347c       0x10 CMakeFiles/STM32CANTest.elf.dir/Core/Src/startup.cpp.obj
                                  0x8 (size before relaxing)
                0x0800348c                        __exidx_end = .
                0x0800348c                        . = ALIGN (0x4)

.rel.dyn        0x0800348c        0x0
 .rel.iplt      0x0800348c        0x0 C:/MyProgramFiles/Engineering/Embedded/STM32CubeCLT-1.16.0/STM32CubeCLT_1.16.0/GNU-tools-for-STM32/bin/../lib/gcc/arm-none-eabi/12.3.1/thumb/v7e-m/nofp/crtbegin.o

.preinit_array  0x0800348c        0x0
                0x0800348c                        . = ALIGN (0x4)
                0x0800348c                        PROVIDE (__preinit_array_start = .)
 *(.preinit_array*)
                0x0800348c                        PROVIDE (__preinit_array_end = .)
                0x0800348c                        . = ALIGN (0x4)

.init_array     0x0800348c        0xc
                0x0800348c                        . = ALIGN (0x4)
                0x0800348c                        PROVIDE (__init_array_start = .)
 *(SORT_BY_NAME(.init_array.*))
 .init_array.00000
                0x0800348c        0x4 C:/MyProgramFiles/Engineering/Embedded/STM32CubeCLT-1.16.0/STM32CubeCLT_1.16.0/GNU-tools-for-STM32/bin/../lib/gcc/arm-none-eabi/12.3.1/../../../../arm-none-eabi/lib/thumb/v7e-m/nofp\libg.a(libc_a-__call_atexit.o)
 *(.init_array*)
 .init_array    0x08003490        0x4 C:/MyProgramFiles/Engineering/Embedded/STM32CubeCLT-1.16.0/STM32CubeCLT_1.16.0/GNU-tools-for-STM32/bin/../lib/gcc/arm-none-eabi/12.3.1/thumb/v7e-m/nofp/crtbegin.o
 .init_array    0x08003494        0x4 CMakeFiles/STM32CANTest.elf.dir/Core/Src/can_task.cpp.obj
                0x08003498                        PROVIDE (__init_array_end = .)
                0x08003498                        . = ALIGN (0x4)

.fini_array     0x08003498        0x4
                0x08003498                        . = ALIGN (0x4)
                0x08003498                        PROVIDE (__fini_array_start = .)
 *(SORT_BY_NAME(.fini_array.*))
 *(.fini_array*)
 .fini_array    0x08003498        0x4 C:/MyProgramFiles/Engineering/Embedded/STM32CubeCLT-1.16.0/STM32CubeCLT_1.16.0/GNU-tools-for-STM32/bin/../lib/gcc/arm-none-eabi/12.3.1/thumb/v7e-m/nofp/crtbegin.o
                0x0800349c                        PROVIDE (__fini_array_end = .)
                0x0800349c                        . = ALIGN (0x4)
                0x0800349c                        _sidata = LOADADDR (.data)

.data           0x20000000      0x14c load address 0x0800349c
                0x20000000                        . = ALIGN (0x4)
                0x20000000                        _sdata = .
 *(.data)
 *(.data*)
 .data.txHeader
                0x20000000       0x18 CMakeFiles/STM32CANTest.elf.dir/Core/Src/can_task.cpp.obj
                0x20000000                txHeader
 .data.SystemCoreClock
                0x20000018        0x4 CMakeFiles/STM32CANTest.elf.dir/Core/Src/system_stm32f4xx.c.obj
                0x20000018                SystemCoreClock
 .data.uwTickFreq
                0x2000001c        0x1 CMakeFiles/STM32CANTest.elf.dir/Drivers/STM32F4xx_HAL_Driver/Src/stm32f4xx_hal.c.obj
                0x2000001c                uwTickFreq
 *fill*         0x2000001d        0x3 
 .data.uwTickPrio
                0x20000020        0x4 CMakeFiles/STM32CANTest.elf.dir/Drivers/STM32F4xx_HAL_Driver/Src/stm32f4xx_hal.c.obj
                0x20000020                uwTickPrio
 .data._impure_ptr
                0x20000024        0x4 C:/MyProgramFiles/Engineering/Embedded/STM32CubeCLT-1.16.0/STM32CubeCLT_1.16.0/GNU-tools-for-STM32/bin/../lib/gcc/arm-none-eabi/12.3.1/../../../../arm-none-eabi/lib/thumb/v7e-m/nofp\libg.a(libc_a-impure.o)
                0x20000024                _impure_ptr
 .data._impure_data
                0x20000028      0x120 C:/MyProgramFiles/Engineering/Embedded/STM32CubeCLT-1.16.0/STM32CubeCLT_1.16.0/GNU-tools-for-STM32/bin/../lib/gcc/arm-none-eabi/12.3.1/../../../../arm-none-eabi/lib/thumb/v7e-m/nofp\libg.a(libc_a-impure.o)
                0x20000028                _impure_data
 .data.__atexit_recursive_mutex
                0x20000148        0x4 C:/MyProgramFiles/Engineering/Embedded/STM32CubeCLT-1.16.0/STM32CubeCLT_1.16.0/GNU-tools-for-STM32/bin/../lib/gcc/arm-none-eabi/12.3.1/../../../../arm-none-eabi/lib/thumb/v7e-m/nofp\libg.a(libc_a-__call_atexit.o)
                0x20000148                __atexit_recursive_mutex
 *(.RamFunc)
 *(.RamFunc*)
                0x2000014c                        . = ALIGN (0x4)
                0x2000014c                        _edata = .
                0x080035e8                        _siccmram = LOADADDR (.ccmram)

.igot.plt       0x2000014c        0x0 load address 0x080035e8
 .igot.plt      0x2000014c        0x0 C:/MyProgramFiles/Engineering/Embedded/STM32CubeCLT-1.16.0/STM32CubeCLT_1.16.0/GNU-tools-for-STM32/bin/../lib/gcc/arm-none-eabi/12.3.1/thumb/v7e-m/nofp/crtbegin.o

.ccmram         0x10000000        0x0 load address 0x080035e8
                0x10000000                        . = ALIGN (0x4)
                0x10000000                        _sccmram = .
 *(.ccmram)
 *(.ccmram*)
                0x10000000                        . = ALIGN (0x4)
                0x10000000                        _eccmram = .
                0x10000000                        . = ALIGN (0x4)

.bss            0x2000014c      0x370
                0x2000014c                        _sbss = .
                0x2000014c                        __bss_start__ = _sbss
 *(.bss)
 .bss           0x2000014c       0x1c C:/MyProgramFiles/Engineering/Embedded/STM32CubeCLT-1.16.0/STM32CubeCLT_1.16.0/GNU-tools-for-STM32/bin/../lib/gcc/arm-none-eabi/12.3.1/thumb/v7e-m/nofp/crtbegin.o
 *(.bss*)
 .bss.hcan1     0x20000168       0x28 CMakeFiles/STM32CANTest.elf.dir/Core/Src/can.c.obj
                0x20000168                hcan1
 .bss.txData    0x20000190        0x8 CMakeFiles/STM32CANTest.elf.dir/Core/Src/can_task.cpp.obj
                0x20000190                txData
 .bss.txMailbox
                0x20000198        0x4 CMakeFiles/STM32CANTest.elf.dir/Core/Src/can_task.cpp.obj
                0x20000198                txMailbox
 .bss.rxHeader  0x2000019c       0x1c CMakeFiles/STM32CANTest.elf.dir/Core/Src/can_task.cpp.obj
                0x2000019c                rxHeader
 .bss.rxData    0x200001b8        0x8 CMakeFiles/STM32CANTest.elf.dir/Core/Src/can_task.cpp.obj
                0x200001b8                rxData
 .bss.motor     0x200001c0       0x24 CMakeFiles/STM32CANTest.elf.dir/Core/Src/can_task.cpp.obj
                0x200001c0                motor
 .bss.uwTick    0x200001e4        0x4 CMakeFiles/STM32CANTest.elf.dir/Drivers/STM32F4xx_HAL_Driver/Src/stm32f4xx_hal.c.obj
                0x200001e4                uwTick
 .bss.__sf      0x200001e8      0x138 C:/MyProgramFiles/Engineering/Embedded/STM32CubeCLT-1.16.0/STM32CubeCLT_1.16.0/GNU-tools-for-STM32/bin/../lib/gcc/arm-none-eabi/12.3.1/../../../../arm-none-eabi/lib/thumb/v7e-m/nofp\libg.a(libc_a-findfp.o)
                0x200001e8                __sf
 .bss.errno     0x20000320        0x4 C:/MyProgramFiles/Engineering/Embedded/STM32CubeCLT-1.16.0/STM32CubeCLT_1.16.0/GNU-tools-for-STM32/bin/../lib/gcc/arm-none-eabi/12.3.1/../../../../arm-none-eabi/lib/thumb/v7e-m/nofp\libg.a(libc_a-reent.o)
                0x20000320                errno
 .bss.__lock___atexit_recursive_mutex
                0x20000324        0x1 C:/MyProgramFiles/Engineering/Embedded/STM32CubeCLT-1.16.0/STM32CubeCLT_1.16.0/GNU-tools-for-STM32/bin/../lib/gcc/arm-none-eabi/12.3.1/../../../../arm-none-eabi/lib/thumb/v7e-m/nofp\libg.a(libc_a-lock.o)
                0x20000324                __lock___atexit_recursive_mutex
 *fill*         0x20000325        0x3 
 .bss.__atexit  0x20000328        0x4 C:/MyProgramFiles/Engineering/Embedded/STM32CubeCLT-1.16.0/STM32CubeCLT_1.16.0/GNU-tools-for-STM32/bin/../lib/gcc/arm-none-eabi/12.3.1/../../../../arm-none-eabi/lib/thumb/v7e-m/nofp\libg.a(libc_a-__call_atexit.o)
                0x20000328                __atexit
 .bss.__atexit0
                0x2000032c      0x190 C:/MyProgramFiles/Engineering/Embedded/STM32CubeCLT-1.16.0/STM32CubeCLT_1.16.0/GNU-tools-for-STM32/bin/../lib/gcc/arm-none-eabi/12.3.1/../../../../arm-none-eabi/lib/thumb/v7e-m/nofp\libg.a(libc_a-__atexit.o)
                0x2000032c                __atexit0
 *(COMMON)
                0x200004bc                        . = ALIGN (0x4)
                0x200004bc                        _ebss = .
                0x200004bc                        __bss_end__ = _ebss

._user_heap_stack
                0x200004bc      0x604
                0x200004c0                        . = ALIGN (0x8)
 *fill*         0x200004bc        0x4 
                [!provide]                        PROVIDE (end = .)
                0x200004c0                        PROVIDE (_end = .)
                0x200006c0                        . = (. + _Min_Heap_Size)
 *fill*         0x200004c0      0x200 
                0x20000ac0                        . = (. + _Min_Stack_Size)
 *fill*         0x200006c0      0x400 
                0x20000ac0                        . = ALIGN (0x8)

/DISCARD/
 libc.a(*)
 libm.a(*)
 libgcc.a(*)

.ARM.attributes
                0x00000000       0x2a
 *(.ARM.attributes)
 .ARM.attributes
                0x00000000       0x1e C:/MyProgramFiles/Engineering/Embedded/STM32CubeCLT-1.16.0/STM32CubeCLT_1.16.0/GNU-tools-for-STM32/bin/../lib/gcc/arm-none-eabi/12.3.1/thumb/v7e-m/nofp/crti.o
 .ARM.attributes
                0x0000001e       0x2e C:/MyProgramFiles/Engineering/Embedded/STM32CubeCLT-1.16.0/STM32CubeCLT_1.16.0/GNU-tools-for-STM32/bin/../lib/gcc/arm-none-eabi/12.3.1/thumb/v7e-m/nofp/crtbegin.o
 .ARM.attributes
                0x0000004c       0x2e CMakeFiles/STM32CANTest.elf.dir/Core/Src/M3508_Motor.cpp.obj
 .ARM.attributes
                0x0000007a       0x2e CMakeFiles/STM32CANTest.elf.dir/Core/Src/can.c.obj
 .ARM.attributes
                0x000000a8       0x2e CMakeFiles/STM32CANTest.elf.dir/Core/Src/can_task.cpp.obj
 .ARM.attributes
                0x000000d6       0x2e CMakeFiles/STM32CANTest.elf.dir/Core/Src/gpio.c.obj
 .ARM.attributes
                0x00000104       0x2e CMakeFiles/STM32CANTest.elf.dir/Core/Src/main.c.obj
 .ARM.attributes
                0x00000132       0x2e CMakeFiles/STM32CANTest.elf.dir/Core/Src/startup.cpp.obj
 .ARM.attributes
                0x00000160       0x2e CMakeFiles/STM32CANTest.elf.dir/Core/Src/stm32f4xx_hal_msp.c.obj
 .ARM.attributes
                0x0000018e       0x2e CMakeFiles/STM32CANTest.elf.dir/Core/Src/stm32f4xx_it.c.obj
 .ARM.attributes
                0x000001bc       0x2e CMakeFiles/STM32CANTest.elf.dir/Core/Src/syscalls.c.obj
 .ARM.attributes
                0x000001ea       0x2e CMakeFiles/STM32CANTest.elf.dir/Core/Src/system_stm32f4xx.c.obj
 .ARM.attributes
                0x00000218       0x21 CMakeFiles/STM32CANTest.elf.dir/Core/Startup/startup_stm32f427iihx.s.obj
 .ARM.attributes
                0x00000239       0x2e CMakeFiles/STM32CANTest.elf.dir/Drivers/STM32F4xx_HAL_Driver/Src/stm32f4xx_hal.c.obj
 .ARM.attributes
                0x00000267       0x2e CMakeFiles/STM32CANTest.elf.dir/Drivers/STM32F4xx_HAL_Driver/Src/stm32f4xx_hal_can.c.obj
 .ARM.attributes
                0x00000295       0x2e CMakeFiles/STM32CANTest.elf.dir/Drivers/STM32F4xx_HAL_Driver/Src/stm32f4xx_hal_cortex.c.obj
 .ARM.attributes
                0x000002c3       0x2e CMakeFiles/STM32CANTest.elf.dir/Drivers/STM32F4xx_HAL_Driver/Src/stm32f4xx_hal_gpio.c.obj
 .ARM.attributes
                0x000002f1       0x2e CMakeFiles/STM32CANTest.elf.dir/Drivers/STM32F4xx_HAL_Driver/Src/stm32f4xx_hal_pwr_ex.c.obj
 .ARM.attributes
                0x0000031f       0x2e CMakeFiles/STM32CANTest.elf.dir/Drivers/STM32F4xx_HAL_Driver/Src/stm32f4xx_hal_rcc.c.obj
 .ARM.attributes
                0x0000034d       0x1e C:/MyProgramFiles/Engineering/Embedded/STM32CubeCLT-1.16.0/STM32CubeCLT_1.16.0/GNU-tools-for-STM32/bin/../lib/gcc/arm-none-eabi/12.3.1/thumb/v7e-m/nofp\libgcc.a(_arm_addsubsf3.o)
 .ARM.attributes
                0x0000036b       0x1e C:/MyProgramFiles/Engineering/Embedded/STM32CubeCLT-1.16.0/STM32CubeCLT_1.16.0/GNU-tools-for-STM32/bin/../lib/gcc/arm-none-eabi/12.3.1/thumb/v7e-m/nofp\libgcc.a(_arm_muldivsf3.o)
 .ARM.attributes
                0x00000389       0x1e C:/MyProgramFiles/Engineering/Embedded/STM32CubeCLT-1.16.0/STM32CubeCLT_1.16.0/GNU-tools-for-STM32/bin/../lib/gcc/arm-none-eabi/12.3.1/thumb/v7e-m/nofp\libgcc.a(_arm_cmpsf2.o)
 .ARM.attributes
                0x000003a7       0x1e C:/MyProgramFiles/Engineering/Embedded/STM32CubeCLT-1.16.0/STM32CubeCLT_1.16.0/GNU-tools-for-STM32/bin/../lib/gcc/arm-none-eabi/12.3.1/thumb/v7e-m/nofp\libgcc.a(_arm_fixsfsi.o)
 .ARM.attributes
                0x000003c5       0x1e C:/MyProgramFiles/Engineering/Embedded/STM32CubeCLT-1.16.0/STM32CubeCLT_1.16.0/GNU-tools-for-STM32/bin/../lib/gcc/arm-none-eabi/12.3.1/thumb/v7e-m/nofp\libgcc.a(_aeabi_uldivmod.o)
 .ARM.attributes
                0x000003e3       0x2e C:/MyProgramFiles/Engineering/Embedded/STM32CubeCLT-1.16.0/STM32CubeCLT_1.16.0/GNU-tools-for-STM32/bin/../lib/gcc/arm-none-eabi/12.3.1/thumb/v7e-m/nofp\libgcc.a(_udivmoddi4.o)
 .ARM.attributes
                0x00000411       0x2e C:/MyProgramFiles/Engineering/Embedded/STM32CubeCLT-1.16.0/STM32CubeCLT_1.16.0/GNU-tools-for-STM32/bin/../lib/gcc/arm-none-eabi/12.3.1/thumb/v7e-m/nofp\libgcc.a(unwind-arm.o)
 .ARM.attributes
                0x0000043f       0x1e C:/MyProgramFiles/Engineering/Embedded/STM32CubeCLT-1.16.0/STM32CubeCLT_1.16.0/GNU-tools-for-STM32/bin/../lib/gcc/arm-none-eabi/12.3.1/thumb/v7e-m/nofp\libgcc.a(libunwind.o)
 .ARM.attributes
                0x0000045d       0x2e C:/MyProgramFiles/Engineering/Embedded/STM32CubeCLT-1.16.0/STM32CubeCLT_1.16.0/GNU-tools-for-STM32/bin/../lib/gcc/arm-none-eabi/12.3.1/thumb/v7e-m/nofp\libgcc.a(pr-support.o)
 .ARM.attributes
                0x0000048b       0x1e C:/MyProgramFiles/Engineering/Embedded/STM32CubeCLT-1.16.0/STM32CubeCLT_1.16.0/GNU-tools-for-STM32/bin/../lib/gcc/arm-none-eabi/12.3.1/thumb/v7e-m/nofp\libgcc.a(_dvmd_tls.o)
 .ARM.attributes
                0x000004a9       0x2e C:/MyProgramFiles/Engineering/Embedded/STM32CubeCLT-1.16.0/STM32CubeCLT_1.16.0/GNU-tools-for-STM32/bin/../lib/gcc/arm-none-eabi/12.3.1/../../../../arm-none-eabi/lib/thumb/v7e-m/nofp\libg.a(libc_a-abort.o)
 .ARM.attributes
                0x000004d7       0x2e C:/MyProgramFiles/Engineering/Embedded/STM32CubeCLT-1.16.0/STM32CubeCLT_1.16.0/GNU-tools-for-STM32/bin/../lib/gcc/arm-none-eabi/12.3.1/../../../../arm-none-eabi/lib/thumb/v7e-m/nofp\libg.a(libc_a-findfp.o)
 .ARM.attributes
                0x00000505       0x2e C:/MyProgramFiles/Engineering/Embedded/STM32CubeCLT-1.16.0/STM32CubeCLT_1.16.0/GNU-tools-for-STM32/bin/../lib/gcc/arm-none-eabi/12.3.1/../../../../arm-none-eabi/lib/thumb/v7e-m/nofp\libg.a(libc_a-memset.o)
 .ARM.attributes
                0x00000533       0x2e C:/MyProgramFiles/Engineering/Embedded/STM32CubeCLT-1.16.0/STM32CubeCLT_1.16.0/GNU-tools-for-STM32/bin/../lib/gcc/arm-none-eabi/12.3.1/../../../../arm-none-eabi/lib/thumb/v7e-m/nofp\libg.a(libc_a-signal.o)
 .ARM.attributes
                0x00000561       0x2e C:/MyProgramFiles/Engineering/Embedded/STM32CubeCLT-1.16.0/STM32CubeCLT_1.16.0/GNU-tools-for-STM32/bin/../lib/gcc/arm-none-eabi/12.3.1/../../../../arm-none-eabi/lib/thumb/v7e-m/nofp\libg.a(libc_a-reent.o)
 .ARM.attributes
                0x0000058f       0x2e C:/MyProgramFiles/Engineering/Embedded/STM32CubeCLT-1.16.0/STM32CubeCLT_1.16.0/GNU-tools-for-STM32/bin/../lib/gcc/arm-none-eabi/12.3.1/../../../../arm-none-eabi/lib/thumb/v7e-m/nofp\libg.a(libc_a-impure.o)
 .ARM.attributes
                0x000005bd       0x2e C:/MyProgramFiles/Engineering/Embedded/STM32CubeCLT-1.16.0/STM32CubeCLT_1.16.0/GNU-tools-for-STM32/bin/../lib/gcc/arm-none-eabi/12.3.1/../../../../arm-none-eabi/lib/thumb/v7e-m/nofp\libg.a(libc_a-signalr.o)
 .ARM.attributes
                0x000005eb       0x2e C:/MyProgramFiles/Engineering/Embedded/STM32CubeCLT-1.16.0/STM32CubeCLT_1.16.0/GNU-tools-for-STM32/bin/../lib/gcc/arm-none-eabi/12.3.1/../../../../arm-none-eabi/lib/thumb/v7e-m/nofp\libg.a(libc_a-errno.o)
 .ARM.attributes
                0x00000619       0x2e C:/MyProgramFiles/Engineering/Embedded/STM32CubeCLT-1.16.0/STM32CubeCLT_1.16.0/GNU-tools-for-STM32/bin/../lib/gcc/arm-none-eabi/12.3.1/../../../../arm-none-eabi/lib/thumb/v7e-m/nofp\libg.a(libc_a-init.o)
 .ARM.attributes
                0x00000647       0x2e C:/MyProgramFiles/Engineering/Embedded/STM32CubeCLT-1.16.0/STM32CubeCLT_1.16.0/GNU-tools-for-STM32/bin/../lib/gcc/arm-none-eabi/12.3.1/../../../../arm-none-eabi/lib/thumb/v7e-m/nofp\libg.a(libc_a-lock.o)
 .ARM.attributes
                0x00000675       0x2e C:/MyProgramFiles/Engineering/Embedded/STM32CubeCLT-1.16.0/STM32CubeCLT_1.16.0/GNU-tools-for-STM32/bin/../lib/gcc/arm-none-eabi/12.3.1/../../../../arm-none-eabi/lib/thumb/v7e-m/nofp\libg.a(libc_a-memcpy-stub.o)
 .ARM.attributes
                0x000006a3       0x2e C:/MyProgramFiles/Engineering/Embedded/STM32CubeCLT-1.16.0/STM32CubeCLT_1.16.0/GNU-tools-for-STM32/bin/../lib/gcc/arm-none-eabi/12.3.1/../../../../arm-none-eabi/lib/thumb/v7e-m/nofp\libg.a(libc_a-__call_atexit.o)
 .ARM.attributes
                0x000006d1       0x2e C:/MyProgramFiles/Engineering/Embedded/STM32CubeCLT-1.16.0/STM32CubeCLT_1.16.0/GNU-tools-for-STM32/bin/../lib/gcc/arm-none-eabi/12.3.1/../../../../arm-none-eabi/lib/thumb/v7e-m/nofp\libg.a(libc_a-atexit.o)
 .ARM.attributes
                0x000006ff       0x2e C:/MyProgramFiles/Engineering/Embedded/STM32CubeCLT-1.16.0/STM32CubeCLT_1.16.0/GNU-tools-for-STM32/bin/../lib/gcc/arm-none-eabi/12.3.1/../../../../arm-none-eabi/lib/thumb/v7e-m/nofp\libg.a(libc_a-fini.o)
 .ARM.attributes
                0x0000072d       0x2e C:/MyProgramFiles/Engineering/Embedded/STM32CubeCLT-1.16.0/STM32CubeCLT_1.16.0/GNU-tools-for-STM32/bin/../lib/gcc/arm-none-eabi/12.3.1/../../../../arm-none-eabi/lib/thumb/v7e-m/nofp\libg.a(libc_a-__atexit.o)
 .ARM.attributes
                0x0000075b       0x1e C:/MyProgramFiles/Engineering/Embedded/STM32CubeCLT-1.16.0/STM32CubeCLT_1.16.0/GNU-tools-for-STM32/bin/../lib/gcc/arm-none-eabi/12.3.1/thumb/v7e-m/nofp/crtn.o
OUTPUT(STM32CANTest.elf elf32-littlearm)
LOAD linker stubs
LOAD C:/MyProgramFiles/Engineering/Embedded/STM32CubeCLT-1.16.0/STM32CubeCLT_1.16.0/GNU-tools-for-STM32/bin/../lib/gcc/arm-none-eabi/12.3.1/../../../../arm-none-eabi/lib/thumb/v7e-m/nofp\libc.a
LOAD C:/MyProgramFiles/Engineering/Embedded/STM32CubeCLT-1.16.0/STM32CubeCLT_1.16.0/GNU-tools-for-STM32/bin/../lib/gcc/arm-none-eabi/12.3.1/../../../../arm-none-eabi/lib/thumb/v7e-m/nofp\libm.a
LOAD C:/MyProgramFiles/Engineering/Embedded/STM32CubeCLT-1.16.0/STM32CubeCLT_1.16.0/GNU-tools-for-STM32/bin/../lib/gcc/arm-none-eabi/12.3.1/thumb/v7e-m/nofp\libgcc.a

.debug_info     0x00000000     0xc1da
 .debug_info    0x00000000      0x436 CMakeFiles/STM32CANTest.elf.dir/Core/Src/M3508_Motor.cpp.obj
 .debug_info    0x00000436      0xc74 CMakeFiles/STM32CANTest.elf.dir/Core/Src/can.c.obj
 .debug_info    0x000010aa      0xaf6 CMakeFiles/STM32CANTest.elf.dir/Core/Src/can_task.cpp.obj
 .debug_info    0x00001ba0      0x298 CMakeFiles/STM32CANTest.elf.dir/Core/Src/gpio.c.obj
 .debug_info    0x00001e38      0x58c CMakeFiles/STM32CANTest.elf.dir/Core/Src/main.c.obj
 .debug_info    0x000023c4      0x120 CMakeFiles/STM32CANTest.elf.dir/Core/Src/startup.cpp.obj
 .debug_info    0x000024e4      0x27d CMakeFiles/STM32CANTest.elf.dir/Core/Src/stm32f4xx_hal_msp.c.obj
 .debug_info    0x00002761      0x577 CMakeFiles/STM32CANTest.elf.dir/Core/Src/stm32f4xx_it.c.obj
 .debug_info    0x00002cd8      0x783 CMakeFiles/STM32CANTest.elf.dir/Core/Src/syscalls.c.obj
 .debug_info    0x0000345b      0x34c CMakeFiles/STM32CANTest.elf.dir/Core/Src/system_stm32f4xx.c.obj
 .debug_info    0x000037a7       0x30 CMakeFiles/STM32CANTest.elf.dir/Core/Startup/startup_stm32f427iihx.s.obj
 .debug_info    0x000037d7      0xa50 CMakeFiles/STM32CANTest.elf.dir/Drivers/STM32F4xx_HAL_Driver/Src/stm32f4xx_hal.c.obj
 .debug_info    0x00004227     0x11a6 CMakeFiles/STM32CANTest.elf.dir/Drivers/STM32F4xx_HAL_Driver/Src/stm32f4xx_hal_can.c.obj
 .debug_info    0x000053cd      0xfa7 CMakeFiles/STM32CANTest.elf.dir/Drivers/STM32F4xx_HAL_Driver/Src/stm32f4xx_hal_cortex.c.obj
 .debug_info    0x00006374      0x71c CMakeFiles/STM32CANTest.elf.dir/Drivers/STM32F4xx_HAL_Driver/Src/stm32f4xx_hal_gpio.c.obj
 .debug_info    0x00006a90      0x78a CMakeFiles/STM32CANTest.elf.dir/Drivers/STM32F4xx_HAL_Driver/Src/stm32f4xx_hal_pwr_ex.c.obj
 .debug_info    0x0000721a      0xa87 CMakeFiles/STM32CANTest.elf.dir/Drivers/STM32F4xx_HAL_Driver/Src/stm32f4xx_hal_rcc.c.obj
 .debug_info    0x00007ca1       0xd8 C:/MyProgramFiles/Engineering/Embedded/STM32CubeCLT-1.16.0/STM32CubeCLT_1.16.0/GNU-tools-for-STM32/bin/../lib/gcc/arm-none-eabi/12.3.1/../../../../arm-none-eabi/lib/thumb/v7e-m/nofp\libg.a(libc_a-abort.o)
 .debug_info    0x00007d79      0xfc5 C:/MyProgramFiles/Engineering/Embedded/STM32CubeCLT-1.16.0/STM32CubeCLT_1.16.0/GNU-tools-for-STM32/bin/../lib/gcc/arm-none-eabi/12.3.1/../../../../arm-none-eabi/lib/thumb/v7e-m/nofp\libg.a(libc_a-findfp.o)
 .debug_info    0x00008d3e       0xe0 C:/MyProgramFiles/Engineering/Embedded/STM32CubeCLT-1.16.0/STM32CubeCLT_1.16.0/GNU-tools-for-STM32/bin/../lib/gcc/arm-none-eabi/12.3.1/../../../../arm-none-eabi/lib/thumb/v7e-m/nofp\libg.a(libc_a-memset.o)
 .debug_info    0x00008e1e      0xa0d C:/MyProgramFiles/Engineering/Embedded/STM32CubeCLT-1.16.0/STM32CubeCLT_1.16.0/GNU-tools-for-STM32/bin/../lib/gcc/arm-none-eabi/12.3.1/../../../../arm-none-eabi/lib/thumb/v7e-m/nofp\libg.a(libc_a-signal.o)
 .debug_info    0x0000982b      0x7e7 C:/MyProgramFiles/Engineering/Embedded/STM32CubeCLT-1.16.0/STM32CubeCLT_1.16.0/GNU-tools-for-STM32/bin/../lib/gcc/arm-none-eabi/12.3.1/../../../../arm-none-eabi/lib/thumb/v7e-m/nofp\libg.a(libc_a-reent.o)
 .debug_info    0x0000a012      0x733 C:/MyProgramFiles/Engineering/Embedded/STM32CubeCLT-1.16.0/STM32CubeCLT_1.16.0/GNU-tools-for-STM32/bin/../lib/gcc/arm-none-eabi/12.3.1/../../../../arm-none-eabi/lib/thumb/v7e-m/nofp\libg.a(libc_a-impure.o)
 .debug_info    0x0000a745      0x7fb C:/MyProgramFiles/Engineering/Embedded/STM32CubeCLT-1.16.0/STM32CubeCLT_1.16.0/GNU-tools-for-STM32/bin/../lib/gcc/arm-none-eabi/12.3.1/../../../../arm-none-eabi/lib/thumb/v7e-m/nofp\libg.a(libc_a-signalr.o)
 .debug_info    0x0000af40      0x719 C:/MyProgramFiles/Engineering/Embedded/STM32CubeCLT-1.16.0/STM32CubeCLT_1.16.0/GNU-tools-for-STM32/bin/../lib/gcc/arm-none-eabi/12.3.1/../../../../arm-none-eabi/lib/thumb/v7e-m/nofp\libg.a(libc_a-errno.o)
 .debug_info    0x0000b659      0x10b C:/MyProgramFiles/Engineering/Embedded/STM32CubeCLT-1.16.0/STM32CubeCLT_1.16.0/GNU-tools-for-STM32/bin/../lib/gcc/arm-none-eabi/12.3.1/../../../../arm-none-eabi/lib/thumb/v7e-m/nofp\libg.a(libc_a-init.o)
 .debug_info    0x0000b764      0x20a C:/MyProgramFiles/Engineering/Embedded/STM32CubeCLT-1.16.0/STM32CubeCLT_1.16.0/GNU-tools-for-STM32/bin/../lib/gcc/arm-none-eabi/12.3.1/../../../../arm-none-eabi/lib/thumb/v7e-m/nofp\libg.a(libc_a-lock.o)
 .debug_info    0x0000b96e      0x121 C:/MyProgramFiles/Engineering/Embedded/STM32CubeCLT-1.16.0/STM32CubeCLT_1.16.0/GNU-tools-for-STM32/bin/../lib/gcc/arm-none-eabi/12.3.1/../../../../arm-none-eabi/lib/thumb/v7e-m/nofp\libg.a(libc_a-memcpy-stub.o)
 .debug_info    0x0000ba8f      0x2dd C:/MyProgramFiles/Engineering/Embedded/STM32CubeCLT-1.16.0/STM32CubeCLT_1.16.0/GNU-tools-for-STM32/bin/../lib/gcc/arm-none-eabi/12.3.1/../../../../arm-none-eabi/lib/thumb/v7e-m/nofp\libg.a(libc_a-__call_atexit.o)
 .debug_info    0x0000bd6c      0x118 C:/MyProgramFiles/Engineering/Embedded/STM32CubeCLT-1.16.0/STM32CubeCLT_1.16.0/GNU-tools-for-STM32/bin/../lib/gcc/arm-none-eabi/12.3.1/../../../../arm-none-eabi/lib/thumb/v7e-m/nofp\libg.a(libc_a-atexit.o)
 .debug_info    0x0000be84       0xf7 C:/MyProgramFiles/Engineering/Embedded/STM32CubeCLT-1.16.0/STM32CubeCLT_1.16.0/GNU-tools-for-STM32/bin/../lib/gcc/arm-none-eabi/12.3.1/../../../../arm-none-eabi/lib/thumb/v7e-m/nofp\libg.a(libc_a-fini.o)
 .debug_info    0x0000bf7b      0x25f C:/MyProgramFiles/Engineering/Embedded/STM32CubeCLT-1.16.0/STM32CubeCLT_1.16.0/GNU-tools-for-STM32/bin/../lib/gcc/arm-none-eabi/12.3.1/../../../../arm-none-eabi/lib/thumb/v7e-m/nofp\libg.a(libc_a-__atexit.o)

.debug_abbrev   0x00000000     0x364b
 .debug_abbrev  0x00000000      0x1ba CMakeFiles/STM32CANTest.elf.dir/Core/Src/M3508_Motor.cpp.obj
 .debug_abbrev  0x000001ba      0x24e CMakeFiles/STM32CANTest.elf.dir/Core/Src/can.c.obj
 .debug_abbrev  0x00000408      0x2e7 CMakeFiles/STM32CANTest.elf.dir/Core/Src/can_task.cpp.obj
 .debug_abbrev  0x000006ef       0xd6 CMakeFiles/STM32CANTest.elf.dir/Core/Src/gpio.c.obj
 .debug_abbrev  0x000007c5      0x1e8 CMakeFiles/STM32CANTest.elf.dir/Core/Src/main.c.obj
 .debug_abbrev  0x000009ad       0xbf CMakeFiles/STM32CANTest.elf.dir/Core/Src/startup.cpp.obj
 .debug_abbrev  0x00000a6c       0xd6 CMakeFiles/STM32CANTest.elf.dir/Core/Src/stm32f4xx_hal_msp.c.obj
 .debug_abbrev  0x00000b42      0x1ab CMakeFiles/STM32CANTest.elf.dir/Core/Src/stm32f4xx_it.c.obj
 .debug_abbrev  0x00000ced      0x1c1 CMakeFiles/STM32CANTest.elf.dir/Core/Src/syscalls.c.obj
 .debug_abbrev  0x00000eae      0x120 CMakeFiles/STM32CANTest.elf.dir/Core/Src/system_stm32f4xx.c.obj
 .debug_abbrev  0x00000fce       0x24 CMakeFiles/STM32CANTest.elf.dir/Core/Startup/startup_stm32f427iihx.s.obj
 .debug_abbrev  0x00000ff2      0x23f CMakeFiles/STM32CANTest.elf.dir/Drivers/STM32F4xx_HAL_Driver/Src/stm32f4xx_hal.c.obj
 .debug_abbrev  0x00001231      0x26c CMakeFiles/STM32CANTest.elf.dir/Drivers/STM32F4xx_HAL_Driver/Src/stm32f4xx_hal_can.c.obj
 .debug_abbrev  0x0000149d      0x39b CMakeFiles/STM32CANTest.elf.dir/Drivers/STM32F4xx_HAL_Driver/Src/stm32f4xx_hal_cortex.c.obj
 .debug_abbrev  0x00001838      0x202 CMakeFiles/STM32CANTest.elf.dir/Drivers/STM32F4xx_HAL_Driver/Src/stm32f4xx_hal_gpio.c.obj
 .debug_abbrev  0x00001a3a      0x1e6 CMakeFiles/STM32CANTest.elf.dir/Drivers/STM32F4xx_HAL_Driver/Src/stm32f4xx_hal_pwr_ex.c.obj
 .debug_abbrev  0x00001c20      0x2c6 CMakeFiles/STM32CANTest.elf.dir/Drivers/STM32F4xx_HAL_Driver/Src/stm32f4xx_hal_rcc.c.obj
 .debug_abbrev  0x00001ee6       0x99 C:/MyProgramFiles/Engineering/Embedded/STM32CubeCLT-1.16.0/STM32CubeCLT_1.16.0/GNU-tools-for-STM32/bin/../lib/gcc/arm-none-eabi/12.3.1/../../../../arm-none-eabi/lib/thumb/v7e-m/nofp\libg.a(libc_a-abort.o)
 .debug_abbrev  0x00001f7f      0x462 C:/MyProgramFiles/Engineering/Embedded/STM32CubeCLT-1.16.0/STM32CubeCLT_1.16.0/GNU-tools-for-STM32/bin/../lib/gcc/arm-none-eabi/12.3.1/../../../../arm-none-eabi/lib/thumb/v7e-m/nofp\libg.a(libc_a-findfp.o)
 .debug_abbrev  0x000023e1       0x9e C:/MyProgramFiles/Engineering/Embedded/STM32CubeCLT-1.16.0/STM32CubeCLT_1.16.0/GNU-tools-for-STM32/bin/../lib/gcc/arm-none-eabi/12.3.1/../../../../arm-none-eabi/lib/thumb/v7e-m/nofp\libg.a(libc_a-memset.o)
 .debug_abbrev  0x0000247f      0x28a C:/MyProgramFiles/Engineering/Embedded/STM32CubeCLT-1.16.0/STM32CubeCLT_1.16.0/GNU-tools-for-STM32/bin/../lib/gcc/arm-none-eabi/12.3.1/../../../../arm-none-eabi/lib/thumb/v7e-m/nofp\libg.a(libc_a-signal.o)
 .debug_abbrev  0x00002709      0x229 C:/MyProgramFiles/Engineering/Embedded/STM32CubeCLT-1.16.0/STM32CubeCLT_1.16.0/GNU-tools-for-STM32/bin/../lib/gcc/arm-none-eabi/12.3.1/../../../../arm-none-eabi/lib/thumb/v7e-m/nofp\libg.a(libc_a-reent.o)
 .debug_abbrev  0x00002932      0x185 C:/MyProgramFiles/Engineering/Embedded/STM32CubeCLT-1.16.0/STM32CubeCLT_1.16.0/GNU-tools-for-STM32/bin/../lib/gcc/arm-none-eabi/12.3.1/../../../../arm-none-eabi/lib/thumb/v7e-m/nofp\libg.a(libc_a-impure.o)
 .debug_abbrev  0x00002ab7      0x239 C:/MyProgramFiles/Engineering/Embedded/STM32CubeCLT-1.16.0/STM32CubeCLT_1.16.0/GNU-tools-for-STM32/bin/../lib/gcc/arm-none-eabi/12.3.1/../../../../arm-none-eabi/lib/thumb/v7e-m/nofp\libg.a(libc_a-signalr.o)
 .debug_abbrev  0x00002cf0      0x19a C:/MyProgramFiles/Engineering/Embedded/STM32CubeCLT-1.16.0/STM32CubeCLT_1.16.0/GNU-tools-for-STM32/bin/../lib/gcc/arm-none-eabi/12.3.1/../../../../arm-none-eabi/lib/thumb/v7e-m/nofp\libg.a(libc_a-errno.o)
 .debug_abbrev  0x00002e8a       0xc9 C:/MyProgramFiles/Engineering/Embedded/STM32CubeCLT-1.16.0/STM32CubeCLT_1.16.0/GNU-tools-for-STM32/bin/../lib/gcc/arm-none-eabi/12.3.1/../../../../arm-none-eabi/lib/thumb/v7e-m/nofp\libg.a(libc_a-init.o)
 .debug_abbrev  0x00002f53      0x115 C:/MyProgramFiles/Engineering/Embedded/STM32CubeCLT-1.16.0/STM32CubeCLT_1.16.0/GNU-tools-for-STM32/bin/../lib/gcc/arm-none-eabi/12.3.1/../../../../arm-none-eabi/lib/thumb/v7e-m/nofp\libg.a(libc_a-lock.o)
 .debug_abbrev  0x00003068       0xc1 C:/MyProgramFiles/Engineering/Embedded/STM32CubeCLT-1.16.0/STM32CubeCLT_1.16.0/GNU-tools-for-STM32/bin/../lib/gcc/arm-none-eabi/12.3.1/../../../../arm-none-eabi/lib/thumb/v7e-m/nofp\libg.a(libc_a-memcpy-stub.o)
 .debug_abbrev  0x00003129      0x20c C:/MyProgramFiles/Engineering/Embedded/STM32CubeCLT-1.16.0/STM32CubeCLT_1.16.0/GNU-tools-for-STM32/bin/../lib/gcc/arm-none-eabi/12.3.1/../../../../arm-none-eabi/lib/thumb/v7e-m/nofp\libg.a(libc_a-__call_atexit.o)
 .debug_abbrev  0x00003335       0xc1 C:/MyProgramFiles/Engineering/Embedded/STM32CubeCLT-1.16.0/STM32CubeCLT_1.16.0/GNU-tools-for-STM32/bin/../lib/gcc/arm-none-eabi/12.3.1/../../../../arm-none-eabi/lib/thumb/v7e-m/nofp\libg.a(libc_a-atexit.o)
 .debug_abbrev  0x000033f6       0xcc C:/MyProgramFiles/Engineering/Embedded/STM32CubeCLT-1.16.0/STM32CubeCLT_1.16.0/GNU-tools-for-STM32/bin/../lib/gcc/arm-none-eabi/12.3.1/../../../../arm-none-eabi/lib/thumb/v7e-m/nofp\libg.a(libc_a-fini.o)
 .debug_abbrev  0x000034c2      0x189 C:/MyProgramFiles/Engineering/Embedded/STM32CubeCLT-1.16.0/STM32CubeCLT_1.16.0/GNU-tools-for-STM32/bin/../lib/gcc/arm-none-eabi/12.3.1/../../../../arm-none-eabi/lib/thumb/v7e-m/nofp\libg.a(libc_a-__atexit.o)

.debug_loclists
                0x00000000     0x23f3
 .debug_loclists
                0x00000000      0x149 CMakeFiles/STM32CANTest.elf.dir/Core/Src/M3508_Motor.cpp.obj
 .debug_loclists
                0x00000149       0x5d CMakeFiles/STM32CANTest.elf.dir/Core/Src/can.c.obj
 .debug_loclists
                0x000001a6       0xac CMakeFiles/STM32CANTest.elf.dir/Core/Src/can_task.cpp.obj
 .debug_loclists
                0x00000252      0x25b CMakeFiles/STM32CANTest.elf.dir/Core/Src/syscalls.c.obj
 .debug_loclists
                0x000004ad       0xdb CMakeFiles/STM32CANTest.elf.dir/Core/Src/system_stm32f4xx.c.obj
 .debug_loclists
                0x00000588       0xc9 CMakeFiles/STM32CANTest.elf.dir/Drivers/STM32F4xx_HAL_Driver/Src/stm32f4xx_hal.c.obj
 .debug_loclists
                0x00000651      0x85c CMakeFiles/STM32CANTest.elf.dir/Drivers/STM32F4xx_HAL_Driver/Src/stm32f4xx_hal_can.c.obj
 .debug_loclists
                0x00000ead      0x439 CMakeFiles/STM32CANTest.elf.dir/Drivers/STM32F4xx_HAL_Driver/Src/stm32f4xx_hal_cortex.c.obj
 .debug_loclists
                0x000012e6      0x356 CMakeFiles/STM32CANTest.elf.dir/Drivers/STM32F4xx_HAL_Driver/Src/stm32f4xx_hal_gpio.c.obj
 .debug_loclists
                0x0000163c      0x14e CMakeFiles/STM32CANTest.elf.dir/Drivers/STM32F4xx_HAL_Driver/Src/stm32f4xx_hal_pwr_ex.c.obj
 .debug_loclists
                0x0000178a      0x3a9 CMakeFiles/STM32CANTest.elf.dir/Drivers/STM32F4xx_HAL_Driver/Src/stm32f4xx_hal_rcc.c.obj
 .debug_loclists
                0x00001b33      0x252 C:/MyProgramFiles/Engineering/Embedded/STM32CubeCLT-1.16.0/STM32CubeCLT_1.16.0/GNU-tools-for-STM32/bin/../lib/gcc/arm-none-eabi/12.3.1/../../../../arm-none-eabi/lib/thumb/v7e-m/nofp\libg.a(libc_a-findfp.o)
 .debug_loclists
                0x00001d85       0x47 C:/MyProgramFiles/Engineering/Embedded/STM32CubeCLT-1.16.0/STM32CubeCLT_1.16.0/GNU-tools-for-STM32/bin/../lib/gcc/arm-none-eabi/12.3.1/../../../../arm-none-eabi/lib/thumb/v7e-m/nofp\libg.a(libc_a-memset.o)
 .debug_loclists
                0x00001dcc      0x281 C:/MyProgramFiles/Engineering/Embedded/STM32CubeCLT-1.16.0/STM32CubeCLT_1.16.0/GNU-tools-for-STM32/bin/../lib/gcc/arm-none-eabi/12.3.1/../../../../arm-none-eabi/lib/thumb/v7e-m/nofp\libg.a(libc_a-signal.o)
 .debug_loclists
                0x0000204d       0x68 C:/MyProgramFiles/Engineering/Embedded/STM32CubeCLT-1.16.0/STM32CubeCLT_1.16.0/GNU-tools-for-STM32/bin/../lib/gcc/arm-none-eabi/12.3.1/../../../../arm-none-eabi/lib/thumb/v7e-m/nofp\libg.a(libc_a-reent.o)
 .debug_loclists
                0x000020b5       0x81 C:/MyProgramFiles/Engineering/Embedded/STM32CubeCLT-1.16.0/STM32CubeCLT_1.16.0/GNU-tools-for-STM32/bin/../lib/gcc/arm-none-eabi/12.3.1/../../../../arm-none-eabi/lib/thumb/v7e-m/nofp\libg.a(libc_a-signalr.o)
 .debug_loclists
                0x00002136       0x44 C:/MyProgramFiles/Engineering/Embedded/STM32CubeCLT-1.16.0/STM32CubeCLT_1.16.0/GNU-tools-for-STM32/bin/../lib/gcc/arm-none-eabi/12.3.1/../../../../arm-none-eabi/lib/thumb/v7e-m/nofp\libg.a(libc_a-init.o)
 .debug_loclists
                0x0000217a       0x23 C:/MyProgramFiles/Engineering/Embedded/STM32CubeCLT-1.16.0/STM32CubeCLT_1.16.0/GNU-tools-for-STM32/bin/../lib/gcc/arm-none-eabi/12.3.1/../../../../arm-none-eabi/lib/thumb/v7e-m/nofp\libg.a(libc_a-lock.o)
 .debug_loclists
                0x0000219d       0x8f C:/MyProgramFiles/Engineering/Embedded/STM32CubeCLT-1.16.0/STM32CubeCLT_1.16.0/GNU-tools-for-STM32/bin/../lib/gcc/arm-none-eabi/12.3.1/../../../../arm-none-eabi/lib/thumb/v7e-m/nofp\libg.a(libc_a-memcpy-stub.o)
 .debug_loclists
                0x0000222c       0xd4 C:/MyProgramFiles/Engineering/Embedded/STM32CubeCLT-1.16.0/STM32CubeCLT_1.16.0/GNU-tools-for-STM32/bin/../lib/gcc/arm-none-eabi/12.3.1/../../../../arm-none-eabi/lib/thumb/v7e-m/nofp\libg.a(libc_a-__call_atexit.o)
 .debug_loclists
                0x00002300       0x2a C:/MyProgramFiles/Engineering/Embedded/STM32CubeCLT-1.16.0/STM32CubeCLT_1.16.0/GNU-tools-for-STM32/bin/../lib/gcc/arm-none-eabi/12.3.1/../../../../arm-none-eabi/lib/thumb/v7e-m/nofp\libg.a(libc_a-atexit.o)
 .debug_loclists
                0x0000232a       0x3b C:/MyProgramFiles/Engineering/Embedded/STM32CubeCLT-1.16.0/STM32CubeCLT_1.16.0/GNU-tools-for-STM32/bin/../lib/gcc/arm-none-eabi/12.3.1/../../../../arm-none-eabi/lib/thumb/v7e-m/nofp\libg.a(libc_a-fini.o)
 .debug_loclists
                0x00002365       0x8e C:/MyProgramFiles/Engineering/Embedded/STM32CubeCLT-1.16.0/STM32CubeCLT_1.16.0/GNU-tools-for-STM32/bin/../lib/gcc/arm-none-eabi/12.3.1/../../../../arm-none-eabi/lib/thumb/v7e-m/nofp\libg.a(libc_a-__atexit.o)

.debug_aranges  0x00000000      0x9c0
 .debug_aranges
                0x00000000       0x38 CMakeFiles/STM32CANTest.elf.dir/Core/Src/M3508_Motor.cpp.obj
 .debug_aranges
                0x00000038       0x30 CMakeFiles/STM32CANTest.elf.dir/Core/Src/can.c.obj
 .debug_aranges
                0x00000068       0x40 CMakeFiles/STM32CANTest.elf.dir/Core/Src/can_task.cpp.obj
 .debug_aranges
                0x000000a8       0x20 CMakeFiles/STM32CANTest.elf.dir/Core/Src/gpio.c.obj
 .debug_aranges
                0x000000c8       0x30 CMakeFiles/STM32CANTest.elf.dir/Core/Src/main.c.obj
 .debug_aranges
                0x000000f8       0x20 CMakeFiles/STM32CANTest.elf.dir/Core/Src/startup.cpp.obj
 .debug_aranges
                0x00000118       0x20 CMakeFiles/STM32CANTest.elf.dir/Core/Src/stm32f4xx_hal_msp.c.obj
 .debug_aranges
                0x00000138       0x80 CMakeFiles/STM32CANTest.elf.dir/Core/Src/stm32f4xx_it.c.obj
 .debug_aranges
                0x000001b8       0xa8 CMakeFiles/STM32CANTest.elf.dir/Core/Src/syscalls.c.obj
 .debug_aranges
                0x00000260       0x28 CMakeFiles/STM32CANTest.elf.dir/Core/Src/system_stm32f4xx.c.obj
 .debug_aranges
                0x00000288       0x28 CMakeFiles/STM32CANTest.elf.dir/Core/Startup/startup_stm32f427iihx.s.obj
 .debug_aranges
                0x000002b0      0x100 CMakeFiles/STM32CANTest.elf.dir/Drivers/STM32F4xx_HAL_Driver/Src/stm32f4xx_hal.c.obj
 .debug_aranges
                0x000003b0      0x138 CMakeFiles/STM32CANTest.elf.dir/Drivers/STM32F4xx_HAL_Driver/Src/stm32f4xx_hal_can.c.obj
 .debug_aranges
                0x000004e8       0xd8 CMakeFiles/STM32CANTest.elf.dir/Drivers/STM32F4xx_HAL_Driver/Src/stm32f4xx_hal_cortex.c.obj
 .debug_aranges
                0x000005c0       0x58 CMakeFiles/STM32CANTest.elf.dir/Drivers/STM32F4xx_HAL_Driver/Src/stm32f4xx_hal_gpio.c.obj
 .debug_aranges
                0x00000618       0x60 CMakeFiles/STM32CANTest.elf.dir/Drivers/STM32F4xx_HAL_Driver/Src/stm32f4xx_hal_pwr_ex.c.obj
 .debug_aranges
                0x00000678       0x88 CMakeFiles/STM32CANTest.elf.dir/Drivers/STM32F4xx_HAL_Driver/Src/stm32f4xx_hal_rcc.c.obj
 .debug_aranges
                0x00000700       0x20 C:/MyProgramFiles/Engineering/Embedded/STM32CubeCLT-1.16.0/STM32CubeCLT_1.16.0/GNU-tools-for-STM32/bin/../lib/gcc/arm-none-eabi/12.3.1/../../../../arm-none-eabi/lib/thumb/v7e-m/nofp\libg.a(libc_a-abort.o)
 .debug_aranges
                0x00000720       0x78 C:/MyProgramFiles/Engineering/Embedded/STM32CubeCLT-1.16.0/STM32CubeCLT_1.16.0/GNU-tools-for-STM32/bin/../lib/gcc/arm-none-eabi/12.3.1/../../../../arm-none-eabi/lib/thumb/v7e-m/nofp\libg.a(libc_a-findfp.o)
 .debug_aranges
                0x00000798       0x20 C:/MyProgramFiles/Engineering/Embedded/STM32CubeCLT-1.16.0/STM32CubeCLT_1.16.0/GNU-tools-for-STM32/bin/../lib/gcc/arm-none-eabi/12.3.1/../../../../arm-none-eabi/lib/thumb/v7e-m/nofp\libg.a(libc_a-memset.o)
 .debug_aranges
                0x000007b8       0x58 C:/MyProgramFiles/Engineering/Embedded/STM32CubeCLT-1.16.0/STM32CubeCLT_1.16.0/GNU-tools-for-STM32/bin/../lib/gcc/arm-none-eabi/12.3.1/../../../../arm-none-eabi/lib/thumb/v7e-m/nofp\libg.a(libc_a-signal.o)
 .debug_aranges
                0x00000810       0x20 C:/MyProgramFiles/Engineering/Embedded/STM32CubeCLT-1.16.0/STM32CubeCLT_1.16.0/GNU-tools-for-STM32/bin/../lib/gcc/arm-none-eabi/12.3.1/../../../../arm-none-eabi/lib/thumb/v7e-m/nofp\libg.a(libc_a-reent.o)
 .debug_aranges
                0x00000830       0x18 C:/MyProgramFiles/Engineering/Embedded/STM32CubeCLT-1.16.0/STM32CubeCLT_1.16.0/GNU-tools-for-STM32/bin/../lib/gcc/arm-none-eabi/12.3.1/../../../../arm-none-eabi/lib/thumb/v7e-m/nofp\libg.a(libc_a-impure.o)
 .debug_aranges
                0x00000848       0x28 C:/MyProgramFiles/Engineering/Embedded/STM32CubeCLT-1.16.0/STM32CubeCLT_1.16.0/GNU-tools-for-STM32/bin/../lib/gcc/arm-none-eabi/12.3.1/../../../../arm-none-eabi/lib/thumb/v7e-m/nofp\libg.a(libc_a-signalr.o)
 .debug_aranges
                0x00000870       0x20 C:/MyProgramFiles/Engineering/Embedded/STM32CubeCLT-1.16.0/STM32CubeCLT_1.16.0/GNU-tools-for-STM32/bin/../lib/gcc/arm-none-eabi/12.3.1/../../../../arm-none-eabi/lib/thumb/v7e-m/nofp\libg.a(libc_a-errno.o)
 .debug_aranges
                0x00000890       0x20 C:/MyProgramFiles/Engineering/Embedded/STM32CubeCLT-1.16.0/STM32CubeCLT_1.16.0/GNU-tools-for-STM32/bin/../lib/gcc/arm-none-eabi/12.3.1/../../../../arm-none-eabi/lib/thumb/v7e-m/nofp\libg.a(libc_a-init.o)
 .debug_aranges
                0x000008b0       0x68 C:/MyProgramFiles/Engineering/Embedded/STM32CubeCLT-1.16.0/STM32CubeCLT_1.16.0/GNU-tools-for-STM32/bin/../lib/gcc/arm-none-eabi/12.3.1/../../../../arm-none-eabi/lib/thumb/v7e-m/nofp\libg.a(libc_a-lock.o)
 .debug_aranges
                0x00000918       0x20 C:/MyProgramFiles/Engineering/Embedded/STM32CubeCLT-1.16.0/STM32CubeCLT_1.16.0/GNU-tools-for-STM32/bin/../lib/gcc/arm-none-eabi/12.3.1/../../../../arm-none-eabi/lib/thumb/v7e-m/nofp\libg.a(libc_a-memcpy-stub.o)
 .debug_aranges
                0x00000938       0x28 C:/MyProgramFiles/Engineering/Embedded/STM32CubeCLT-1.16.0/STM32CubeCLT_1.16.0/GNU-tools-for-STM32/bin/../lib/gcc/arm-none-eabi/12.3.1/../../../../arm-none-eabi/lib/thumb/v7e-m/nofp\libg.a(libc_a-__call_atexit.o)
 .debug_aranges
                0x00000960       0x20 C:/MyProgramFiles/Engineering/Embedded/STM32CubeCLT-1.16.0/STM32CubeCLT_1.16.0/GNU-tools-for-STM32/bin/../lib/gcc/arm-none-eabi/12.3.1/../../../../arm-none-eabi/lib/thumb/v7e-m/nofp\libg.a(libc_a-atexit.o)
 .debug_aranges
                0x00000980       0x20 C:/MyProgramFiles/Engineering/Embedded/STM32CubeCLT-1.16.0/STM32CubeCLT_1.16.0/GNU-tools-for-STM32/bin/../lib/gcc/arm-none-eabi/12.3.1/../../../../arm-none-eabi/lib/thumb/v7e-m/nofp\libg.a(libc_a-fini.o)
 .debug_aranges
                0x000009a0       0x20 C:/MyProgramFiles/Engineering/Embedded/STM32CubeCLT-1.16.0/STM32CubeCLT_1.16.0/GNU-tools-for-STM32/bin/../lib/gcc/arm-none-eabi/12.3.1/../../../../arm-none-eabi/lib/thumb/v7e-m/nofp\libg.a(libc_a-__atexit.o)

.debug_rnglists
                0x00000000      0x712
 .debug_rnglists
                0x00000000       0x26 CMakeFiles/STM32CANTest.elf.dir/Core/Src/M3508_Motor.cpp.obj
 .debug_rnglists
                0x00000026       0x20 CMakeFiles/STM32CANTest.elf.dir/Core/Src/can.c.obj
 .debug_rnglists
                0x00000046       0x2b CMakeFiles/STM32CANTest.elf.dir/Core/Src/can_task.cpp.obj
 .debug_rnglists
                0x00000071       0x13 CMakeFiles/STM32CANTest.elf.dir/Core/Src/gpio.c.obj
 .debug_rnglists
                0x00000084       0x20 CMakeFiles/STM32CANTest.elf.dir/Core/Src/main.c.obj
 .debug_rnglists
                0x000000a4       0x13 CMakeFiles/STM32CANTest.elf.dir/Core/Src/startup.cpp.obj
 .debug_rnglists
                0x000000b7       0x13 CMakeFiles/STM32CANTest.elf.dir/Core/Src/stm32f4xx_hal_msp.c.obj
 .debug_rnglists
                0x000000ca       0x5b CMakeFiles/STM32CANTest.elf.dir/Core/Src/stm32f4xx_it.c.obj
 .debug_rnglists
                0x00000125       0x79 CMakeFiles/STM32CANTest.elf.dir/Core/Src/syscalls.c.obj
 .debug_rnglists
                0x0000019e       0x1a CMakeFiles/STM32CANTest.elf.dir/Core/Src/system_stm32f4xx.c.obj
 .debug_rnglists
                0x000001b8       0x19 CMakeFiles/STM32CANTest.elf.dir/Core/Startup/startup_stm32f427iihx.s.obj
 .debug_rnglists
                0x000001d1       0xbb CMakeFiles/STM32CANTest.elf.dir/Drivers/STM32F4xx_HAL_Driver/Src/stm32f4xx_hal.c.obj
 .debug_rnglists
                0x0000028c       0xea CMakeFiles/STM32CANTest.elf.dir/Drivers/STM32F4xx_HAL_Driver/Src/stm32f4xx_hal_can.c.obj
 .debug_rnglists
                0x00000376       0x9d CMakeFiles/STM32CANTest.elf.dir/Drivers/STM32F4xx_HAL_Driver/Src/stm32f4xx_hal_cortex.c.obj
 .debug_rnglists
                0x00000413       0x3f CMakeFiles/STM32CANTest.elf.dir/Drivers/STM32F4xx_HAL_Driver/Src/stm32f4xx_hal_gpio.c.obj
 .debug_rnglists
                0x00000452       0x44 CMakeFiles/STM32CANTest.elf.dir/Drivers/STM32F4xx_HAL_Driver/Src/stm32f4xx_hal_pwr_ex.c.obj
 .debug_rnglists
                0x00000496       0x75 CMakeFiles/STM32CANTest.elf.dir/Drivers/STM32F4xx_HAL_Driver/Src/stm32f4xx_hal_rcc.c.obj
 .debug_rnglists
                0x0000050b       0x13 C:/MyProgramFiles/Engineering/Embedded/STM32CubeCLT-1.16.0/STM32CubeCLT_1.16.0/GNU-tools-for-STM32/bin/../lib/gcc/arm-none-eabi/12.3.1/../../../../arm-none-eabi/lib/thumb/v7e-m/nofp\libg.a(libc_a-abort.o)
 .debug_rnglists
                0x0000051e       0x7a C:/MyProgramFiles/Engineering/Embedded/STM32CubeCLT-1.16.0/STM32CubeCLT_1.16.0/GNU-tools-for-STM32/bin/../lib/gcc/arm-none-eabi/12.3.1/../../../../arm-none-eabi/lib/thumb/v7e-m/nofp\libg.a(libc_a-findfp.o)
 .debug_rnglists
                0x00000598       0x13 C:/MyProgramFiles/Engineering/Embedded/STM32CubeCLT-1.16.0/STM32CubeCLT_1.16.0/GNU-tools-for-STM32/bin/../lib/gcc/arm-none-eabi/12.3.1/../../../../arm-none-eabi/lib/thumb/v7e-m/nofp\libg.a(libc_a-memset.o)
 .debug_rnglists
                0x000005ab       0x3d C:/MyProgramFiles/Engineering/Embedded/STM32CubeCLT-1.16.0/STM32CubeCLT_1.16.0/GNU-tools-for-STM32/bin/../lib/gcc/arm-none-eabi/12.3.1/../../../../arm-none-eabi/lib/thumb/v7e-m/nofp\libg.a(libc_a-signal.o)
 .debug_rnglists
                0x000005e8       0x2b C:/MyProgramFiles/Engineering/Embedded/STM32CubeCLT-1.16.0/STM32CubeCLT_1.16.0/GNU-tools-for-STM32/bin/../lib/gcc/arm-none-eabi/12.3.1/../../../../arm-none-eabi/lib/thumb/v7e-m/nofp\libg.a(libc_a-reent.o)
 .debug_rnglists
                0x00000613       0x19 C:/MyProgramFiles/Engineering/Embedded/STM32CubeCLT-1.16.0/STM32CubeCLT_1.16.0/GNU-tools-for-STM32/bin/../lib/gcc/arm-none-eabi/12.3.1/../../../../arm-none-eabi/lib/thumb/v7e-m/nofp\libg.a(libc_a-signalr.o)
 .debug_rnglists
                0x0000062c       0x13 C:/MyProgramFiles/Engineering/Embedded/STM32CubeCLT-1.16.0/STM32CubeCLT_1.16.0/GNU-tools-for-STM32/bin/../lib/gcc/arm-none-eabi/12.3.1/../../../../arm-none-eabi/lib/thumb/v7e-m/nofp\libg.a(libc_a-errno.o)
 .debug_rnglists
                0x0000063f       0x13 C:/MyProgramFiles/Engineering/Embedded/STM32CubeCLT-1.16.0/STM32CubeCLT_1.16.0/GNU-tools-for-STM32/bin/../lib/gcc/arm-none-eabi/12.3.1/../../../../arm-none-eabi/lib/thumb/v7e-m/nofp\libg.a(libc_a-init.o)
 .debug_rnglists
                0x00000652       0x49 C:/MyProgramFiles/Engineering/Embedded/STM32CubeCLT-1.16.0/STM32CubeCLT_1.16.0/GNU-tools-for-STM32/bin/../lib/gcc/arm-none-eabi/12.3.1/../../../../arm-none-eabi/lib/thumb/v7e-m/nofp\libg.a(libc_a-lock.o)
 .debug_rnglists
                0x0000069b       0x13 C:/MyProgramFiles/Engineering/Embedded/STM32CubeCLT-1.16.0/STM32CubeCLT_1.16.0/GNU-tools-for-STM32/bin/../lib/gcc/arm-none-eabi/12.3.1/../../../../arm-none-eabi/lib/thumb/v7e-m/nofp\libg.a(libc_a-memcpy-stub.o)
 .debug_rnglists
                0x000006ae       0x2a C:/MyProgramFiles/Engineering/Embedded/STM32CubeCLT-1.16.0/STM32CubeCLT_1.16.0/GNU-tools-for-STM32/bin/../lib/gcc/arm-none-eabi/12.3.1/../../../../arm-none-eabi/lib/thumb/v7e-m/nofp\libg.a(libc_a-__call_atexit.o)
 .debug_rnglists
                0x000006d8       0x13 C:/MyProgramFiles/Engineering/Embedded/STM32CubeCLT-1.16.0/STM32CubeCLT_1.16.0/GNU-tools-for-STM32/bin/../lib/gcc/arm-none-eabi/12.3.1/../../../../arm-none-eabi/lib/thumb/v7e-m/nofp\libg.a(libc_a-atexit.o)
 .debug_rnglists
                0x000006eb       0x13 C:/MyProgramFiles/Engineering/Embedded/STM32CubeCLT-1.16.0/STM32CubeCLT_1.16.0/GNU-tools-for-STM32/bin/../lib/gcc/arm-none-eabi/12.3.1/../../../../arm-none-eabi/lib/thumb/v7e-m/nofp\libg.a(libc_a-fini.o)
 .debug_rnglists
                0x000006fe       0x14 C:/MyProgramFiles/Engineering/Embedded/STM32CubeCLT-1.16.0/STM32CubeCLT_1.16.0/GNU-tools-for-STM32/bin/../lib/gcc/arm-none-eabi/12.3.1/../../../../arm-none-eabi/lib/thumb/v7e-m/nofp\libg.a(libc_a-__atexit.o)

.debug_line     0x00000000     0x851c
 .debug_line    0x00000000      0x365 CMakeFiles/STM32CANTest.elf.dir/Core/Src/M3508_Motor.cpp.obj
 .debug_line    0x00000365      0x4a6 CMakeFiles/STM32CANTest.elf.dir/Core/Src/can.c.obj
 .debug_line    0x0000080b      0x462 CMakeFiles/STM32CANTest.elf.dir/Core/Src/can_task.cpp.obj
 .debug_line    0x00000c6d      0x285 CMakeFiles/STM32CANTest.elf.dir/Core/Src/gpio.c.obj
 .debug_line    0x00000ef2      0x51a CMakeFiles/STM32CANTest.elf.dir/Core/Src/main.c.obj
 .debug_line    0x0000140c      0x2cd CMakeFiles/STM32CANTest.elf.dir/Core/Src/startup.cpp.obj
 .debug_line    0x000016d9      0x28d CMakeFiles/STM32CANTest.elf.dir/Core/Src/stm32f4xx_hal_msp.c.obj
 .debug_line    0x00001966      0x466 CMakeFiles/STM32CANTest.elf.dir/Core/Src/stm32f4xx_it.c.obj
 .debug_line    0x00001dcc      0x4dd CMakeFiles/STM32CANTest.elf.dir/Core/Src/syscalls.c.obj
 .debug_line    0x000022a9      0x355 CMakeFiles/STM32CANTest.elf.dir/Core/Src/system_stm32f4xx.c.obj
 .debug_line    0x000025fe       0x7a CMakeFiles/STM32CANTest.elf.dir/Core/Startup/startup_stm32f427iihx.s.obj
 .debug_line    0x00002678      0x747 CMakeFiles/STM32CANTest.elf.dir/Drivers/STM32F4xx_HAL_Driver/Src/stm32f4xx_hal.c.obj
 .debug_line    0x00002dbf     0x12b4 CMakeFiles/STM32CANTest.elf.dir/Drivers/STM32F4xx_HAL_Driver/Src/stm32f4xx_hal_can.c.obj
 .debug_line    0x00004073      0x9ba CMakeFiles/STM32CANTest.elf.dir/Drivers/STM32F4xx_HAL_Driver/Src/stm32f4xx_hal_cortex.c.obj
 .debug_line    0x00004a2d      0x842 CMakeFiles/STM32CANTest.elf.dir/Drivers/STM32F4xx_HAL_Driver/Src/stm32f4xx_hal_gpio.c.obj
 .debug_line    0x0000526f      0x648 CMakeFiles/STM32CANTest.elf.dir/Drivers/STM32F4xx_HAL_Driver/Src/stm32f4xx_hal_pwr_ex.c.obj
 .debug_line    0x000058b7      0xc72 CMakeFiles/STM32CANTest.elf.dir/Drivers/STM32F4xx_HAL_Driver/Src/stm32f4xx_hal_rcc.c.obj
 .debug_line    0x00006529      0x167 C:/MyProgramFiles/Engineering/Embedded/STM32CubeCLT-1.16.0/STM32CubeCLT_1.16.0/GNU-tools-for-STM32/bin/../lib/gcc/arm-none-eabi/12.3.1/../../../../arm-none-eabi/lib/thumb/v7e-m/nofp\libg.a(libc_a-abort.o)
 .debug_line    0x00006690      0x596 C:/MyProgramFiles/Engineering/Embedded/STM32CubeCLT-1.16.0/STM32CubeCLT_1.16.0/GNU-tools-for-STM32/bin/../lib/gcc/arm-none-eabi/12.3.1/../../../../arm-none-eabi/lib/thumb/v7e-m/nofp\libg.a(libc_a-findfp.o)
 .debug_line    0x00006c26      0x17e C:/MyProgramFiles/Engineering/Embedded/STM32CubeCLT-1.16.0/STM32CubeCLT_1.16.0/GNU-tools-for-STM32/bin/../lib/gcc/arm-none-eabi/12.3.1/../../../../arm-none-eabi/lib/thumb/v7e-m/nofp\libg.a(libc_a-memset.o)
 .debug_line    0x00006da4      0x44b C:/MyProgramFiles/Engineering/Embedded/STM32CubeCLT-1.16.0/STM32CubeCLT_1.16.0/GNU-tools-for-STM32/bin/../lib/gcc/arm-none-eabi/12.3.1/../../../../arm-none-eabi/lib/thumb/v7e-m/nofp\libg.a(libc_a-signal.o)
 .debug_line    0x000071ef      0x263 C:/MyProgramFiles/Engineering/Embedded/STM32CubeCLT-1.16.0/STM32CubeCLT_1.16.0/GNU-tools-for-STM32/bin/../lib/gcc/arm-none-eabi/12.3.1/../../../../arm-none-eabi/lib/thumb/v7e-m/nofp\libg.a(libc_a-reent.o)
 .debug_line    0x00007452      0x163 C:/MyProgramFiles/Engineering/Embedded/STM32CubeCLT-1.16.0/STM32CubeCLT_1.16.0/GNU-tools-for-STM32/bin/../lib/gcc/arm-none-eabi/12.3.1/../../../../arm-none-eabi/lib/thumb/v7e-m/nofp\libg.a(libc_a-impure.o)
 .debug_line    0x000075b5      0x24c C:/MyProgramFiles/Engineering/Embedded/STM32CubeCLT-1.16.0/STM32CubeCLT_1.16.0/GNU-tools-for-STM32/bin/../lib/gcc/arm-none-eabi/12.3.1/../../../../arm-none-eabi/lib/thumb/v7e-m/nofp\libg.a(libc_a-signalr.o)
 .debug_line    0x00007801      0x185 C:/MyProgramFiles/Engineering/Embedded/STM32CubeCLT-1.16.0/STM32CubeCLT_1.16.0/GNU-tools-for-STM32/bin/../lib/gcc/arm-none-eabi/12.3.1/../../../../arm-none-eabi/lib/thumb/v7e-m/nofp\libg.a(libc_a-errno.o)
 .debug_line    0x00007986      0x188 C:/MyProgramFiles/Engineering/Embedded/STM32CubeCLT-1.16.0/STM32CubeCLT_1.16.0/GNU-tools-for-STM32/bin/../lib/gcc/arm-none-eabi/12.3.1/../../../../arm-none-eabi/lib/thumb/v7e-m/nofp\libg.a(libc_a-init.o)
 .debug_line    0x00007b0e      0x19b C:/MyProgramFiles/Engineering/Embedded/STM32CubeCLT-1.16.0/STM32CubeCLT_1.16.0/GNU-tools-for-STM32/bin/../lib/gcc/arm-none-eabi/12.3.1/../../../../arm-none-eabi/lib/thumb/v7e-m/nofp\libg.a(libc_a-lock.o)
 .debug_line    0x00007ca9      0x202 C:/MyProgramFiles/Engineering/Embedded/STM32CubeCLT-1.16.0/STM32CubeCLT_1.16.0/GNU-tools-for-STM32/bin/../lib/gcc/arm-none-eabi/12.3.1/../../../../arm-none-eabi/lib/thumb/v7e-m/nofp\libg.a(libc_a-memcpy-stub.o)
 .debug_line    0x00007eab      0x28a C:/MyProgramFiles/Engineering/Embedded/STM32CubeCLT-1.16.0/STM32CubeCLT_1.16.0/GNU-tools-for-STM32/bin/../lib/gcc/arm-none-eabi/12.3.1/../../../../arm-none-eabi/lib/thumb/v7e-m/nofp\libg.a(libc_a-__call_atexit.o)
 .debug_line    0x00008135      0x102 C:/MyProgramFiles/Engineering/Embedded/STM32CubeCLT-1.16.0/STM32CubeCLT_1.16.0/GNU-tools-for-STM32/bin/../lib/gcc/arm-none-eabi/12.3.1/../../../../arm-none-eabi/lib/thumb/v7e-m/nofp\libg.a(libc_a-atexit.o)
 .debug_line    0x00008237      0x140 C:/MyProgramFiles/Engineering/Embedded/STM32CubeCLT-1.16.0/STM32CubeCLT_1.16.0/GNU-tools-for-STM32/bin/../lib/gcc/arm-none-eabi/12.3.1/../../../../arm-none-eabi/lib/thumb/v7e-m/nofp\libg.a(libc_a-fini.o)
 .debug_line    0x00008377      0x1a5 C:/MyProgramFiles/Engineering/Embedded/STM32CubeCLT-1.16.0/STM32CubeCLT_1.16.0/GNU-tools-for-STM32/bin/../lib/gcc/arm-none-eabi/12.3.1/../../../../arm-none-eabi/lib/thumb/v7e-m/nofp\libg.a(libc_a-__atexit.o)

.debug_str      0x00000000     0x39b1
 .debug_str     0x00000000      0x3cc CMakeFiles/STM32CANTest.elf.dir/Core/Src/M3508_Motor.cpp.obj
                                0x422 (size before relaxing)
 .debug_str     0x000003cc      0xa5e CMakeFiles/STM32CANTest.elf.dir/Core/Src/can.c.obj
                                0xc31 (size before relaxing)
 .debug_str     0x00000e2a      0x415 CMakeFiles/STM32CANTest.elf.dir/Core/Src/can_task.cpp.obj
                                0xa6e (size before relaxing)
 .debug_str     0x0000123f       0x56 CMakeFiles/STM32CANTest.elf.dir/Core/Src/gpio.c.obj
                                0x322 (size before relaxing)
 .debug_str     0x00001295      0x1da CMakeFiles/STM32CANTest.elf.dir/Core/Src/main.c.obj
                                0x530 (size before relaxing)
 .debug_str     0x0000146f       0x58 CMakeFiles/STM32CANTest.elf.dir/Core/Src/startup.cpp.obj
                                0x267 (size before relaxing)
 .debug_str     0x000014c7       0x62 CMakeFiles/STM32CANTest.elf.dir/Core/Src/stm32f4xx_hal_msp.c.obj
                                0x32e (size before relaxing)
 .debug_str     0x00001529      0x14f CMakeFiles/STM32CANTest.elf.dir/Core/Src/stm32f4xx_it.c.obj
                                0x5a5 (size before relaxing)